../Source/stm32g0xx_it.c:32:6:NMI_Handler	8	static
../Source/stm32g0xx_it.c:39:6:HardFault_Handler	8	static
../Source/stm32g0xx_it.c:50:6:SVC_Handler	8	static
../Source/stm32g0xx_it.c:57:6:PendSV_Handler	8	static
../Source/stm32g0xx_it.c:64:6:SysTick_Handler	8	static
../Source/stm32g0xx_it.c:72:6:USART1_IRQHandler	8	static
../Source/stm32g0xx_it.c:76:6:USART2_IRQHandler	8	static
../Source/stm32g0xx_it.c:79:6:USART3_USART4_USART5_USART6_LPUART1_IRQHandler	8	static
../Source/stm32g0xx_it.c:83:6:LPUART1_IRQHandler	8	static
../Source/stm32g0xx_it.c:87:6:DMA1_Channel1_IRQHandler	8	static
../Source/stm32g0xx_it.c:89:6:DMA1_Channel2_3_IRQHandler	8	static
../Source/stm32g0xx_it.c:93:6:DMA1_Channel4_5_6_7_DMAMUX_DMA2_Channel1_2_3_4_5_IRQHandler	8	static
