../Drivers/CMSIS/Include/core_cm0plus.h:741:22:__NVIC_EnableIRQ	16	static,ignoring_inline_asm
../Drivers/CMSIS/Include/core_cm0plus.h:779:22:__NVIC_DisableIRQ	16	static,ignoring_inline_asm
../Drivers/CMSIS/Include/core_cm0plus.h:850:22:__NVIC_SetPriority	24	static
../Drivers/STM32G0xx_HAL_Driver/Inc/stm32g0xx_ll_dma.h:500:22:LL_DMA_EnableChannel	24	static
../Drivers/STM32G0xx_HAL_Driver/Inc/stm32g0xx_ll_dma.h:520:22:LL_DMA_DisableChannel	24	static
../Drivers/STM32G0xx_HAL_Driver/Inc/stm32g0xx_ll_dma.h:576:22:LL_DMA_ConfigTransfer	32	static
../Drivers/STM32G0xx_HAL_Driver/Inc/stm32g0xx_ll_dma.h:944:22:LL_DMA_SetDataLength	32	static
../Drivers/STM32G0xx_HAL_Driver/Inc/stm32g0xx_ll_dma.h:967:26:LL_DMA_GetDataLength	24	static
../Drivers/STM32G0xx_HAL_Driver/Inc/stm32g0xx_ll_dma.h:1032:22:LL_DMA_SetMemoryAddress	32	static
../Drivers/STM32G0xx_HAL_Driver/Inc/stm32g0xx_ll_dma.h:1055:22:LL_DMA_SetPeriphAddress	32	static
../Drivers/STM32G0xx_HAL_Driver/Inc/stm32g0xx_ll_dma.h:1270:22:LL_DMA_SetPeriphRequest	32	static
../Drivers/STM32G0xx_HAL_Driver/Inc/stm32g0xx_ll_dma.h:2065:22:LL_DMA_EnableIT_TC	24	static
../Drivers/STM32G0xx_HAL_Driver/Inc/stm32g0xx_ll_bus.h:250:22:LL_AHB1_GRP1_EnableClock	24	static
../Drivers/STM32G0xx_HAL_Driver/Inc/stm32g0xx_ll_bus.h:467:22:LL_APB1_GRP1_EnableClock	24	static
../Drivers/STM32G0xx_HAL_Driver/Inc/stm32g0xx_ll_bus.h:609:22:LL_APB1_GRP1_DisableClock	16	static
../Drivers/STM32G0xx_HAL_Driver/Inc/stm32g0xx_ll_bus.h:676:22:LL_APB1_GRP1_ForceReset	16	static
../Drivers/STM32G0xx_HAL_Driver/Inc/stm32g0xx_ll_bus.h:742:22:LL_APB1_GRP1_ReleaseReset	16	static
../Drivers/STM32G0xx_HAL_Driver/Inc/stm32g0xx_ll_bus.h:921:22:LL_APB2_GRP1_EnableClock	24	static
../Drivers/STM32G0xx_HAL_Driver/Inc/stm32g0xx_ll_bus.h:983:22:LL_APB2_GRP1_DisableClock	16	static
../Drivers/STM32G0xx_HAL_Driver/Inc/stm32g0xx_ll_bus.h:1013:22:LL_APB2_GRP1_ForceReset	16	static
../Drivers/STM32G0xx_HAL_Driver/Inc/stm32g0xx_ll_bus.h:1043:22:LL_APB2_GRP1_ReleaseReset	16	static
../Drivers/STM32G0xx_HAL_Driver/Inc/stm32g0xx_ll_bus.h:1135:22:LL_IOP_GRP1_EnableClock	24	static
../Drivers/STM32G0xx_HAL_Driver/Inc/stm32g0xx_ll_usart.h:628:22:LL_USART_Enable	16	static
../Drivers/STM32G0xx_HAL_Driver/Inc/stm32g0xx_ll_usart.h:642:22:LL_USART_Disable	16	static
../Drivers/STM32G0xx_HAL_Driver/Inc/stm32g0xx_ll_usart.h:903:22:LL_USART_SetTransferDirection	32	static,ignoring_inline_asm
../Drivers/STM32G0xx_HAL_Driver/Inc/stm32g0xx_ll_usart.h:938:22:LL_USART_SetParity	16	static
../Drivers/STM32G0xx_HAL_Driver/Inc/stm32g0xx_ll_usart.h:996:22:LL_USART_SetDataWidth	16	static
../Drivers/STM32G0xx_HAL_Driver/Inc/stm32g0xx_ll_usart.h:1299:22:LL_USART_SetStopBitsLength	16	static
../Drivers/STM32G0xx_HAL_Driver/Inc/stm32g0xx_ll_usart.h:1724:22:LL_USART_SetHWFlowCtrl	16	static
../Drivers/STM32G0xx_HAL_Driver/Inc/stm32g0xx_ll_usart.h:1875:22:LL_USART_SetBaudRate	32	static
../Drivers/STM32G0xx_HAL_Driver/Inc/stm32g0xx_ll_usart.h:2932:26:LL_USART_IsActiveFlag_PE	16	static
../Drivers/STM32G0xx_HAL_Driver/Inc/stm32g0xx_ll_usart.h:2943:26:LL_USART_IsActiveFlag_FE	16	static
../Drivers/STM32G0xx_HAL_Driver/Inc/stm32g0xx_ll_usart.h:2954:26:LL_USART_IsActiveFlag_NE	16	static
../Drivers/STM32G0xx_HAL_Driver/Inc/stm32g0xx_ll_usart.h:2965:26:LL_USART_IsActiveFlag_ORE	16	static
../Drivers/STM32G0xx_HAL_Driver/Inc/stm32g0xx_ll_usart.h:2976:26:LL_USART_IsActiveFlag_IDLE	16	static
../Drivers/STM32G0xx_HAL_Driver/Inc/stm32g0xx_ll_usart.h:2992:26:LL_USART_IsActiveFlag_RXNE_RXFNE	16	static
../Drivers/STM32G0xx_HAL_Driver/Inc/stm32g0xx_ll_usart.h:3019:26:LL_USART_IsActiveFlag_TXE_TXFNF	16	static
../Drivers/STM32G0xx_HAL_Driver/Inc/stm32g0xx_ll_usart.h:3189:26:LL_USART_IsActiveFlag_TEACK	16	static
../Drivers/STM32G0xx_HAL_Driver/Inc/stm32g0xx_ll_usart.h:3200:26:LL_USART_IsActiveFlag_REACK	16	static
../Drivers/STM32G0xx_HAL_Driver/Inc/stm32g0xx_ll_usart.h:3274:22:LL_USART_ClearFlag_PE	16	static
../Drivers/STM32G0xx_HAL_Driver/Inc/stm32g0xx_ll_usart.h:3285:22:LL_USART_ClearFlag_FE	16	static
../Drivers/STM32G0xx_HAL_Driver/Inc/stm32g0xx_ll_usart.h:3296:22:LL_USART_ClearFlag_NE	16	static
../Drivers/STM32G0xx_HAL_Driver/Inc/stm32g0xx_ll_usart.h:3307:22:LL_USART_ClearFlag_ORE	16	static
../Drivers/STM32G0xx_HAL_Driver/Inc/stm32g0xx_ll_usart.h:3318:22:LL_USART_ClearFlag_IDLE	16	static
../Drivers/STM32G0xx_HAL_Driver/Inc/stm32g0xx_ll_usart.h:3331:22:LL_USART_ClearFlag_TXFE	16	static
../Drivers/STM32G0xx_HAL_Driver/Inc/stm32g0xx_ll_usart.h:3459:22:LL_USART_EnableIT_IDLE	32	static,ignoring_inline_asm
../Drivers/STM32G0xx_HAL_Driver/Inc/stm32g0xx_ll_usart.h:3600:22:LL_USART_EnableIT_ERROR	32	static,ignoring_inline_asm
../Drivers/STM32G0xx_HAL_Driver/Inc/stm32g0xx_ll_usart.h:4118:22:LL_USART_EnableDMAReq_RX	32	static,ignoring_inline_asm
../Drivers/STM32G0xx_HAL_Driver/Inc/stm32g0xx_ll_usart.h:4151:22:LL_USART_EnableDMAReq_TX	32	static,ignoring_inline_asm
../Drivers/STM32G0xx_HAL_Driver/Inc/stm32g0xx_ll_usart.h:4253:25:LL_USART_ReceiveData8	16	static
../Drivers/STM32G0xx_HAL_Driver/Inc/stm32g0xx_ll_gpio.h:283:22:LL_GPIO_SetPinMode	24	static
../Drivers/STM32G0xx_HAL_Driver/Inc/stm32g0xx_ll_gpio.h:351:22:LL_GPIO_SetPinOutputType	24	static
../Drivers/STM32G0xx_HAL_Driver/Inc/stm32g0xx_ll_gpio.h:422:22:LL_GPIO_SetPinSpeed	24	static
../Drivers/STM32G0xx_HAL_Driver/Inc/stm32g0xx_ll_gpio.h:491:22:LL_GPIO_SetPinPull	24	static
../Drivers/STM32G0xx_HAL_Driver/Inc/stm32g0xx_ll_gpio.h:554:22:LL_GPIO_SetAFPin_0_7	24	static
../Drivers/STM32G0xx_HAL_Driver/Inc/stm32g0xx_ll_gpio.h:615:22:LL_GPIO_SetAFPin_8_15	24	static
../Drivers/STM32G0xx_HAL_Driver/Inc/stm32g0xx_ll_gpio.h:886:22:LL_GPIO_ResetOutputPin	16	static
../Source/peripherals_driver/uart.c:173:6:USART1_setup	24	static
../Source/peripherals_driver/uart.c:202:6:USART2_setup	24	static
../Source/peripherals_driver/uart.c:228:6:USART1_deinit	8	static
../Source/peripherals_driver/uart.c:239:6:USART2_deinit	8	static
../Source/peripherals_driver/uart.c:252:6:USART1_putchar	16	static
../Source/peripherals_driver/uart.c:257:6:USART2_putchar	16	static
../Source/peripherals_driver/uart.c:263:6:USART1_TX_transmit	32	static
../Source/peripherals_driver/uart.c:295:6:USART2_TX_transmit	32	static
../Source/peripherals_driver/uart.c:325:6:LPUART1_TX_transmit	32	static
../Source/peripherals_driver/uart.c:353:6:USART1_TX_callback	8	static
../Source/peripherals_driver/uart.c:363:6:USART2_TX_callback	8	static
../Source/peripherals_driver/uart.c:374:6:LPUART1_TX_callback	8	static
../Source/peripherals_driver/uart.c:384:6:USART1_callback	24	static
../Source/peripherals_driver/uart.c:442:6:USART2_callback	24	static
../Source/peripherals_driver/uart.c:497:13:USART1_GPIO_DeInit	8	static
../Source/peripherals_driver/uart.c:502:13:USART2_GPIO_DeInit	8	static
../Source/peripherals_driver/uart.c:508:13:USART1_GPIO_Init	8	static
../Source/peripherals_driver/uart.c:533:13:USART2_GPIO_Init	8	static
../Source/peripherals_driver/uart.c:558:13:USARTx_Init	24	static
../Source/peripherals_driver/uart.c:575:13:USARTx_DMA_RX_Init	24	static
../Source/peripherals_driver/uart.c:607:13:USARTx_DMA_TX_Init	24	static
../Source/peripherals_driver/uart.c:640:13:DMA1_Channelx_DeInit	16	static
