Archive member included to satisfy reference by file (symbol)

C:/ST/STM32CubeIDE_1.17.0/STM32CubeIDE/plugins/com.st.stm32cube.ide.mcu.externaltools.gnu-tools-for-stm32.12.3.rel1.win32_1.1.0.202410251130/tools/bin/../lib/gcc/arm-none-eabi/12.3.1/../../../../arm-none-eabi/lib/thumb/v6-m/nofp\libc_nano.a(libc_a-exit.o)
                              C:/ST/STM32CubeIDE_1.17.0/STM32CubeIDE/plugins/com.st.stm32cube.ide.mcu.externaltools.gnu-tools-for-stm32.12.3.rel1.win32_1.1.0.202410251130/tools/bin/../lib/gcc/arm-none-eabi/12.3.1/../../../../arm-none-eabi/lib/thumb/v6-m/nofp/crt0.o (exit)
C:/ST/STM32CubeIDE_1.17.0/STM32CubeIDE/plugins/com.st.stm32cube.ide.mcu.externaltools.gnu-tools-for-stm32.12.3.rel1.win32_1.1.0.202410251130/tools/bin/../lib/gcc/arm-none-eabi/12.3.1/../../../../arm-none-eabi/lib/thumb/v6-m/nofp\libc_nano.a(libc_a-malloc.o)
                              ./Source/task/handlerIOTask.o (malloc)
C:/ST/STM32CubeIDE_1.17.0/STM32CubeIDE/plugins/com.st.stm32cube.ide.mcu.externaltools.gnu-tools-for-stm32.12.3.rel1.win32_1.1.0.202410251130/tools/bin/../lib/gcc/arm-none-eabi/12.3.1/../../../../arm-none-eabi/lib/thumb/v6-m/nofp\libc_nano.a(libc_a-mallocr.o)
                              C:/ST/STM32CubeIDE_1.17.0/STM32CubeIDE/plugins/com.st.stm32cube.ide.mcu.externaltools.gnu-tools-for-stm32.12.3.rel1.win32_1.1.0.202410251130/tools/bin/../lib/gcc/arm-none-eabi/12.3.1/../../../../arm-none-eabi/lib/thumb/v6-m/nofp\libc_nano.a(libc_a-malloc.o) (_malloc_r)
C:/ST/STM32CubeIDE_1.17.0/STM32CubeIDE/plugins/com.st.stm32cube.ide.mcu.externaltools.gnu-tools-for-stm32.12.3.rel1.win32_1.1.0.202410251130/tools/bin/../lib/gcc/arm-none-eabi/12.3.1/../../../../arm-none-eabi/lib/thumb/v6-m/nofp\libc_nano.a(libc_a-mlock.o)
                              C:/ST/STM32CubeIDE_1.17.0/STM32CubeIDE/plugins/com.st.stm32cube.ide.mcu.externaltools.gnu-tools-for-stm32.12.3.rel1.win32_1.1.0.202410251130/tools/bin/../lib/gcc/arm-none-eabi/12.3.1/../../../../arm-none-eabi/lib/thumb/v6-m/nofp\libc_nano.a(libc_a-mallocr.o) (__malloc_lock)
C:/ST/STM32CubeIDE_1.17.0/STM32CubeIDE/plugins/com.st.stm32cube.ide.mcu.externaltools.gnu-tools-for-stm32.12.3.rel1.win32_1.1.0.202410251130/tools/bin/../lib/gcc/arm-none-eabi/12.3.1/../../../../arm-none-eabi/lib/thumb/v6-m/nofp\libc_nano.a(libc_a-findfp.o)
                              C:/ST/STM32CubeIDE_1.17.0/STM32CubeIDE/plugins/com.st.stm32cube.ide.mcu.externaltools.gnu-tools-for-stm32.12.3.rel1.win32_1.1.0.202410251130/tools/bin/../lib/gcc/arm-none-eabi/12.3.1/../../../../arm-none-eabi/lib/thumb/v6-m/nofp\libc_nano.a(libc_a-exit.o) (__stdio_exit_handler)
C:/ST/STM32CubeIDE_1.17.0/STM32CubeIDE/plugins/com.st.stm32cube.ide.mcu.externaltools.gnu-tools-for-stm32.12.3.rel1.win32_1.1.0.202410251130/tools/bin/../lib/gcc/arm-none-eabi/12.3.1/../../../../arm-none-eabi/lib/thumb/v6-m/nofp\libc_nano.a(libc_a-fwalk.o)
                              C:/ST/STM32CubeIDE_1.17.0/STM32CubeIDE/plugins/com.st.stm32cube.ide.mcu.externaltools.gnu-tools-for-stm32.12.3.rel1.win32_1.1.0.202410251130/tools/bin/../lib/gcc/arm-none-eabi/12.3.1/../../../../arm-none-eabi/lib/thumb/v6-m/nofp\libc_nano.a(libc_a-findfp.o) (_fwalk_sglue)
C:/ST/STM32CubeIDE_1.17.0/STM32CubeIDE/plugins/com.st.stm32cube.ide.mcu.externaltools.gnu-tools-for-stm32.12.3.rel1.win32_1.1.0.202410251130/tools/bin/../lib/gcc/arm-none-eabi/12.3.1/../../../../arm-none-eabi/lib/thumb/v6-m/nofp\libc_nano.a(libc_a-sprintf.o)
                              ./Source/peripherals_driver/drv_i2c.o (sprintf)
C:/ST/STM32CubeIDE_1.17.0/STM32CubeIDE/plugins/com.st.stm32cube.ide.mcu.externaltools.gnu-tools-for-stm32.12.3.rel1.win32_1.1.0.202410251130/tools/bin/../lib/gcc/arm-none-eabi/12.3.1/../../../../arm-none-eabi/lib/thumb/v6-m/nofp\libc_nano.a(libc_a-stdio.o)
                              C:/ST/STM32CubeIDE_1.17.0/STM32CubeIDE/plugins/com.st.stm32cube.ide.mcu.externaltools.gnu-tools-for-stm32.12.3.rel1.win32_1.1.0.202410251130/tools/bin/../lib/gcc/arm-none-eabi/12.3.1/../../../../arm-none-eabi/lib/thumb/v6-m/nofp\libc_nano.a(libc_a-findfp.o) (__sread)
C:/ST/STM32CubeIDE_1.17.0/STM32CubeIDE/plugins/com.st.stm32cube.ide.mcu.externaltools.gnu-tools-for-stm32.12.3.rel1.win32_1.1.0.202410251130/tools/bin/../lib/gcc/arm-none-eabi/12.3.1/../../../../arm-none-eabi/lib/thumb/v6-m/nofp\libc_nano.a(libc_a-memset.o)
                              C:/ST/STM32CubeIDE_1.17.0/STM32CubeIDE/plugins/com.st.stm32cube.ide.mcu.externaltools.gnu-tools-for-stm32.12.3.rel1.win32_1.1.0.202410251130/tools/bin/../lib/gcc/arm-none-eabi/12.3.1/../../../../arm-none-eabi/lib/thumb/v6-m/nofp/crt0.o (memset)
C:/ST/STM32CubeIDE_1.17.0/STM32CubeIDE/plugins/com.st.stm32cube.ide.mcu.externaltools.gnu-tools-for-stm32.12.3.rel1.win32_1.1.0.202410251130/tools/bin/../lib/gcc/arm-none-eabi/12.3.1/../../../../arm-none-eabi/lib/thumb/v6-m/nofp\libc_nano.a(libc_a-closer.o)
[...]
Memory Configuration

Name             Origin             Length             Attributes
RAM              0x20000000         0x00024000         xrw
FLASH            0x08000000         0x00080000         xr
*default*        0x00000000         0xffffffff

Linker script and memory map

LOAD C:/ST/STM32CubeIDE_1.17.0/STM32CubeIDE/plugins/com.st.stm32cube.ide.mcu.externaltools.gnu-tools-for-stm32.12.3.rel1.win32_1.1.0.202410251130/tools/bin/../lib/gcc/arm-none-eabi/12.3.1/thumb/v6-m/nofp/crti.o
LOAD C:/ST/STM32CubeIDE_1.17.0/STM32CubeIDE/plugins/com.st.stm32cube.ide.mcu.externaltools.gnu-tools-for-stm32.12.3.rel1.win32_1.1.0.202410251130/tools/bin/../lib/gcc/arm-none-eabi/12.3.1/thumb/v6-m/nofp/crtbegin.o
LOAD C:/ST/STM32CubeIDE_1.17.0/STM32CubeIDE/plugins/com.st.stm32cube.ide.mcu.externaltools.gnu-tools-for-stm32.12.3.rel1.win32_1.1.0.202410251130/tools/bin/../lib/gcc/arm-none-eabi/12.3.1/../../../../arm-none-eabi/lib/thumb/v6-m/nofp/crt0.o
LOAD ./Drivers/STM32G0xx_HAL_Driver/Src/stm32g0xx_ll_adc.o
LOAD ./Drivers/STM32G0xx_HAL_Driver/Src/stm32g0xx_ll_comp.o
LOAD ./Drivers/STM32G0xx_HAL_Driver/Src/stm32g0xx_ll_crc.o
LOAD ./Drivers/STM32G0xx_HAL_Driver/Src/stm32g0xx_ll_crs.o
LOAD ./Drivers/STM32G0xx_HAL_Driver/Src/stm32g0xx_ll_dac.o
LOAD ./Drivers/STM32G0xx_HAL_Driver/Src/stm32g0xx_ll_dma.o
LOAD ./Drivers/STM32G0xx_HAL_Driver/Src/stm32g0xx_ll_exti.o
LOAD ./Drivers/STM32G0xx_HAL_Driver/Src/stm32g0xx_ll_gpio.o
LOAD ./Drivers/STM32G0xx_HAL_Driver/Src/stm32g0xx_ll_i2c.o
LOAD ./Drivers/STM32G0xx_HAL_Driver/Src/stm32g0xx_ll_lptim.o
LOAD ./Drivers/STM32G0xx_HAL_Driver/Src/stm32g0xx_ll_lpuart.o
LOAD ./Drivers/STM32G0xx_HAL_Driver/Src/stm32g0xx_ll_pwr.o
LOAD ./Drivers/STM32G0xx_HAL_Driver/Src/stm32g0xx_ll_rcc.o
LOAD ./Drivers/STM32G0xx_HAL_Driver/Src/stm32g0xx_ll_rng.o
LOAD ./Drivers/STM32G0xx_HAL_Driver/Src/stm32g0xx_ll_rtc.o
LOAD ./Drivers/STM32G0xx_HAL_Driver/Src/stm32g0xx_ll_spi.o
LOAD ./Drivers/STM32G0xx_HAL_Driver/Src/stm32g0xx_ll_tim.o
LOAD ./Drivers/STM32G0xx_HAL_Driver/Src/stm32g0xx_ll_ucpd.o
LOAD ./Drivers/STM32G0xx_HAL_Driver/Src/stm32g0xx_ll_usart.o
LOAD ./Drivers/STM32G0xx_HAL_Driver/Src/stm32g0xx_ll_usb.o
LOAD ./Drivers/STM32G0xx_HAL_Driver/Src/stm32g0xx_ll_utils.o
LOAD ./Ethernet/W5500/w5500.o
LOAD ./Ethernet/delay.o
LOAD ./Ethernet/dhcp.o
LOAD ./Ethernet/led.o
LOAD ./Ethernet/socket.o
LOAD ./Ethernet/spi.o
LOAD ./Ethernet/usart.o
LOAD ./Ethernet/wizchip_conf.o
LOAD ./Source/bsp/platform.o
LOAD ./Source/peripherals_driver/drv_crc.o
LOAD ./Source/peripherals_driver/drv_dma.o
LOAD ./Source/peripherals_driver/drv_i2c.o
LOAD ./Source/peripherals_driver/drv_spi.o
LOAD ./Source/peripherals_driver/iwdt.o
LOAD ./Source/peripherals_driver/uart.o
LOAD ./Source/stm32g0xx_it.o
LOAD ./Source/syscalls.o
LOAD ./Source/sysmem.o
LOAD ./Source/system_stm32g0xx.o
LOAD ./Source/task/ethernet.o
LOAD ./Source/task/handlerIOTask.o
LOAD ./Source/task/main.o
LOAD ./Source/user_lib/PCA9555.o
LOAD ./Source/user_lib/queue.o
LOAD ./Startup/startup_stm32g0b0retx.o
START GROUP
LOAD C:/ST/STM32CubeIDE_1.17.0/STM32CubeIDE/plugins/com.st.stm32cube.ide.mcu.externaltools.gnu-tools-for-stm32.12.3.rel1.win32_1.1.0.202410251130/tools/bin/../lib/gcc/arm-none-eabi/12.3.1/../../../../arm-none-eabi/lib/thumb/v6-m/nofp\libc_nano.a
LOAD C:/ST/STM32CubeIDE_1.17.0/STM32CubeIDE/plugins/com.st.stm32cube.ide.mcu.externaltools.gnu-tools-for-stm32.12.3.rel1.win32_1.1.0.202410251130/tools/bin/../lib/gcc/arm-none-eabi/12.3.1/../../../../arm-none-eabi/lib/thumb/v6-m/nofp\libm.a
END GROUP
START GROUP
LOAD C:/ST/STM32CubeIDE_1.17.0/STM32CubeIDE/plugins/com.st.stm32cube.ide.mcu.externaltools.gnu-tools-for-stm32.12.3.rel1.win32_1.1.0.202410251130/tools/bin/../lib/gcc/arm-none-eabi/12.3.1/thumb/v6-m/nofp\libgcc.a
LOAD C:/ST/STM32CubeIDE_1.17.0/STM32CubeIDE/plugins/com.st.stm32cube.ide.mcu.externaltools.gnu-tools-for-stm32.12.3.rel1.win32_1.1.0.202410251130/tools/bin/../lib/gcc/arm-none-eabi/12.3.1/../../../../arm-none-eabi/lib/thumb/v6-m/nofp\libc_nano.a
END GROUP
START GROUP
LOAD C:/ST/STM32CubeIDE_1.17.0/STM32CubeIDE/plugins/com.st.stm32cube.ide.mcu.externaltools.gnu-tools-for-stm32.12.3.rel1.win32_1.1.0.202410251130/tools/bin/../lib/gcc/arm-none-eabi/12.3.1/thumb/v6-m/nofp\libgcc.a
LOAD C:/ST/STM32CubeIDE_1.17.0/STM32CubeIDE/plugins/com.st.stm32cube.ide.mcu.externaltools.gnu-tools-for-stm32.12.3.rel1.win32_1.1.0.202410251130/tools/bin/../lib/gcc/arm-none-eabi/12.3.1/../../../../arm-none-eabi/lib/thumb/v6-m/nofp\libc_nano.a
LOAD C:/ST/STM32CubeIDE_1.17.0/STM32CubeIDE/plugins/com.st.stm32cube.ide.mcu.externaltools.gnu-tools-for-stm32.12.3.rel1.win32_1.1.0.202410251130/tools/bin/../lib/gcc/arm-none-eabi/12.3.1/../../../../arm-none-eabi/lib/thumb/v6-m/nofp\libnosys.a
END GROUP
START GROUP
LOAD C:/ST/STM32CubeIDE_1.17.0/STM32CubeIDE/plugins/com.st.stm32cube.ide.mcu.externaltools.gnu-tools-for-stm32.12.3.rel1.win32_1.1.0.202410251130/tools/bin/../lib/gcc/arm-none-eabi/12.3.1/thumb/v6-m/nofp\libgcc.a
LOAD C:/ST/STM32CubeIDE_1.17.0/STM32CubeIDE/plugins/com.st.stm32cube.ide.mcu.externaltools.gnu-tools-for-stm32.12.3.rel1.win32_1.1.0.202410251130/tools/bin/../lib/gcc/arm-none-eabi/12.3.1/../../../../arm-none-eabi/lib/thumb/v6-m/nofp\libc_nano.a
LOAD C:/ST/STM32CubeIDE_1.17.0/STM32CubeIDE/plugins/com.st.stm32cube.ide.mcu.externaltools.gnu-tools-for-stm32.12.3.rel1.win32_1.1.0.202410251130/tools/bin/../lib/gcc/arm-none-eabi/12.3.1/../../../../arm-none-eabi/lib/thumb/v6-m/nofp\libnosys.a
END GROUP
LOAD C:/ST/STM32CubeIDE_1.17.0/STM32CubeIDE/plugins/com.st.stm32cube.ide.mcu.externaltools.gnu-tools-for-stm32.12.3.rel1.win32_1.1.0.202410251130/tools/bin/../lib/gcc/arm-none-eabi/12.3.1/thumb/v6-m/nofp/crtend.o
LOAD C:/ST/STM32CubeIDE_1.17.0/STM32CubeIDE/plugins/com.st.stm32cube.ide.mcu.externaltools.gnu-tools-for-stm32.12.3.rel1.win32_1.1.0.202410251130/tools/bin/../lib/gcc/arm-none-eabi/12.3.1/thumb/v6-m/nofp/crtn.o
                0x20024000                        _estack = (ORIGIN (RAM) + LENGTH (RAM))
                0x00000200                        _Min_Heap_Size = 0x200
                0x00000400                        _Min_Stack_Size = 0x400

.isr_vector     0x08000000       0xb8
                0x08000000                        . = ALIGN (0x4)
 *(.isr_vector)
 .isr_vector    0x08000000       0xb8 ./Startup/startup_stm32g0b0retx.o
                0x08000000                g_pfnVectors
                0x080000b8                        . = ALIGN (0x4)

.text           0x080000b8     0x4d50
                0x080000b8                        . = ALIGN (0x4)
 *(.text)
 .text          0x080000b8       0x48 C:/ST/STM32CubeIDE_1.17.0/STM32CubeIDE/plugins/com.st.stm32cube.ide.mcu.externaltools.gnu-tools-for-stm32.12.3.rel1.win32_1.1.0.202410251130/tools/bin/../lib/gcc/arm-none-eabi/12.3.1/thumb/v6-m/nofp/crtbegin.o
 .text          0x08000100        0xe C:/ST/STM32CubeIDE_1.17.0/STM32CubeIDE/plugins/com.st.stm32cube.ide.mcu.externaltools.gnu-tools-for-stm32.12.3.rel1.win32_1.1.0.202410251130/tools/bin/../lib/gcc/arm-none-eabi/12.3.1/../../../../arm-none-eabi/lib/thumb/v6-m/nofp\libc_nano.a(libc_a-strlen.o)
                0x08000100                strlen
 *fill*         0x0800010e        0x2 
 .text          0x08000110       0x14 C:/ST/STM32CubeIDE_1.17.0/STM32CubeIDE/plugins/com.st.stm32cube.ide.mcu.externaltools.gnu-tools-for-stm32.12.3.rel1.win32_1.1.0.202410251130/tools/bin/../lib/gcc/arm-none-eabi/12.3.1/thumb/v6-m/nofp\libgcc.a(_thumb1_case_shi.o)
                0x08000110                __gnu_thumb1_case_shi
 .text          0x08000124      0x114 C:/ST/STM32CubeIDE_1.17.0/STM32CubeIDE/plugins/com.st.stm32cube.ide.mcu.externaltools.gnu-tools-for-stm32.12.3.rel1.win32_1.1.0.202410251130/tools/bin/../lib/gcc/arm-none-eabi/12.3.1/thumb/v6-m/nofp\libgcc.a(_udivsi3.o)
                0x08000124                __aeabi_uidiv
                0x08000124                __udivsi3
                0x08000230                __aeabi_uidivmod
 .text          0x08000238        0x4 C:/ST/STM32CubeIDE_1.17.0/STM32CubeIDE/plugins/com.st.stm32cube.ide.mcu.externaltools.gnu-tools-for-stm32.12.3.rel1.win32_1.1.0.202410251130/tools/bin/../lib/gcc/arm-none-eabi/12.3.1/thumb/v6-m/nofp\libgcc.a(_dvmd_tls.o)
                0x08000238                __aeabi_idiv0
                0x08000238                __aeabi_ldiv0
 *(.text*)
 .text.LL_GPIO_SetPinMode
                0x0800023c       0x38 ./Drivers/STM32G0xx_HAL_Driver/Src/stm32g0xx_ll_gpio.o
 .text.LL_GPIO_SetPinOutputType
                0x08000274       0x2a ./Drivers/STM32G0xx_HAL_Driver/Src/stm32g0xx_ll_gpio.o
 .text.LL_GPIO_SetPinSpeed
                0x0800029e       0x38 ./Drivers/STM32G0xx_HAL_Driver/Src/stm32g0xx_ll_gpio.o
 .text.LL_GPIO_SetPinPull
                0x080002d6       0x38 ./Drivers/STM32G0xx_HAL_Driver/Src/stm32g0xx_ll_gpio.o
 .text.LL_GPIO_SetAFPin_0_7
                0x0800030e       0x46 ./Drivers/STM32G0xx_HAL_Driver/Src/stm32g0xx_ll_gpio.o
 .text.LL_GPIO_SetAFPin_8_15
                0x08000354       0x5a ./Drivers/STM32G0xx_HAL_Driver/Src/stm32g0xx_ll_gpio.o
 .text.LL_GPIO_Init
                0x080003ae       0xb6 ./Drivers/STM32G0xx_HAL_Driver/Src/stm32g0xx_ll_gpio.o
                0x080003ae                LL_GPIO_Init
 .text.LL_I2C_Enable
                0x08000464       0x1c ./Drivers/STM32G0xx_HAL_Driver/Src/stm32g0xx_ll_i2c.o
 .text.LL_I2C_Disable
                0x08000480       0x1e ./Drivers/STM32G0xx_HAL_Driver/Src/stm32g0xx_ll_i2c.o
 *fill*         0x0800049e        0x2 
 .text.LL_I2C_ConfigFilters
                0x080004a0       0x30 ./Drivers/STM32G0xx_HAL_Driver/Src/stm32g0xx_ll_i2c.o
 .text.LL_I2C_SetOwnAddress1
                0x080004d0       0x28 ./Drivers/STM32G0xx_HAL_Driver/Src/stm32g0xx_ll_i2c.o
 .text.LL_I2C_EnableOwnAddress1
                0x080004f8       0x1e ./Drivers/STM32G0xx_HAL_Driver/Src/stm32g0xx_ll_i2c.o
 *fill*         0x08000516        0x2 
 .text.LL_I2C_DisableOwnAddress1
                0x08000518       0x20 ./Drivers/STM32G0xx_HAL_Driver/Src/stm32g0xx_ll_i2c.o
 .text.LL_I2C_SetTiming
                0x08000538       0x18 ./Drivers/STM32G0xx_HAL_Driver/Src/stm32g0xx_ll_i2c.o
 .text.LL_I2C_SetMode
                0x08000550       0x28 ./Drivers/STM32G0xx_HAL_Driver/Src/stm32g0xx_ll_i2c.o
 .text.LL_I2C_AcknowledgeNextData
                0x08000578       0x28 ./Drivers/STM32G0xx_HAL_Driver/Src/stm32g0xx_ll_i2c.o
 .text.LL_I2C_Init
                0x080005a0       0x86 ./Drivers/STM32G0xx_HAL_Driver/Src/stm32g0xx_ll_i2c.o
                0x080005a0                LL_I2C_Init
 .text.LL_SPI_IsEnabled
                0x08000626       0x22 ./Drivers/STM32G0xx_HAL_Driver/Src/stm32g0xx_ll_spi.o
 .text.LL_SPI_SetRxFIFOThreshold
                0x08000648       0x28 ./Drivers/STM32G0xx_HAL_Driver/Src/stm32g0xx_ll_spi.o
 .text.LL_SPI_SetCRCPolynomial
                0x08000670       0x1c ./Drivers/STM32G0xx_HAL_Driver/Src/stm32g0xx_ll_spi.o
 .text.LL_SPI_Init
                0x0800068c       0xd8 ./Drivers/STM32G0xx_HAL_Driver/Src/stm32g0xx_ll_spi.o
                0x0800068c                LL_SPI_Init
 .text.WIZCHIP_READ
                0x08000764       0xa4 ./Ethernet/W5500/w5500.o
                0x08000764                WIZCHIP_READ
 .text.WIZCHIP_WRITE
                0x08000808       0xac ./Ethernet/W5500/w5500.o
                0x08000808                WIZCHIP_WRITE
 .text.WIZCHIP_READ_BUF
                0x080008b4       0xdc ./Ethernet/W5500/w5500.o
                0x080008b4                WIZCHIP_READ_BUF
 .text.WIZCHIP_WRITE_BUF
                0x08000990       0xdc ./Ethernet/W5500/w5500.o
                0x08000990                WIZCHIP_WRITE_BUF
 .text.LL_GPIO_SetOutputPin
                0x08000a6c       0x18 ./Ethernet/spi.o
 .text.LL_GPIO_ResetOutputPin
                0x08000a84       0x18 ./Ethernet/spi.o
 .text.SPI_CrisEnter
                0x08000a9c       0x1a ./Ethernet/spi.o
                0x08000a9c                SPI_CrisEnter
 .text.SPI_CrisExit
                0x08000ab6       0x1a ./Ethernet/spi.o
                0x08000ab6                SPI_CrisExit
 .text.SPI_CS_Select
                0x08000ad0       0x16 ./Ethernet/spi.o
                0x08000ad0                SPI_CS_Select
 .text.SPI_CS_Deselect
                0x08000ae6       0x16 ./Ethernet/spi.o
                0x08000ae6                SPI_CS_Deselect
 .text.register_wizchip
                0x08000afc       0x48 ./Ethernet/spi.o
                0x08000afc                register_wizchip
 .text.wizchip_cris_enter
                0x08000b44        0xa ./Ethernet/wizchip_conf.o
                0x08000b44                wizchip_cris_enter
 .text.wizchip_cris_exit
                0x08000b4e        0xa ./Ethernet/wizchip_conf.o
                0x08000b4e                wizchip_cris_exit
 .text.wizchip_cs_select
                0x08000b58        0xa ./Ethernet/wizchip_conf.o
                0x08000b58                wizchip_cs_select
 .text.wizchip_cs_deselect
                0x08000b62        0xa ./Ethernet/wizchip_conf.o
                0x08000b62                wizchip_cs_deselect
 .text.wizchip_bus_readdata
                0x08000b6c       0x16 ./Ethernet/wizchip_conf.o
                0x08000b6c                wizchip_bus_readdata
 .text.wizchip_bus_writedata
                0x08000b82       0x1e ./Ethernet/wizchip_conf.o
                0x08000b82                wizchip_bus_writedata
 .text.wizchip_spi_readbyte
                0x08000ba0        0xc ./Ethernet/wizchip_conf.o
                0x08000ba0                wizchip_spi_readbyte
 .text.wizchip_spi_writebyte
                0x08000bac       0x14 ./Ethernet/wizchip_conf.o
                0x08000bac                wizchip_spi_writebyte
 .text.reg_wizchip_cris_cbfunc
                0x08000bc0       0x48 ./Ethernet/wizchip_conf.o
                0x08000bc0                reg_wizchip_cris_cbfunc
 .text.reg_wizchip_cs_cbfunc
                0x08000c08       0x48 ./Ethernet/wizchip_conf.o
                0x08000c08                reg_wizchip_cs_cbfunc
 .text.reg_wizchip_spi_cbfunc
                0x08000c50       0x58 ./Ethernet/wizchip_conf.o
                0x08000c50                reg_wizchip_spi_cbfunc
 .text.ctlwizchip
                0x08000ca8      0x1c0 ./Ethernet/wizchip_conf.o
                0x08000ca8                ctlwizchip
 .text.ctlnetwork
                0x08000e68       0x78 ./Ethernet/wizchip_conf.o
                0x08000e68                ctlnetwork
 .text.wizchip_sw_reset
                0x08000ee0       0x92 ./Ethernet/wizchip_conf.o
                0x08000ee0                wizchip_sw_reset
 .text.wizchip_init
                0x08000f72      0x186 ./Ethernet/wizchip_conf.o
                0x08000f72                wizchip_init
 .text.wizchip_clrinterrupt
                0x080010f8       0x94 ./Ethernet/wizchip_conf.o
                0x080010f8                wizchip_clrinterrupt
 .text.wizchip_getinterrupt
                0x0800118c       0x68 ./Ethernet/wizchip_conf.o
                0x0800118c                wizchip_getinterrupt
 .text.wizchip_setinterruptmask
                0x080011f4       0x4c ./Ethernet/wizchip_conf.o
                0x080011f4                wizchip_setinterruptmask
 .text.wizchip_getinterruptmask
                0x08001240       0x60 ./Ethernet/wizchip_conf.o
                0x08001240                wizchip_getinterruptmask
 .text.wizphy_getphylink
                0x080012a0       0x34 ./Ethernet/wizchip_conf.o
                0x080012a0                wizphy_getphylink
 .text.wizphy_getphypmode
                0x080012d4       0x3e ./Ethernet/wizchip_conf.o
                0x080012d4                wizphy_getphypmode
 .text.wizphy_reset
                0x08001312       0x68 ./Ethernet/wizchip_conf.o
                0x08001312                wizphy_reset
 .text.wizphy_setphyconf
                0x0800137a       0xbc ./Ethernet/wizchip_conf.o
                0x0800137a                wizphy_setphyconf
 *fill*         0x08001436        0x2 
 .text.wizphy_getphyconf
                0x08001438       0xe0 ./Ethernet/wizchip_conf.o
                0x08001438                wizphy_getphyconf
 .text.wizphy_setphypmode
                0x08001518       0xbe ./Ethernet/wizchip_conf.o
                0x08001518                wizphy_setphypmode
 *fill*         0x080015d6        0x2 
 .text.wizchip_setnetinfo
                0x080015d8       0x84 ./Ethernet/wizchip_conf.o
                0x080015d8                wizchip_setnetinfo
 .text.wizchip_getnetinfo
                0x0800165c       0x84 ./Ethernet/wizchip_conf.o
                0x0800165c                wizchip_getnetinfo
 .text.wizchip_setnetmode
                0x080016e0       0x58 ./Ethernet/wizchip_conf.o
                0x080016e0                wizchip_setnetmode
 .text.wizchip_getnetmode
                0x08001738       0x12 ./Ethernet/wizchip_conf.o
                0x08001738                wizchip_getnetmode
 .text.wizchip_settimeout
                0x0800174a       0x48 ./Ethernet/wizchip_conf.o
                0x0800174a                wizchip_settimeout
 .text.wizchip_gettimeout
                0x08001792       0x46 ./Ethernet/wizchip_conf.o
                0x08001792                wizchip_gettimeout
 .text.LL_IOP_GRP1_EnableClock
                0x080017d8       0x2c ./Source/bsp/platform.o
 .text.LL_GPIO_SetOutputPin
                0x08001804       0x18 ./Source/bsp/platform.o
 .text.LL_GPIO_ResetOutputPin
                0x0800181c       0x18 ./Source/bsp/platform.o
 .text.pin_init
                0x08001834      0x440 ./Source/bsp/platform.o
                0x08001834                pin_init
 .text.LL_RCC_SetI2CClockSource
                0x08001c74       0x30 ./Source/peripherals_driver/drv_i2c.o
 .text.LL_APB1_GRP1_EnableClock
                0x08001ca4       0x2c ./Source/peripherals_driver/drv_i2c.o
 .text.LL_IOP_GRP1_EnableClock
                0x08001cd0       0x2c ./Source/peripherals_driver/drv_i2c.o
 .text.LL_I2C_EnableClockStretching
                0x08001cfc       0x20 ./Source/peripherals_driver/drv_i2c.o
 .text.LL_I2C_DisableGeneralCall
                0x08001d1c       0x20 ./Source/peripherals_driver/drv_i2c.o
 .text.LL_I2C_SetOwnAddress2
                0x08001d3c       0x2c ./Source/peripherals_driver/drv_i2c.o
 .text.LL_I2C_DisableOwnAddress2
                0x08001d68       0x20 ./Source/peripherals_driver/drv_i2c.o
 .text.LL_I2C_IsActiveFlag_TXIS
                0x08001d88       0x22 ./Source/peripherals_driver/drv_i2c.o
 .text.LL_I2C_IsActiveFlag_STOP
                0x08001daa       0x22 ./Source/peripherals_driver/drv_i2c.o
 .text.LL_I2C_ClearFlag_STOP
                0x08001dcc       0x1c ./Source/peripherals_driver/drv_i2c.o
 .text.LL_I2C_EnableAutoEndMode
                0x08001de8       0x1e ./Source/peripherals_driver/drv_i2c.o
 *fill*         0x08001e06        0x2 
 .text.LL_I2C_HandleTransfer
                0x08001e08       0x4c ./Source/peripherals_driver/drv_i2c.o
 .text.LL_I2C_TransmitData8
                0x08001e54       0x1e ./Source/peripherals_driver/drv_i2c.o
 *fill*         0x08001e72        0x2 
 .text.I2C1_Init
                0x08001e74      0x120 ./Source/peripherals_driver/drv_i2c.o
                0x08001e74                I2C1_Init
 .text.I2C1_WriteBuf
                0x08001f94       0x98 ./Source/peripherals_driver/drv_i2c.o
                0x08001f94                I2C1_WriteBuf
 .text.LL_APB2_GRP1_EnableClock
                0x0800202c       0x2c ./Source/peripherals_driver/drv_spi.o
 .text.LL_IOP_GRP1_EnableClock
                0x08002058       0x2c ./Source/peripherals_driver/drv_spi.o
 .text.LL_SPI_Enable
                0x08002084       0x1c ./Source/peripherals_driver/drv_spi.o
 .text.SPI1_init
                0x080020a0      0x130 ./Source/peripherals_driver/drv_spi.o
                0x080020a0                SPI1_init
 .text.SPI1_readWrite
                0x080021d0       0x54 ./Source/peripherals_driver/drv_spi.o
                0x080021d0                SPI1_readWrite
 .text.SPI1_WriteByte
                0x08002224       0x1e ./Source/peripherals_driver/drv_spi.o
                0x08002224                SPI1_WriteByte
 .text.SPI1_ReadByte
                0x08002242       0x12 ./Source/peripherals_driver/drv_spi.o
                0x08002242                SPI1_ReadByte
 .text.__NVIC_EnableIRQ
                0x08002254       0x34 ./Source/peripherals_driver/uart.o
 .text.__NVIC_DisableIRQ
                0x08002288       0x44 ./Source/peripherals_driver/uart.o
 .text.__NVIC_SetPriority
                0x080022cc       0xdc ./Source/peripherals_driver/uart.o
 .text.LL_DMA_EnableChannel
                0x080023a8       0x40 ./Source/peripherals_driver/uart.o
 .text.LL_DMA_DisableChannel
                0x080023e8       0x40 ./Source/peripherals_driver/uart.o
 .text.LL_DMA_ConfigTransfer
                0x08002428       0x4c ./Source/peripherals_driver/uart.o
 .text.LL_DMA_SetDataLength
                0x08002474       0x44 ./Source/peripherals_driver/uart.o
 .text.LL_DMA_GetDataLength
                0x080024b8       0x30 ./Source/peripherals_driver/uart.o
 .text.LL_DMA_SetMemoryAddress
                0x080024e8       0x30 ./Source/peripherals_driver/uart.o
 .text.LL_DMA_SetPeriphAddress
                0x08002518       0x30 ./Source/peripherals_driver/uart.o
 .text.LL_DMA_SetPeriphRequest
                0x08002548       0x58 ./Source/peripherals_driver/uart.o
 .text.LL_AHB1_GRP1_EnableClock
                0x080025a0       0x2c ./Source/peripherals_driver/uart.o
 .text.LL_APB1_GRP1_EnableClock
                0x080025cc       0x2c ./Source/peripherals_driver/uart.o
 .text.LL_APB1_GRP1_DisableClock
                0x080025f8       0x24 ./Source/peripherals_driver/uart.o
 .text.LL_APB1_GRP1_ForceReset
                0x0800261c       0x20 ./Source/peripherals_driver/uart.o
 .text.LL_APB1_GRP1_ReleaseReset
                0x0800263c       0x24 ./Source/peripherals_driver/uart.o
 .text.LL_APB2_GRP1_EnableClock
                0x08002660       0x2c ./Source/peripherals_driver/uart.o
 .text.LL_APB2_GRP1_DisableClock
                0x0800268c       0x24 ./Source/peripherals_driver/uart.o
 .text.LL_APB2_GRP1_ForceReset
                0x080026b0       0x20 ./Source/peripherals_driver/uart.o
 .text.LL_APB2_GRP1_ReleaseReset
                0x080026d0       0x24 ./Source/peripherals_driver/uart.o
 .text.LL_IOP_GRP1_EnableClock
                0x080026f4       0x2c ./Source/peripherals_driver/uart.o
 .text.LL_USART_Enable
                0x08002720       0x1c ./Source/peripherals_driver/uart.o
 .text.LL_USART_Disable
                0x0800273c       0x1e ./Source/peripherals_driver/uart.o
 .text.LL_USART_SetTransferDirection
                0x0800275a       0x46 ./Source/peripherals_driver/uart.o
 .text.LL_USART_SetParity
                0x080027a0       0x28 ./Source/peripherals_driver/uart.o
 .text.LL_USART_SetDataWidth
                0x080027c8       0x28 ./Source/peripherals_driver/uart.o
 .text.LL_USART_SetStopBitsLength
                0x080027f0       0x28 ./Source/peripherals_driver/uart.o
 .text.LL_USART_SetHWFlowCtrl
                0x08002818       0x28 ./Source/peripherals_driver/uart.o
 .text.LL_USART_SetBaudRate
                0x08002840       0xb4 ./Source/peripherals_driver/uart.o
 .text.LL_USART_IsActiveFlag_PE
                0x080028f4       0x22 ./Source/peripherals_driver/uart.o
 .text.LL_USART_IsActiveFlag_FE
                0x08002916       0x22 ./Source/peripherals_driver/uart.o
 .text.LL_USART_IsActiveFlag_NE
                0x08002938       0x22 ./Source/peripherals_driver/uart.o
 .text.LL_USART_IsActiveFlag_ORE
                0x0800295a       0x22 ./Source/peripherals_driver/uart.o
 .text.LL_USART_IsActiveFlag_IDLE
                0x0800297c       0x22 ./Source/peripherals_driver/uart.o
 .text.LL_USART_IsActiveFlag_RXNE_RXFNE
                0x0800299e       0x22 ./Source/peripherals_driver/uart.o
 .text.LL_USART_IsActiveFlag_TXE_TXFNF
                0x080029c0       0x22 ./Source/peripherals_driver/uart.o
 .text.LL_USART_IsActiveFlag_TEACK
                0x080029e2       0x28 ./Source/peripherals_driver/uart.o
 .text.LL_USART_IsActiveFlag_REACK
                0x08002a0a       0x28 ./Source/peripherals_driver/uart.o
 .text.LL_USART_ClearFlag_PE
                0x08002a32       0x16 ./Source/peripherals_driver/uart.o
 .text.LL_USART_ClearFlag_FE
                0x08002a48       0x16 ./Source/peripherals_driver/uart.o
 .text.LL_USART_ClearFlag_NE
                0x08002a5e       0x16 ./Source/peripherals_driver/uart.o
 .text.LL_USART_ClearFlag_ORE
                0x08002a74       0x16 ./Source/peripherals_driver/uart.o
 .text.LL_USART_ClearFlag_IDLE
                0x08002a8a       0x16 ./Source/peripherals_driver/uart.o
 .text.LL_USART_ClearFlag_TXFE
                0x08002aa0       0x16 ./Source/peripherals_driver/uart.o
 .text.LL_USART_EnableIT_IDLE
                0x08002ab6       0x3e ./Source/peripherals_driver/uart.o
 .text.LL_USART_EnableIT_ERROR
                0x08002af4       0x3e ./Source/peripherals_driver/uart.o
 .text.LL_USART_EnableDMAReq_RX
                0x08002b32       0x3e ./Source/peripherals_driver/uart.o
 .text.LL_USART_ReceiveData8
                0x08002b70       0x16 ./Source/peripherals_driver/uart.o
 .text.LL_GPIO_SetPinMode
                0x08002b86       0x38 ./Source/peripherals_driver/uart.o
 .text.LL_GPIO_SetPinOutputType
                0x08002bbe       0x2a ./Source/peripherals_driver/uart.o
 .text.LL_GPIO_SetPinSpeed
                0x08002be8       0x38 ./Source/peripherals_driver/uart.o
 .text.LL_GPIO_SetPinPull
                0x08002c20       0x38 ./Source/peripherals_driver/uart.o
 .text.LL_GPIO_SetAFPin_0_7
                0x08002c58       0x46 ./Source/peripherals_driver/uart.o
 .text.LL_GPIO_SetAFPin_8_15
                0x08002c9e       0x5a ./Source/peripherals_driver/uart.o
 .text.LL_GPIO_ResetOutputPin
                0x08002cf8       0x18 ./Source/peripherals_driver/uart.o
 .text.USART1_setup
                0x08002d10       0x74 ./Source/peripherals_driver/uart.o
                0x08002d10                USART1_setup
 .text.USART3_setup
                0x08002d84       0x74 ./Source/peripherals_driver/uart.o
                0x08002d84                USART3_setup
 .text.USART1_deinit
                0x08002df8       0x5c ./Source/peripherals_driver/uart.o
 .text.USART3_deinit
                0x08002e54       0x54 ./Source/peripherals_driver/uart.o
 .text.USART1_putchar
                0x08002ea8       0x30 ./Source/peripherals_driver/uart.o
                0x08002ea8                USART1_putchar
 .text.USART3_putchar
                0x08002ed8       0x30 ./Source/peripherals_driver/uart.o
                0x08002ed8                USART3_putchar
 .text.USART1_TX_transmit
                0x08002f08       0x44 ./Source/peripherals_driver/uart.o
                0x08002f08                USART1_TX_transmit
 .text.USART3_TX_transmit
                0x08002f4c       0x44 ./Source/peripherals_driver/uart.o
                0x08002f4c                USART3_TX_transmit
 .text.USART1_TX_callback
                0x08002f90        0xa ./Source/peripherals_driver/uart.o
                0x08002f90                USART1_TX_callback
 .text.USART3_TX_callback
                0x08002f9a        0xa ./Source/peripherals_driver/uart.o
                0x08002f9a                USART3_TX_callback
 .text.LPUART1_TX_callback
                0x08002fa4        0xa ./Source/peripherals_driver/uart.o
                0x08002fa4                LPUART1_TX_callback
 *fill*         0x08002fae        0x2 
 .text.USART1_callback
                0x08002fb0      0x148 ./Source/peripherals_driver/uart.o
                0x08002fb0                USART1_callback
 .text.USART3_callback
                0x080030f8      0x154 ./Source/peripherals_driver/uart.o
                0x080030f8                USART3_callback
 .text.USART1_GPIO_Init
                0x0800324c       0xa6 ./Source/peripherals_driver/uart.o
 *fill*         0x080032f2        0x2 
 .text.USART3_GPIO_Init
                0x080032f4       0x88 ./Source/peripherals_driver/uart.o
 .text.USARTx_Init
                0x0800337c       0x80 ./Source/peripherals_driver/uart.o
 .text.USARTx_DMA_RX_Init
                0x080033fc       0x80 ./Source/peripherals_driver/uart.o
 .text.DMA1_Channelx_DeInit
                0x0800347c       0x20 ./Source/peripherals_driver/uart.o
 .text.NMI_Handler
                0x0800349c        0xa ./Source/stm32g0xx_it.o
                0x0800349c                NMI_Handler
 .text.HardFault_Handler
                0x080034a6        0x8 ./Source/stm32g0xx_it.o
                0x080034a6                HardFault_Handler
 .text.SVC_Handler
                0x080034ae        0xa ./Source/stm32g0xx_it.o
                0x080034ae                SVC_Handler
 .text.PendSV_Handler
                0x080034b8        0xa ./Source/stm32g0xx_it.o
                0x080034b8                PendSV_Handler
 *fill*         0x080034c2        0x2 
 .text.SysTick_Handler
                0x080034c4       0x40 ./Source/stm32g0xx_it.o
                0x080034c4                SysTick_Handler
 .text.USART1_IRQHandler
                0x08003504        0xe ./Source/stm32g0xx_it.o
                0x08003504                USART1_IRQHandler
 .text.USART2_IRQHandler
                0x08003512        0xa ./Source/stm32g0xx_it.o
                0x08003512                USART2_IRQHandler
 .text.USART3_USART4_USART5_USART6_LPUART1_IRQHandler
                0x0800351c        0xe ./Source/stm32g0xx_it.o
                0x0800351c                USART3_USART4_USART5_USART6_LPUART1_IRQHandler
 .text.DMA1_Channel1_IRQHandler
                0x0800352a        0xa ./Source/stm32g0xx_it.o
                0x0800352a                DMA1_Channel1_IRQHandler
 .text.DMA1_Channel2_3_IRQHandler
                0x08003534        0xa ./Source/stm32g0xx_it.o
                0x08003534                DMA1_Channel2_3_IRQHandler
 .text.DMA1_Channel4_5_6_7_DMAMUX_DMA2_Channel1_2_3_4_5_IRQHandler
                0x0800353e       0x16 ./Source/stm32g0xx_it.o
                0x0800353e                DMA1_Channel4_5_6_7_DMAMUX_DMA2_Channel1_2_3_4_5_IRQHandler
 .text._sbrk    0x08003554       0x6c ./Source/sysmem.o
                0x08003554                _sbrk
 .text.SystemInit
                0x080035c0        0xa ./Source/system_stm32g0xx.o
                0x080035c0                SystemInit
 *fill*         0x080035ca        0x2 
 .text.SystemCoreClockUpdate
                0x080035cc      0x108 ./Source/system_stm32g0xx.o
                0x080035cc                SystemCoreClockUpdate
 .text.ethernetInit
                0x080036d4       0x74 ./Source/task/ethernet.o
                0x080036d4                ethernetInit
 .text.Load_Net_Parameters
                0x08003748       0x98 ./Source/task/ethernet.o
 .text.network_init
                0x080037e0      0x234 ./Source/task/ethernet.o
                0x080037e0                network_init
 .text.LL_GPIO_SetOutputPin
                0x08003a14       0x18 ./Source/task/handlerIOTask.o
 .text.LL_GPIO_ResetOutputPin
                0x08003a2c       0x18 ./Source/task/handlerIOTask.o
 .text.putcomdata
                0x08003a44       0x90 ./Source/task/handlerIOTask.o
                0x08003a44                putcomdata
 .text.handler_comdata
                0x08003ad4       0x98 ./Source/task/handlerIOTask.o
                0x08003ad4                handler_comdata
 .text.RJ45_IO_setup
                0x08003b6c       0x40 ./Source/task/handlerIOTask.o
                0x08003b6c                RJ45_IO_setup
 .text.RJ45_set_output
                0x08003bac      0x104 ./Source/task/handlerIOTask.o
                0x08003bac                RJ45_set_output
 .text.__NVIC_SetPriority
                0x08003cb0       0xdc ./Source/task/main.o
 .text.SysTick_Config
                0x08003d8c       0x48 ./Source/task/main.o
 .text.LL_RCC_HSE_Enable
                0x08003dd4       0x1c ./Source/task/main.o
 .text.LL_RCC_HSE_IsReady
                0x08003df0       0x28 ./Source/task/main.o
 .text.LL_RCC_SetSysClkSource
                0x08003e18       0x28 ./Source/task/main.o
 .text.LL_RCC_GetSysClkSource
                0x08003e40       0x18 ./Source/task/main.o
 .text.LL_RCC_SetAHBPrescaler
                0x08003e58       0x2c ./Source/task/main.o
 .text.LL_RCC_SetAPB1Prescaler
                0x08003e84       0x2c ./Source/task/main.o
 .text.LL_RCC_PLL_Enable
                0x08003eb0       0x1c ./Source/task/main.o
 .text.LL_RCC_PLL_IsReady
                0x08003ecc       0x28 ./Source/task/main.o
 .text.LL_RCC_PLL_ConfigDomain_SYS
                0x08003ef4       0x40 ./Source/task/main.o
 .text.LL_RCC_PLL_EnableDomain_SYS
                0x08003f34       0x1c ./Source/task/main.o
 .text.LL_APB1_GRP1_EnableClock
                0x08003f50       0x2c ./Source/task/main.o
 .text.LL_APB2_GRP1_EnableClock
                0x08003f7c       0x2c ./Source/task/main.o
 .text.LL_SYSCFG_DisableDBATT
                0x08003fa8       0x20 ./Source/task/main.o
 .text.LL_FLASH_SetLatency
                0x08003fc8       0x28 ./Source/task/main.o
 .text.LL_FLASH_GetLatency
                0x08003ff0       0x18 ./Source/task/main.o
 .text.main     0x08004008       0x30 ./Source/task/main.o
                0x08004008                main
 .text.setup    0x08004038      0x184 ./Source/task/main.o
 .text.SystemClock_Config
                0x080041bc       0xa4 ./Source/task/main.o
 .text.PCA9555_Write
                0x08004260       0x46 ./Source/user_lib/PCA9555.o
                0x08004260                PCA9555_Write
 .text.PCA9555_Init16
                0x080042a6       0x42 ./Source/user_lib/PCA9555.o
                0x080042a6                PCA9555_Init16
 .text.PCA9555_Write16
                0x080042e8       0x42 ./Source/user_lib/PCA9555.o
                0x080042e8                PCA9555_Write16
 .text.queue_init
                0x0800432a       0x4a ./Source/user_lib/queue.o
                0x0800432a                queue_init
 .text.queue_put
                0x08004374       0x5a ./Source/user_lib/queue.o
                0x08004374                queue_put
 .text.queue_get
                0x080043ce       0x68 ./Source/user_lib/queue.o
                0x080043ce                queue_get
 *fill*         0x08004436        0x2 
 .text.Reset_Handler
                0x08004438       0x50 ./Startup/startup_stm32g0b0retx.o
                0x08004438                Reset_Handler
 .text.Default_Handler
                0x08004488        0x2 ./Startup/startup_stm32g0b0retx.o
                0x08004488                TIM1_CC_IRQHandler
                0x08004488                RTC_STAMP_IRQHandler
                0x08004488                I2C1_IRQHandler
                0x08004488                SPI1_IRQHandler
                0x08004488                TIM6_DAC_IRQHandler
                0x08004488                EXTI2_3_IRQHandler
                0x08004488                I2C2_IRQHandler
                0x08004488                TIM17_IRQHandler
                0x08004488                TIM16_IRQHandler
                0x08004488                EXTI4_15_IRQHandler
                0x08004488                RCC_IRQHandler
                0x08004488                Default_Handler
                0x08004488                TIM14_IRQHandler
                0x08004488                ADC_IRQHandler
                0x08004488                TIM7_IRQHandler
                0x08004488                TIM15_IRQHandler
                0x08004488                TIM3_TIM4_IRQHandler
                0x08004488                EXTI0_1_IRQHandler
                0x08004488                WWDG_IRQHandler
                0x08004488                SPI2_SPI3_IRQHandler
                0x08004488                FLASH_IRQHandler
                0x08004488                TIM1_BRK_UP_TRG_COM_IRQHandler
 *fill*         0x0800448a        0x2 
 .text.malloc   0x0800448c       0x14 C:/ST/STM32CubeIDE_1.17.0/STM32CubeIDE/plugins/com.st.stm32cube.ide.mcu.externaltools.gnu-tools-for-stm32.12.3.rel1.win32_1.1.0.202410251130/tools/bin/../lib/gcc/arm-none-eabi/12.3.1/../../../../arm-none-eabi/lib/thumb/v6-m/nofp\libc_nano.a(libc_a-malloc.o)
                0x0800448c                malloc
 .text.free     0x080044a0       0x14 C:/ST/STM32CubeIDE_1.17.0/STM32CubeIDE/plugins/com.st.stm32cube.ide.mcu.externaltools.gnu-tools-for-stm32.12.3.rel1.win32_1.1.0.202410251130/tools/bin/../lib/gcc/arm-none-eabi/12.3.1/../../../../arm-none-eabi/lib/thumb/v6-m/nofp\libc_nano.a(libc_a-malloc.o)
                0x080044a0                free
 .text.sbrk_aligned
                0x080044b4       0x44 C:/ST/STM32CubeIDE_1.17.0/STM32CubeIDE/plugins/com.st.stm32cube.ide.mcu.externaltools.gnu-tools-for-stm32.12.3.rel1.win32_1.1.0.202410251130/tools/bin/../lib/gcc/arm-none-eabi/12.3.1/../../../../arm-none-eabi/lib/thumb/v6-m/nofp\libc_nano.a(libc_a-mallocr.o)
 .text._malloc_r
                0x080044f8      0x100 C:/ST/STM32CubeIDE_1.17.0/STM32CubeIDE/plugins/com.st.stm32cube.ide.mcu.externaltools.gnu-tools-for-stm32.12.3.rel1.win32_1.1.0.202410251130/tools/bin/../lib/gcc/arm-none-eabi/12.3.1/../../../../arm-none-eabi/lib/thumb/v6-m/nofp\libc_nano.a(libc_a-mallocr.o)
                0x080044f8                _malloc_r
 .text.__malloc_lock
                0x080045f8       0x10 C:/ST/STM32CubeIDE_1.17.0/STM32CubeIDE/plugins/com.st.stm32cube.ide.mcu.externaltools.gnu-tools-for-stm32.12.3.rel1.win32_1.1.0.202410251130/tools/bin/../lib/gcc/arm-none-eabi/12.3.1/../../../../arm-none-eabi/lib/thumb/v6-m/nofp\libc_nano.a(libc_a-mlock.o)
                0x080045f8                __malloc_lock
 .text.__malloc_unlock
                0x08004608       0x10 C:/ST/STM32CubeIDE_1.17.0/STM32CubeIDE/plugins/com.st.stm32cube.ide.mcu.externaltools.gnu-tools-for-stm32.12.3.rel1.win32_1.1.0.202410251130/tools/bin/../lib/gcc/arm-none-eabi/12.3.1/../../../../arm-none-eabi/lib/thumb/v6-m/nofp\libc_nano.a(libc_a-mlock.o)
                0x08004608                __malloc_unlock
 .text.sprintf  0x08004618       0x40 C:/ST/STM32CubeIDE_1.17.0/STM32CubeIDE/plugins/com.st.stm32cube.ide.mcu.externaltools.gnu-tools-for-stm32.12.3.rel1.win32_1.1.0.202410251130/tools/bin/../lib/gcc/arm-none-eabi/12.3.1/../../../../arm-none-eabi/lib/thumb/v6-m/nofp\libc_nano.a(libc_a-sprintf.o)
                0x08004618                siprintf
                0x08004618                sprintf
 .text.memset   0x08004658       0x10 C:/ST/STM32CubeIDE_1.17.0/STM32CubeIDE/plugins/com.st.stm32cube.ide.mcu.externaltools.gnu-tools-for-stm32.12.3.rel1.win32_1.1.0.202410251130/tools/bin/../lib/gcc/arm-none-eabi/12.3.1/../../../../arm-none-eabi/lib/thumb/v6-m/nofp\libc_nano.a(libc_a-memset.o)
                0x08004658                memset
 .text._sbrk_r  0x08004668       0x24 C:/ST/STM32CubeIDE_1.17.0/STM32CubeIDE/plugins/com.st.stm32cube.ide.mcu.externaltools.gnu-tools-for-stm32.12.3.rel1.win32_1.1.0.202410251130/tools/bin/../lib/gcc/arm-none-eabi/12.3.1/../../../../arm-none-eabi/lib/thumb/v6-m/nofp\libc_nano.a(libc_a-sbrkr.o)
                0x08004668                _sbrk_r
 .text.__errno  0x0800468c        0xc C:/ST/STM32CubeIDE_1.17.0/STM32CubeIDE/plugins/com.st.stm32cube.ide.mcu.externaltools.gnu-tools-for-stm32.12.3.rel1.win32_1.1.0.202410251130/tools/bin/../lib/gcc/arm-none-eabi/12.3.1/../../../../arm-none-eabi/lib/thumb/v6-m/nofp\libc_nano.a(libc_a-errno.o)
                0x0800468c                __errno
 .text.__libc_init_array
                0x08004698       0x48 C:/ST/STM32CubeIDE_1.17.0/STM32CubeIDE/plugins/com.st.stm32cube.ide.mcu.externaltools.gnu-tools-for-stm32.12.3.rel1.win32_1.1.0.202410251130/tools/bin/../lib/gcc/arm-none-eabi/12.3.1/../../../../arm-none-eabi/lib/thumb/v6-m/nofp\libc_nano.a(libc_a-init.o)
                0x08004698                __libc_init_array
 .text.__retarget_lock_acquire_recursive
                0x080046e0        0x2 C:/ST/STM32CubeIDE_1.17.0/STM32CubeIDE/plugins/com.st.stm32cube.ide.mcu.externaltools.gnu-tools-for-stm32.12.3.rel1.win32_1.1.0.202410251130/tools/bin/../lib/gcc/arm-none-eabi/12.3.1/../../../../arm-none-eabi/lib/thumb/v6-m/nofp\libc_nano.a(libc_a-lock.o)
                0x080046e0                __retarget_lock_acquire_recursive
 .text.__retarget_lock_release_recursive
                0x080046e2        0x2 C:/ST/STM32CubeIDE_1.17.0/STM32CubeIDE/plugins/com.st.stm32cube.ide.mcu.externaltools.gnu-tools-for-stm32.12.3.rel1.win32_1.1.0.202410251130/tools/bin/../lib/gcc/arm-none-eabi/12.3.1/../../../../arm-none-eabi/lib/thumb/v6-m/nofp\libc_nano.a(libc_a-lock.o)
                0x080046e2                __retarget_lock_release_recursive
 .text.memcpy   0x080046e4       0x12 C:/ST/STM32CubeIDE_1.17.0/STM32CubeIDE/plugins/com.st.stm32cube.ide.mcu.externaltools.gnu-tools-for-stm32.12.3.rel1.win32_1.1.0.202410251130/tools/bin/../lib/gcc/arm-none-eabi/12.3.1/../../../../arm-none-eabi/lib/thumb/v6-m/nofp\libc_nano.a(libc_a-memcpy-stub.o)
                0x080046e4                memcpy
 *fill*         0x080046f6        0x2 
 .text._free_r  0x080046f8       0x94 C:/ST/STM32CubeIDE_1.17.0/STM32CubeIDE/plugins/com.st.stm32cube.ide.mcu.externaltools.gnu-tools-for-stm32.12.3.rel1.win32_1.1.0.202410251130/tools/bin/../lib/gcc/arm-none-eabi/12.3.1/../../../../arm-none-eabi/lib/thumb/v6-m/nofp\libc_nano.a(libc_a-freer.o)
                0x080046f8                _free_r
 .text.__ssputs_r
                0x0800478c       0xc0 C:/ST/STM32CubeIDE_1.17.0/STM32CubeIDE/plugins/com.st.stm32cube.ide.mcu.externaltools.gnu-tools-for-stm32.12.3.rel1.win32_1.1.0.202410251130/tools/bin/../lib/gcc/arm-none-eabi/12.3.1/../../../../arm-none-eabi/lib/thumb/v6-m/nofp\libc_nano.a(libc_a-nano-svfprintf.o)
                0x0800478c                __ssputs_r
 .text._svfprintf_r
                0x0800484c      0x1fc C:/ST/STM32CubeIDE_1.17.0/STM32CubeIDE/plugins/com.st.stm32cube.ide.mcu.externaltools.gnu-tools-for-stm32.12.3.rel1.win32_1.1.0.202410251130/tools/bin/../lib/gcc/arm-none-eabi/12.3.1/../../../../arm-none-eabi/lib/thumb/v6-m/nofp\libc_nano.a(libc_a-nano-svfprintf.o)
                0x0800484c                _svfiprintf_r
                0x0800484c                _svfprintf_r
 .text._printf_common
                0x08004a48       0xde C:/ST/STM32CubeIDE_1.17.0/STM32CubeIDE/plugins/com.st.stm32cube.ide.mcu.externaltools.gnu-tools-for-stm32.12.3.rel1.win32_1.1.0.202410251130/tools/bin/../lib/gcc/arm-none-eabi/12.3.1/../../../../arm-none-eabi/lib/thumb/v6-m/nofp\libc_nano.a(libc_a-nano-vfprintf_i.o)
                0x08004a48                _printf_common
 *fill*         0x08004b26        0x2 
 .text._printf_i
                0x08004b28      0x21c C:/ST/STM32CubeIDE_1.17.0/STM32CubeIDE/plugins/com.st.stm32cube.ide.mcu.externaltools.gnu-tools-for-stm32.12.3.rel1.win32_1.1.0.202410251130/tools/bin/../lib/gcc/arm-none-eabi/12.3.1/../../../../arm-none-eabi/lib/thumb/v6-m/nofp\libc_nano.a(libc_a-nano-vfprintf_i.o)
                0x08004b28                _printf_i
 .text.memmove  0x08004d44       0x26 C:/ST/STM32CubeIDE_1.17.0/STM32CubeIDE/plugins/com.st.stm32cube.ide.mcu.externaltools.gnu-tools-for-stm32.12.3.rel1.win32_1.1.0.202410251130/tools/bin/../lib/gcc/arm-none-eabi/12.3.1/../../../../arm-none-eabi/lib/thumb/v6-m/nofp\libc_nano.a(libc_a-memmove.o)
                0x08004d44                memmove
 .text.memchr   0x08004d6a       0x16 C:/ST/STM32CubeIDE_1.17.0/STM32CubeIDE/plugins/com.st.stm32cube.ide.mcu.externaltools.gnu-tools-for-stm32.12.3.rel1.win32_1.1.0.202410251130/tools/bin/../lib/gcc/arm-none-eabi/12.3.1/../../../../arm-none-eabi/lib/thumb/v6-m/nofp\libc_nano.a(libc_a-memchr-stub.o)
                0x08004d6a                memchr
 .text._realloc_r
                0x08004d80       0x5e C:/ST/STM32CubeIDE_1.17.0/STM32CubeIDE/plugins/com.st.stm32cube.ide.mcu.externaltools.gnu-tools-for-stm32.12.3.rel1.win32_1.1.0.202410251130/tools/bin/../lib/gcc/arm-none-eabi/12.3.1/../../../../arm-none-eabi/lib/thumb/v6-m/nofp\libc_nano.a(libc_a-reallocr.o)
                0x08004d80                _realloc_r
 .text._malloc_usable_size_r
                0x08004dde       0x10 C:/ST/STM32CubeIDE_1.17.0/STM32CubeIDE/plugins/com.st.stm32cube.ide.mcu.externaltools.gnu-tools-for-stm32.12.3.rel1.win32_1.1.0.202410251130/tools/bin/../lib/gcc/arm-none-eabi/12.3.1/../../../../arm-none-eabi/lib/thumb/v6-m/nofp\libc_nano.a(libc_a-msizer.o)
                0x08004dde                _malloc_usable_size_r
 *(.glue_7)
 .glue_7        0x08004dee        0x0 linker stubs
 *(.glue_7t)
 .glue_7t       0x08004dee        0x0 linker stubs
 *(.eh_frame)
 *fill*         0x08004dee        0x2 
 .eh_frame      0x08004df0        0x0 C:/ST/STM32CubeIDE_1.17.0/STM32CubeIDE/plugins/com.st.stm32cube.ide.mcu.externaltools.gnu-tools-for-stm32.12.3.rel1.win32_1.1.0.202410251130/tools/bin/../lib/gcc/arm-none-eabi/12.3.1/thumb/v6-m/nofp/crtbegin.o
 *(.init)
 .init          0x08004df0        0x4 C:/ST/STM32CubeIDE_1.17.0/STM32CubeIDE/plugins/com.st.stm32cube.ide.mcu.externaltools.gnu-tools-for-stm32.12.3.rel1.win32_1.1.0.202410251130/tools/bin/../lib/gcc/arm-none-eabi/12.3.1/thumb/v6-m/nofp/crti.o
                0x08004df0                _init
 .init          0x08004df4        0x8 C:/ST/STM32CubeIDE_1.17.0/STM32CubeIDE/plugins/com.st.stm32cube.ide.mcu.externaltools.gnu-tools-for-stm32.12.3.rel1.win32_1.1.0.202410251130/tools/bin/../lib/gcc/arm-none-eabi/12.3.1/thumb/v6-m/nofp/crtn.o
 *(.fini)
 .fini          0x08004dfc        0x4 C:/ST/STM32CubeIDE_1.17.0/STM32CubeIDE/plugins/com.st.stm32cube.ide.mcu.externaltools.gnu-tools-for-stm32.12.3.rel1.win32_1.1.0.202410251130/tools/bin/../lib/gcc/arm-none-eabi/12.3.1/thumb/v6-m/nofp/crti.o
                0x08004dfc                _fini
 .fini          0x08004e00        0x8 C:/ST/STM32CubeIDE_1.17.0/STM32CubeIDE/plugins/com.st.stm32cube.ide.mcu.externaltools.gnu-tools-for-stm32.12.3.rel1.win32_1.1.0.202410251130/tools/bin/../lib/gcc/arm-none-eabi/12.3.1/thumb/v6-m/nofp/crtn.o
                0x08004e08                        . = ALIGN (0x4)
                0x08004e08                        _etext = .

.vfp11_veneer   0x08004e08        0x0
 .vfp11_veneer  0x08004e08        0x0 linker stubs

.v4_bx          0x08004e08        0x0
 .v4_bx         0x08004e08        0x0 linker stubs

.iplt           0x08004e08        0x0
 .iplt          0x08004e08        0x0 C:/ST/STM32CubeIDE_1.17.0/STM32CubeIDE/plugins/com.st.stm32cube.ide.mcu.externaltools.gnu-tools-for-stm32.12.3.rel1.win32_1.1.0.202410251130/tools/bin/../lib/gcc/arm-none-eabi/12.3.1/thumb/v6-m/nofp/crtbegin.o

.rodata         0x08004e08      0x2f0
                0x08004e08                        . = ALIGN (0x4)
 *(.rodata)
 .rodata        0x08004e08       0xe0 ./Source/task/ethernet.o
 .rodata        0x08004ee8       0xdd ./Source/task/main.o
 *(.rodata*)
 *fill*         0x08004fc5        0x3 
 .rodata.ctlwizchip
                0x08004fc8       0x40 ./Ethernet/wizchip_conf.o
 .rodata.ctlnetwork
                0x08005008       0x18 ./Ethernet/wizchip_conf.o
 .rodata.CHANNEL_OFFSET_TAB
                0x08005020        0x7 ./Source/peripherals_driver/uart.o
 *fill*         0x08005027        0x1 
 .rodata.USART_PRESCALER_TAB
                0x08005028       0x30 ./Source/peripherals_driver/uart.o
 .rodata.AHBPrescTable
                0x08005058       0x40 ./Source/system_stm32g0xx.o
                0x08005058                AHBPrescTable
 .rodata.PCA9555_addr
                0x08005098        0x4 ./Source/task/handlerIOTask.o
                0x08005098                PCA9555_addr
 .rodata.PCA9555_port_config
                0x0800509c        0x8 ./Source/task/handlerIOTask.o
                0x0800509c                PCA9555_port_config
 .rodata.PCA9555_mask_out
                0x080050a4       0x20 ./Source/task/handlerIOTask.o
                0x080050a4                PCA9555_mask_out
 .rodata._svfprintf_r.str1.1
                0x080050c4       0x11 C:/ST/STM32CubeIDE_1.17.0/STM32CubeIDE/plugins/com.st.stm32cube.ide.mcu.externaltools.gnu-tools-for-stm32.12.3.rel1.win32_1.1.0.202410251130/tools/bin/../lib/gcc/arm-none-eabi/12.3.1/../../../../arm-none-eabi/lib/thumb/v6-m/nofp\libc_nano.a(libc_a-nano-svfprintf.o)
 .rodata._printf_i.str1.1
                0x080050d5       0x22 C:/ST/STM32CubeIDE_1.17.0/STM32CubeIDE/plugins/com.st.stm32cube.ide.mcu.externaltools.gnu-tools-for-stm32.12.3.rel1.win32_1.1.0.202410251130/tools/bin/../lib/gcc/arm-none-eabi/12.3.1/../../../../arm-none-eabi/lib/thumb/v6-m/nofp\libc_nano.a(libc_a-nano-vfprintf_i.o)
                0x080050f8                        . = ALIGN (0x4)
 *fill*         0x080050f7        0x1 

.ARM.extab      0x080050f8        0x0
                0x080050f8                        . = ALIGN (0x4)
 *(.ARM.extab* .gnu.linkonce.armextab.*)
                0x080050f8                        . = ALIGN (0x4)

.ARM            0x080050f8        0x0
                0x080050f8                        . = ALIGN (0x4)
                0x080050f8                        __exidx_start = .
 *(.ARM.exidx*)
                0x080050f8                        __exidx_end = .
                0x080050f8                        . = ALIGN (0x4)

.preinit_array  0x080050f8        0x0
                0x080050f8                        . = ALIGN (0x4)
                0x080050f8                        PROVIDE (__preinit_array_start = .)
 *(.preinit_array*)
                0x080050f8                        PROVIDE (__preinit_array_end = .)
                0x080050f8                        . = ALIGN (0x4)

.init_array     0x080050f8        0x4
                0x080050f8                        . = ALIGN (0x4)
                0x080050f8                        PROVIDE (__init_array_start = .)
 *(SORT_BY_NAME(.init_array.*))
 *(.init_array*)
 .init_array    0x080050f8        0x4 C:/ST/STM32CubeIDE_1.17.0/STM32CubeIDE/plugins/com.st.stm32cube.ide.mcu.externaltools.gnu-tools-for-stm32.12.3.rel1.win32_1.1.0.202410251130/tools/bin/../lib/gcc/arm-none-eabi/12.3.1/thumb/v6-m/nofp/crtbegin.o
                0x080050fc                        PROVIDE (__init_array_end = .)
                0x080050fc                        . = ALIGN (0x4)

.fini_array     0x080050fc        0x4
                0x080050fc                        . = ALIGN (0x4)
                [!provide]                        PROVIDE (__fini_array_start = .)
 *(SORT_BY_NAME(.fini_array.*))
 *(.fini_array*)
 .fini_array    0x080050fc        0x4 C:/ST/STM32CubeIDE_1.17.0/STM32CubeIDE/plugins/com.st.stm32cube.ide.mcu.externaltools.gnu-tools-for-stm32.12.3.rel1.win32_1.1.0.202410251130/tools/bin/../lib/gcc/arm-none-eabi/12.3.1/thumb/v6-m/nofp/crtbegin.o
                [!provide]                        PROVIDE (__fini_array_end = .)
                0x08005100                        . = ALIGN (0x4)
                0x08005100                        _sidata = LOADADDR (.data)

.rel.dyn        0x08005100        0x0
 .rel.iplt      0x08005100        0x0 C:/ST/STM32CubeIDE_1.17.0/STM32CubeIDE/plugins/com.st.stm32cube.ide.mcu.externaltools.gnu-tools-for-stm32.12.3.rel1.win32_1.1.0.202410251130/tools/bin/../lib/gcc/arm-none-eabi/12.3.1/thumb/v6-m/nofp/crtbegin.o

.data           0x20000000       0x90 load address 0x08005100
                0x20000000                        . = ALIGN (0x4)
                0x20000000                        _sdata = .
 *(.data)
 *(.data*)
 .data.WIZCHIP  0x20000000       0x2c ./Ethernet/wizchip_conf.o
                0x20000000                WIZCHIP
 .data.SystemCoreClock
                0x2000002c        0x4 ./Source/system_stm32g0xx.o
                0x2000002c                SystemCoreClock
 .data.memsize  0x20000030       0x10 ./Source/task/ethernet.o
                0x20000030                memsize
 .data._impure_ptr
                0x20000040        0x4 C:/ST/STM32CubeIDE_1.17.0/STM32CubeIDE/plugins/com.st.stm32cube.ide.mcu.externaltools.gnu-tools-for-stm32.12.3.rel1.win32_1.1.0.202410251130/tools/bin/../lib/gcc/arm-none-eabi/12.3.1/../../../../arm-none-eabi/lib/thumb/v6-m/nofp\libc_nano.a(libc_a-impure.o)
                0x20000040                _impure_ptr
 .data._impure_data
                0x20000044       0x4c C:/ST/STM32CubeIDE_1.17.0/STM32CubeIDE/plugins/com.st.stm32cube.ide.mcu.externaltools.gnu-tools-for-stm32.12.3.rel1.win32_1.1.0.202410251130/tools/bin/../lib/gcc/arm-none-eabi/12.3.1/../../../../arm-none-eabi/lib/thumb/v6-m/nofp\libc_nano.a(libc_a-impure.o)
                0x20000044                _impure_data
 *(.RamFunc)
 *(.RamFunc*)
                0x20000090                        . = ALIGN (0x4)
                0x20000090                        _edata = .

.igot.plt       0x20000090        0x0 load address 0x08005190
 .igot.plt      0x20000090        0x0 C:/ST/STM32CubeIDE_1.17.0/STM32CubeIDE/plugins/com.st.stm32cube.ide.mcu.externaltools.gnu-tools-for-stm32.12.3.rel1.win32_1.1.0.202410251130/tools/bin/../lib/gcc/arm-none-eabi/12.3.1/thumb/v6-m/nofp/crtbegin.o
                0x20000090                        . = ALIGN (0x4)

.bss            0x20000090      0xda0 load address 0x08005190
                0x20000090                        _sbss = .
                0x20000090                        __bss_start__ = _sbss
 *(.bss)
 .bss           0x20000090       0x1c C:/ST/STM32CubeIDE_1.17.0/STM32CubeIDE/plugins/com.st.stm32cube.ide.mcu.externaltools.gnu-tools-for-stm32.12.3.rel1.win32_1.1.0.202410251130/tools/bin/../lib/gcc/arm-none-eabi/12.3.1/thumb/v6-m/nofp/crtbegin.o
 *(.bss*)
 .bss._DNS_     0x200000ac        0x4 ./Ethernet/wizchip_conf.o
 .bss._DHCP_    0x200000b0        0x1 ./Ethernet/wizchip_conf.o
 *fill*         0x200000b1        0x3 
 .bss.log_buf   0x200000b4      0x400 ./Source/bsp/platform.o
                0x200000b4                log_buf
 .bss.usart1_rxBuffer
                0x200004b4      0x400 ./Source/peripherals_driver/uart.o
                0x200004b4                usart1_rxBuffer
 .bss.usart3_rxBuffer
                0x200008b4      0x400 ./Source/peripherals_driver/uart.o
                0x200008b4                usart3_rxBuffer
 .bss.u32tickCount
                0x20000cb4        0x4 ./Source/stm32g0xx_it.o
 .bss.__sbrk_heap_end
                0x20000cb8        0x4 ./Source/sysmem.o
 .bss.gWIZNETINFO
                0x20000cbc       0x17 ./Source/task/ethernet.o
                0x20000cbc                gWIZNETINFO
 *fill*         0x20000cd3        0x1 
 .bss.u32MiliCount
                0x20000cd4        0x4 ./Source/task/main.o
                0x20000cd4                u32MiliCount
 .bss.u32SecCount
                0x20000cd8        0x4 ./Source/task/main.o
                0x20000cd8                u32SecCount
 .bss.u32lastprint
                0x20000cdc        0x4 ./Source/task/main.o
 .bss.DP_RxQueue
                0x20000ce0        0x4 ./Source/task/main.o
                0x20000ce0                DP_RxQueue
 .bss.DP_TxQueue
                0x20000ce4        0x4 ./Source/task/main.o
                0x20000ce4                DP_TxQueue
 .bss.__malloc_sbrk_start
                0x20000ce8        0x4 C:/ST/STM32CubeIDE_1.17.0/STM32CubeIDE/plugins/com.st.stm32cube.ide.mcu.externaltools.gnu-tools-for-stm32.12.3.rel1.win32_1.1.0.202410251130/tools/bin/../lib/gcc/arm-none-eabi/12.3.1/../../../../arm-none-eabi/lib/thumb/v6-m/nofp\libc_nano.a(libc_a-mallocr.o)
                0x20000ce8                __malloc_sbrk_start
 .bss.__malloc_free_list
                0x20000cec        0x4 C:/ST/STM32CubeIDE_1.17.0/STM32CubeIDE/plugins/com.st.stm32cube.ide.mcu.externaltools.gnu-tools-for-stm32.12.3.rel1.win32_1.1.0.202410251130/tools/bin/../lib/gcc/arm-none-eabi/12.3.1/../../../../arm-none-eabi/lib/thumb/v6-m/nofp\libc_nano.a(libc_a-mallocr.o)
                0x20000cec                __malloc_free_list
 .bss.__sf      0x20000cf0      0x138 C:/ST/STM32CubeIDE_1.17.0/STM32CubeIDE/plugins/com.st.stm32cube.ide.mcu.externaltools.gnu-tools-for-stm32.12.3.rel1.win32_1.1.0.202410251130/tools/bin/../lib/gcc/arm-none-eabi/12.3.1/../../../../arm-none-eabi/lib/thumb/v6-m/nofp\libc_nano.a(libc_a-findfp.o)
                0x20000cf0                __sf
 .bss.errno     0x20000e28        0x4 C:/ST/STM32CubeIDE_1.17.0/STM32CubeIDE/plugins/com.st.stm32cube.ide.mcu.externaltools.gnu-tools-for-stm32.12.3.rel1.win32_1.1.0.202410251130/tools/bin/../lib/gcc/arm-none-eabi/12.3.1/../../../../arm-none-eabi/lib/thumb/v6-m/nofp\libc_nano.a(libc_a-reent.o)
                0x20000e28                errno
 .bss.__lock___malloc_recursive_mutex
                0x20000e2c        0x1 C:/ST/STM32CubeIDE_1.17.0/STM32CubeIDE/plugins/com.st.stm32cube.ide.mcu.externaltools.gnu-tools-for-stm32.12.3.rel1.win32_1.1.0.202410251130/tools/bin/../lib/gcc/arm-none-eabi/12.3.1/../../../../arm-none-eabi/lib/thumb/v6-m/nofp\libc_nano.a(libc_a-lock.o)
                0x20000e2c                __lock___malloc_recursive_mutex
 *(COMMON)
                0x20000e30                        . = ALIGN (0x4)
 *fill*         0x20000e2d        0x3 
                0x20000e30                        _ebss = .
                0x20000e30                        __bss_end__ = _ebss

._user_heap_stack
                0x20000e30      0x600 load address 0x08005190
                0x20000e30                        . = ALIGN (0x8)
                [!provide]                        PROVIDE (end = .)
                0x20000e30                        PROVIDE (_end = .)
                0x20001030                        . = (. + _Min_Heap_Size)
 *fill*         0x20000e30      0x200 
                0x20001430                        . = (. + _Min_Stack_Size)
 *fill*         0x20001030      0x400 
                0x20001430                        . = ALIGN (0x8)

/DISCARD/
 libc.a(*)
 libm.a(*)
 libgcc.a(*)

.ARM.attributes
                0x00000000       0x28
 *(.ARM.attributes)
 .ARM.attributes
                0x00000000       0x1e C:/ST/STM32CubeIDE_1.17.0/STM32CubeIDE/plugins/com.st.stm32cube.ide.mcu.externaltools.gnu-tools-for-stm32.12.3.rel1.win32_1.1.0.202410251130/tools/bin/../lib/gcc/arm-none-eabi/12.3.1/thumb/v6-m/nofp/crti.o
 .ARM.attributes
                0x0000001e       0x2c C:/ST/STM32CubeIDE_1.17.0/STM32CubeIDE/plugins/com.st.stm32cube.ide.mcu.externaltools.gnu-tools-for-stm32.12.3.rel1.win32_1.1.0.202410251130/tools/bin/../lib/gcc/arm-none-eabi/12.3.1/thumb/v6-m/nofp/crtbegin.o
 .ARM.attributes
                0x0000004a       0x2c ./Drivers/STM32G0xx_HAL_Driver/Src/stm32g0xx_ll_gpio.o
 .ARM.attributes
                0x00000076       0x2c ./Drivers/STM32G0xx_HAL_Driver/Src/stm32g0xx_ll_i2c.o
 .ARM.attributes
                0x000000a2       0x2c ./Drivers/STM32G0xx_HAL_Driver/Src/stm32g0xx_ll_spi.o
 .ARM.attributes
                0x000000ce       0x2c ./Ethernet/W5500/w5500.o
 .ARM.attributes
                0x000000fa       0x2c ./Ethernet/spi.o
 .ARM.attributes
                0x00000126       0x2c ./Ethernet/wizchip_conf.o
 .ARM.attributes
                0x00000152       0x2c ./Source/bsp/platform.o
 .ARM.attributes
                0x0000017e       0x2c ./Source/peripherals_driver/drv_i2c.o
 .ARM.attributes
                0x000001aa       0x2c ./Source/peripherals_driver/drv_spi.o
 .ARM.attributes
                0x000001d6       0x2c ./Source/peripherals_driver/uart.o
 .ARM.attributes
                0x00000202       0x2c ./Source/stm32g0xx_it.o
 .ARM.attributes
                0x0000022e       0x2c ./Source/sysmem.o
 .ARM.attributes
                0x0000025a       0x2c ./Source/system_stm32g0xx.o
 .ARM.attributes
                0x00000286       0x2c ./Source/task/ethernet.o
 .ARM.attributes
                0x000002b2       0x2c ./Source/task/handlerIOTask.o
 .ARM.attributes
                0x000002de       0x2c ./Source/task/main.o
 .ARM.attributes
                0x0000030a       0x2c ./Source/user_lib/PCA9555.o
 .ARM.attributes
                0x00000336       0x2c ./Source/user_lib/queue.o
 .ARM.attributes
                0x00000362       0x22 ./Startup/startup_stm32g0b0retx.o
 .ARM.attributes
                0x00000384       0x2c C:/ST/STM32CubeIDE_1.17.0/STM32CubeIDE/plugins/com.st.stm32cube.ide.mcu.externaltools.gnu-tools-for-stm32.12.3.rel1.win32_1.1.0.202410251130/tools/bin/../lib/gcc/arm-none-eabi/12.3.1/../../../../arm-none-eabi/lib/thumb/v6-m/nofp\libc_nano.a(libc_a-malloc.o)
 .ARM.attributes
                0x000003b0       0x2c C:/ST/STM32CubeIDE_1.17.0/STM32CubeIDE/plugins/com.st.stm32cube.ide.mcu.externaltools.gnu-tools-for-stm32.12.3.rel1.win32_1.1.0.202410251130/tools/bin/../lib/gcc/arm-none-eabi/12.3.1/../../../../arm-none-eabi/lib/thumb/v6-m/nofp\libc_nano.a(libc_a-mallocr.o)
 .ARM.attributes
                0x000003dc       0x2c C:/ST/STM32CubeIDE_1.17.0/STM32CubeIDE/plugins/com.st.stm32cube.ide.mcu.externaltools.gnu-tools-for-stm32.12.3.rel1.win32_1.1.0.202410251130/tools/bin/../lib/gcc/arm-none-eabi/12.3.1/../../../../arm-none-eabi/lib/thumb/v6-m/nofp\libc_nano.a(libc_a-mlock.o)
 .ARM.attributes
                0x00000408       0x2c C:/ST/STM32CubeIDE_1.17.0/STM32CubeIDE/plugins/com.st.stm32cube.ide.mcu.externaltools.gnu-tools-for-stm32.12.3.rel1.win32_1.1.0.202410251130/tools/bin/../lib/gcc/arm-none-eabi/12.3.1/../../../../arm-none-eabi/lib/thumb/v6-m/nofp\libc_nano.a(libc_a-findfp.o)
 .ARM.attributes
                0x00000434       0x2c C:/ST/STM32CubeIDE_1.17.0/STM32CubeIDE/plugins/com.st.stm32cube.ide.mcu.externaltools.gnu-tools-for-stm32.12.3.rel1.win32_1.1.0.202410251130/tools/bin/../lib/gcc/arm-none-eabi/12.3.1/../../../../arm-none-eabi/lib/thumb/v6-m/nofp\libc_nano.a(libc_a-sprintf.o)
 .ARM.attributes
                0x00000460       0x2c C:/ST/STM32CubeIDE_1.17.0/STM32CubeIDE/plugins/com.st.stm32cube.ide.mcu.externaltools.gnu-tools-for-stm32.12.3.rel1.win32_1.1.0.202410251130/tools/bin/../lib/gcc/arm-none-eabi/12.3.1/../../../../arm-none-eabi/lib/thumb/v6-m/nofp\libc_nano.a(libc_a-memset.o)
 .ARM.attributes
                0x0000048c       0x2c C:/ST/STM32CubeIDE_1.17.0/STM32CubeIDE/plugins/com.st.stm32cube.ide.mcu.externaltools.gnu-tools-for-stm32.12.3.rel1.win32_1.1.0.202410251130/tools/bin/../lib/gcc/arm-none-eabi/12.3.1/../../../../arm-none-eabi/lib/thumb/v6-m/nofp\libc_nano.a(libc_a-reent.o)
 .ARM.attributes
                0x000004b8       0x2c C:/ST/STM32CubeIDE_1.17.0/STM32CubeIDE/plugins/com.st.stm32cube.ide.mcu.externaltools.gnu-tools-for-stm32.12.3.rel1.win32_1.1.0.202410251130/tools/bin/../lib/gcc/arm-none-eabi/12.3.1/../../../../arm-none-eabi/lib/thumb/v6-m/nofp\libc_nano.a(libc_a-impure.o)
 .ARM.attributes
                0x000004e4       0x2c C:/ST/STM32CubeIDE_1.17.0/STM32CubeIDE/plugins/com.st.stm32cube.ide.mcu.externaltools.gnu-tools-for-stm32.12.3.rel1.win32_1.1.0.202410251130/tools/bin/../lib/gcc/arm-none-eabi/12.3.1/../../../../arm-none-eabi/lib/thumb/v6-m/nofp\libc_nano.a(libc_a-sbrkr.o)
 .ARM.attributes
                0x00000510       0x2c C:/ST/STM32CubeIDE_1.17.0/STM32CubeIDE/plugins/com.st.stm32cube.ide.mcu.externaltools.gnu-tools-for-stm32.12.3.rel1.win32_1.1.0.202410251130/tools/bin/../lib/gcc/arm-none-eabi/12.3.1/../../../../arm-none-eabi/lib/thumb/v6-m/nofp\libc_nano.a(libc_a-errno.o)
 .ARM.attributes
                0x0000053c       0x2c C:/ST/STM32CubeIDE_1.17.0/STM32CubeIDE/plugins/com.st.stm32cube.ide.mcu.externaltools.gnu-tools-for-stm32.12.3.rel1.win32_1.1.0.202410251130/tools/bin/../lib/gcc/arm-none-eabi/12.3.1/../../../../arm-none-eabi/lib/thumb/v6-m/nofp\libc_nano.a(libc_a-init.o)
 .ARM.attributes
                0x00000568       0x2c C:/ST/STM32CubeIDE_1.17.0/STM32CubeIDE/plugins/com.st.stm32cube.ide.mcu.externaltools.gnu-tools-for-stm32.12.3.rel1.win32_1.1.0.202410251130/tools/bin/../lib/gcc/arm-none-eabi/12.3.1/../../../../arm-none-eabi/lib/thumb/v6-m/nofp\libc_nano.a(libc_a-lock.o)
 .ARM.attributes
                0x00000594       0x2c C:/ST/STM32CubeIDE_1.17.0/STM32CubeIDE/plugins/com.st.stm32cube.ide.mcu.externaltools.gnu-tools-for-stm32.12.3.rel1.win32_1.1.0.202410251130/tools/bin/../lib/gcc/arm-none-eabi/12.3.1/../../../../arm-none-eabi/lib/thumb/v6-m/nofp\libc_nano.a(libc_a-memcpy-stub.o)
 .ARM.attributes
                0x000005c0       0x1c C:/ST/STM32CubeIDE_1.17.0/STM32CubeIDE/plugins/com.st.stm32cube.ide.mcu.externaltools.gnu-tools-for-stm32.12.3.rel1.win32_1.1.0.202410251130/tools/bin/../lib/gcc/arm-none-eabi/12.3.1/../../../../arm-none-eabi/lib/thumb/v6-m/nofp\libc_nano.a(libc_a-strlen.o)
 .ARM.attributes
                0x000005dc       0x2c C:/ST/STM32CubeIDE_1.17.0/STM32CubeIDE/plugins/com.st.stm32cube.ide.mcu.externaltools.gnu-tools-for-stm32.12.3.rel1.win32_1.1.0.202410251130/tools/bin/../lib/gcc/arm-none-eabi/12.3.1/../../../../arm-none-eabi/lib/thumb/v6-m/nofp\libc_nano.a(libc_a-freer.o)
 .ARM.attributes
                0x00000608       0x2c C:/ST/STM32CubeIDE_1.17.0/STM32CubeIDE/plugins/com.st.stm32cube.ide.mcu.externaltools.gnu-tools-for-stm32.12.3.rel1.win32_1.1.0.202410251130/tools/bin/../lib/gcc/arm-none-eabi/12.3.1/../../../../arm-none-eabi/lib/thumb/v6-m/nofp\libc_nano.a(libc_a-nano-svfprintf.o)
 .ARM.attributes
                0x00000634       0x2c C:/ST/STM32CubeIDE_1.17.0/STM32CubeIDE/plugins/com.st.stm32cube.ide.mcu.externaltools.gnu-tools-for-stm32.12.3.rel1.win32_1.1.0.202410251130/tools/bin/../lib/gcc/arm-none-eabi/12.3.1/../../../../arm-none-eabi/lib/thumb/v6-m/nofp\libc_nano.a(libc_a-nano-vfprintf_i.o)
 .ARM.attributes
                0x00000660       0x2c C:/ST/STM32CubeIDE_1.17.0/STM32CubeIDE/plugins/com.st.stm32cube.ide.mcu.externaltools.gnu-tools-for-stm32.12.3.rel1.win32_1.1.0.202410251130/tools/bin/../lib/gcc/arm-none-eabi/12.3.1/../../../../arm-none-eabi/lib/thumb/v6-m/nofp\libc_nano.a(libc_a-memmove.o)
 .ARM.attributes
                0x0000068c       0x2c C:/ST/STM32CubeIDE_1.17.0/STM32CubeIDE/plugins/com.st.stm32cube.ide.mcu.externaltools.gnu-tools-for-stm32.12.3.rel1.win32_1.1.0.202410251130/tools/bin/../lib/gcc/arm-none-eabi/12.3.1/../../../../arm-none-eabi/lib/thumb/v6-m/nofp\libc_nano.a(libc_a-memchr-stub.o)
 .ARM.attributes
                0x000006b8       0x2c C:/ST/STM32CubeIDE_1.17.0/STM32CubeIDE/plugins/com.st.stm32cube.ide.mcu.externaltools.gnu-tools-for-stm32.12.3.rel1.win32_1.1.0.202410251130/tools/bin/../lib/gcc/arm-none-eabi/12.3.1/../../../../arm-none-eabi/lib/thumb/v6-m/nofp\libc_nano.a(libc_a-reallocr.o)
 .ARM.attributes
                0x000006e4       0x2c C:/ST/STM32CubeIDE_1.17.0/STM32CubeIDE/plugins/com.st.stm32cube.ide.mcu.externaltools.gnu-tools-for-stm32.12.3.rel1.win32_1.1.0.202410251130/tools/bin/../lib/gcc/arm-none-eabi/12.3.1/../../../../arm-none-eabi/lib/thumb/v6-m/nofp\libc_nano.a(libc_a-msizer.o)
 .ARM.attributes
                0x00000710       0x1e C:/ST/STM32CubeIDE_1.17.0/STM32CubeIDE/plugins/com.st.stm32cube.ide.mcu.externaltools.gnu-tools-for-stm32.12.3.rel1.win32_1.1.0.202410251130/tools/bin/../lib/gcc/arm-none-eabi/12.3.1/thumb/v6-m/nofp\libgcc.a(_thumb1_case_shi.o)
 .ARM.attributes
                0x0000072e       0x1e C:/ST/STM32CubeIDE_1.17.0/STM32CubeIDE/plugins/com.st.stm32cube.ide.mcu.externaltools.gnu-tools-for-stm32.12.3.rel1.win32_1.1.0.202410251130/tools/bin/../lib/gcc/arm-none-eabi/12.3.1/thumb/v6-m/nofp\libgcc.a(_udivsi3.o)
 .ARM.attributes
                0x0000074c       0x1e C:/ST/STM32CubeIDE_1.17.0/STM32CubeIDE/plugins/com.st.stm32cube.ide.mcu.externaltools.gnu-tools-for-stm32.12.3.rel1.win32_1.1.0.202410251130/tools/bin/../lib/gcc/arm-none-eabi/12.3.1/thumb/v6-m/nofp\libgcc.a(_dvmd_tls.o)
 .ARM.attributes
                0x0000076a       0x1e C:/ST/STM32CubeIDE_1.17.0/STM32CubeIDE/plugins/com.st.stm32cube.ide.mcu.externaltools.gnu-tools-for-stm32.12.3.rel1.win32_1.1.0.202410251130/tools/bin/../lib/gcc/arm-none-eabi/12.3.1/thumb/v6-m/nofp/crtn.o
OUTPUT(RCUv3.elf elf32-littlearm)
LOAD linker stubs
LOAD C:/ST/STM32CubeIDE_1.17.0/STM32CubeIDE/plugins/com.st.stm32cube.ide.mcu.externaltools.gnu-tools-for-stm32.12.3.rel1.win32_1.1.0.202410251130/tools/bin/../lib/gcc/arm-none-eabi/12.3.1/../../../../arm-none-eabi/lib/thumb/v6-m/nofp\libc.a
LOAD C:/ST/STM32CubeIDE_1.17.0/STM32CubeIDE/plugins/com.st.stm32cube.ide.mcu.externaltools.gnu-tools-for-stm32.12.3.rel1.win32_1.1.0.202410251130/tools/bin/../lib/gcc/arm-none-eabi/12.3.1/../../../../arm-none-eabi/lib/thumb/v6-m/nofp\libm.a
LOAD C:/ST/STM32CubeIDE_1.17.0/STM32CubeIDE/plugins/com.st.stm32cube.ide.mcu.externaltools.gnu-tools-for-stm32.12.3.rel1.win32_1.1.0.202410251130/tools/bin/../lib/gcc/arm-none-eabi/12.3.1/thumb/v6-m/nofp\libgcc.a

.debug_info     0x00000000     0x802e
 .debug_info    0x00000000      0x594 ./Drivers/STM32G0xx_HAL_Driver/Src/stm32g0xx_ll_gpio.o
 .debug_info    0x00000594      0x5a3 ./Drivers/STM32G0xx_HAL_Driver/Src/stm32g0xx_ll_i2c.o
 .debug_info    0x00000b37      0x752 ./Drivers/STM32G0xx_HAL_Driver/Src/stm32g0xx_ll_spi.o
 .debug_info    0x00001289      0x539 ./Ethernet/W5500/w5500.o
 .debug_info    0x000017c2      0x3b3 ./Ethernet/spi.o
 .debug_info    0x00001b75      0xc76 ./Ethernet/wizchip_conf.o
 .debug_info    0x000027eb      0x4f4 ./Source/bsp/platform.o
 .debug_info    0x00002cdf      0xb34 ./Source/peripherals_driver/drv_i2c.o
 .debug_info    0x00003813      0x5c2 ./Source/peripherals_driver/drv_spi.o
 .debug_info    0x00003dd5     0x1b50 ./Source/peripherals_driver/uart.o
 .debug_info    0x00005925      0x1ce ./Source/stm32g0xx_it.o
 .debug_info    0x00005af3      0x168 ./Source/sysmem.o
 .debug_info    0x00005c5b      0x2c1 ./Source/system_stm32g0xx.o
 .debug_info    0x00005f1c      0x5f7 ./Source/task/ethernet.o
 .debug_info    0x00006513      0x79d ./Source/task/handlerIOTask.o
 .debug_info    0x00006cb0      0xd43 ./Source/task/main.o
 .debug_info    0x000079f3      0x405 ./Source/user_lib/PCA9555.o
 .debug_info    0x00007df8      0x206 ./Source/user_lib/queue.o
 .debug_info    0x00007ffe       0x30 ./Startup/startup_stm32g0b0retx.o

.debug_abbrev   0x00000000     0x2425
 .debug_abbrev  0x00000000      0x1a7 ./Drivers/STM32G0xx_HAL_Driver/Src/stm32g0xx_ll_gpio.o
 .debug_abbrev  0x000001a7      0x171 ./Drivers/STM32G0xx_HAL_Driver/Src/stm32g0xx_ll_i2c.o
 .debug_abbrev  0x00000318      0x1fd ./Drivers/STM32G0xx_HAL_Driver/Src/stm32g0xx_ll_spi.o
 .debug_abbrev  0x00000515      0x21f ./Ethernet/W5500/w5500.o
 .debug_abbrev  0x00000734      0x1c1 ./Ethernet/spi.o
 .debug_abbrev  0x000008f5      0x321 ./Ethernet/wizchip_conf.o
 .debug_abbrev  0x00000c16      0x1c3 ./Source/bsp/platform.o
 .debug_abbrev  0x00000dd9      0x297 ./Source/peripherals_driver/drv_i2c.o
 .debug_abbrev  0x00001070      0x20f ./Source/peripherals_driver/drv_spi.o
 .debug_abbrev  0x0000127f      0x421 ./Source/peripherals_driver/uart.o
 .debug_abbrev  0x000016a0      0x101 ./Source/stm32g0xx_it.o
 .debug_abbrev  0x000017a1       0xbc ./Source/sysmem.o
 .debug_abbrev  0x0000185d      0x11b ./Source/system_stm32g0xx.o
 .debug_abbrev  0x00001978      0x20c ./Source/task/ethernet.o
 .debug_abbrev  0x00001b84      0x2dd ./Source/task/handlerIOTask.o
 .debug_abbrev  0x00001e61      0x340 ./Source/task/main.o
 .debug_abbrev  0x000021a1      0x12a ./Source/user_lib/PCA9555.o
 .debug_abbrev  0x000022cb      0x136 ./Source/user_lib/queue.o
 .debug_abbrev  0x00002401       0x24 ./Startup/startup_stm32g0b0retx.o

.debug_aranges  0x00000000      0xa38
 .debug_aranges
                0x00000000       0x70 ./Drivers/STM32G0xx_HAL_Driver/Src/stm32g0xx_ll_gpio.o
 .debug_aranges
                0x00000070       0x88 ./Drivers/STM32G0xx_HAL_Driver/Src/stm32g0xx_ll_i2c.o
 .debug_aranges
                0x000000f8       0x90 ./Drivers/STM32G0xx_HAL_Driver/Src/stm32g0xx_ll_spi.o
 .debug_aranges
                0x00000188       0x60 ./Ethernet/W5500/w5500.o
 .debug_aranges
                0x000001e8       0x50 ./Ethernet/spi.o
 .debug_aranges
                0x00000238      0x138 ./Ethernet/wizchip_conf.o
 .debug_aranges
                0x00000370       0x38 ./Source/bsp/platform.o
 .debug_aranges
                0x000003a8       0xe8 ./Source/peripherals_driver/drv_i2c.o
 .debug_aranges
                0x00000490       0x50 ./Source/peripherals_driver/drv_spi.o
 .debug_aranges
                0x000004e0      0x290 ./Source/peripherals_driver/uart.o
 .debug_aranges
                0x00000770       0x78 ./Source/stm32g0xx_it.o
 .debug_aranges
                0x000007e8       0x20 ./Source/sysmem.o
 .debug_aranges
                0x00000808       0x28 ./Source/system_stm32g0xx.o
 .debug_aranges
                0x00000830       0x30 ./Source/task/ethernet.o
 .debug_aranges
                0x00000860       0x60 ./Source/task/handlerIOTask.o
 .debug_aranges
                0x000008c0       0xb8 ./Source/task/main.o
 .debug_aranges
                0x00000978       0x68 ./Source/user_lib/PCA9555.o
 .debug_aranges
                0x000009e0       0x30 ./Source/user_lib/queue.o
 .debug_aranges
                0x00000a10       0x28 ./Startup/startup_stm32g0b0retx.o

.debug_rnglists
                0x00000000      0x780
 .debug_rnglists
                0x00000000       0x51 ./Drivers/STM32G0xx_HAL_Driver/Src/stm32g0xx_ll_gpio.o
 .debug_rnglists
                0x00000051       0x63 ./Drivers/STM32G0xx_HAL_Driver/Src/stm32g0xx_ll_i2c.o
 .debug_rnglists
                0x000000b4       0x6a ./Drivers/STM32G0xx_HAL_Driver/Src/stm32g0xx_ll_spi.o
 .debug_rnglists
                0x0000011e       0x4c ./Ethernet/W5500/w5500.o
 .debug_rnglists
                0x0000016a       0x37 ./Ethernet/spi.o
 .debug_rnglists
                0x000001a1       0xee ./Ethernet/wizchip_conf.o
 .debug_rnglists
                0x0000028f       0x26 ./Source/bsp/platform.o
 .debug_rnglists
                0x000002b5       0xaf ./Source/peripherals_driver/drv_i2c.o
 .debug_rnglists
                0x00000364       0x38 ./Source/peripherals_driver/drv_spi.o
 .debug_rnglists
                0x0000039c      0x1f0 ./Source/peripherals_driver/uart.o
 .debug_rnglists
                0x0000058c       0x55 ./Source/stm32g0xx_it.o
 .debug_rnglists
                0x000005e1       0x13 ./Source/sysmem.o
 .debug_rnglists
                0x000005f4       0x1a ./Source/system_stm32g0xx.o
 .debug_rnglists
                0x0000060e       0x21 ./Source/task/ethernet.o
 .debug_rnglists
                0x0000062f       0x48 ./Source/task/handlerIOTask.o
 .debug_rnglists
                0x00000677       0x88 ./Source/task/main.o
 .debug_rnglists
                0x000006ff       0x49 ./Source/user_lib/PCA9555.o
 .debug_rnglists
                0x00000748       0x1f ./Source/user_lib/queue.o
 .debug_rnglists
                0x00000767       0x19 ./Startup/startup_stm32g0b0retx.o

.debug_macro    0x00000000     0x4e66
 .debug_macro   0x00000000      0x105 ./Drivers/STM32G0xx_HAL_Driver/Src/stm32g0xx_ll_gpio.o
 .debug_macro   0x00000105      0x140 ./Drivers/STM32G0xx_HAL_Driver/Src/stm32g0xx_ll_gpio.o
 .debug_macro   0x00000245      0x105 ./Drivers/STM32G0xx_HAL_Driver/Src/stm32g0xx_ll_i2c.o
 .debug_macro   0x0000034a      0x247 ./Drivers/STM32G0xx_HAL_Driver/Src/stm32g0xx_ll_i2c.o
 .debug_macro   0x00000591      0x172 ./Drivers/STM32G0xx_HAL_Driver/Src/stm32g0xx_ll_spi.o
 .debug_macro   0x00000703      0x2e4 ./Drivers/STM32G0xx_HAL_Driver/Src/stm32g0xx_ll_spi.o
 .debug_macro   0x000009e7       0x9d ./Ethernet/W5500/w5500.o
 .debug_macro   0x00000a84       0x6c ./Ethernet/W5500/w5500.o
 .debug_macro   0x00000af0       0x66 ./Ethernet/W5500/w5500.o
 .debug_macro   0x00000b56      0x5e7 ./Ethernet/W5500/w5500.o
 .debug_macro   0x0000113d      0x293 ./Ethernet/spi.o
 .debug_macro   0x000013d0      0x189 ./Ethernet/spi.o
 .debug_macro   0x00001559       0x10 ./Ethernet/spi.o
 .debug_macro   0x00001569       0x35 ./Ethernet/spi.o
 .debug_macro   0x0000159e       0x20 ./Ethernet/spi.o
 .debug_macro   0x000015be       0x2e ./Ethernet/spi.o
 .debug_macro   0x000015ec      0x1a0 ./Ethernet/spi.o
 .debug_macro   0x0000178c       0x7d ./Ethernet/spi.o
 .debug_macro   0x00001809      0x40f ./Ethernet/spi.o
 .debug_macro   0x00001c18      0x146 ./Ethernet/spi.o
 .debug_macro   0x00001d5e      0x90f ./Ethernet/spi.o
 .debug_macro   0x0000266d      0x413 ./Ethernet/spi.o
 .debug_macro   0x00002a80      0x25d ./Ethernet/spi.o
 .debug_macro   0x00002cdd       0x94 ./Ethernet/wizchip_conf.o
 .debug_macro   0x00002d71      0x267 ./Source/bsp/platform.o
 .debug_macro   0x00002fd8      0x2a4 ./Source/peripherals_driver/drv_i2c.o
 .debug_macro   0x0000327c      0x24d ./Source/peripherals_driver/drv_i2c.o
 .debug_macro   0x000034c9      0x136 ./Source/peripherals_driver/drv_spi.o
 .debug_macro   0x000035ff      0x2ea ./Source/peripherals_driver/drv_spi.o
 .debug_macro   0x000038e9      0x35e ./Source/peripherals_driver/uart.o
 .debug_macro   0x00003c47       0x77 ./Source/stm32g0xx_it.o
 .debug_macro   0x00003cbe       0xff ./Source/sysmem.o
 .debug_macro   0x00003dbd      0x23c ./Source/sysmem.o
 .debug_macro   0x00003ff9       0xdb ./Source/system_stm32g0xx.o
 .debug_macro   0x000040d4      0x30f ./Source/task/ethernet.o
 .debug_macro   0x000043e3      0x281 ./Source/task/handlerIOTask.o
 .debug_macro   0x00004664      0x27f ./Source/task/main.o
 .debug_macro   0x000048e3      0x29b ./Source/user_lib/PCA9555.o
 .debug_macro   0x00004b7e      0x138 ./Source/user_lib/queue.o
 .debug_macro   0x00004cb6      0x11c ./Source/user_lib/queue.o
 .debug_macro   0x00004dd2       0x94 ./Source/user_lib/queue.o

.debug_line     0x00000000     0xa3f5
 .debug_line    0x00000000      0x6dd ./Drivers/STM32G0xx_HAL_Driver/Src/stm32g0xx_ll_gpio.o
 .debug_line    0x000006dd      0x6d7 ./Drivers/STM32G0xx_HAL_Driver/Src/stm32g0xx_ll_i2c.o
 .debug_line    0x00000db4      0x7bd ./Drivers/STM32G0xx_HAL_Driver/Src/stm32g0xx_ll_spi.o
 .debug_line    0x00001571      0x75f ./Ethernet/W5500/w5500.o
 .debug_line    0x00001cd0      0x91b ./Ethernet/spi.o
 .debug_line    0x000025eb      0xb5a ./Ethernet/wizchip_conf.o
 .debug_line    0x00003145      0x9ff ./Source/bsp/platform.o
 .debug_line    0x00003b44      0xd06 ./Source/peripherals_driver/drv_i2c.o
 .debug_line    0x0000484a      0x76f ./Source/peripherals_driver/drv_spi.o
 .debug_line    0x00004fb9     0x144a ./Source/peripherals_driver/uart.o
 .debug_line    0x00006403      0x541 ./Source/stm32g0xx_it.o
 .debug_line    0x00006944      0x577 ./Source/sysmem.o
 .debug_line    0x00006ebb      0x565 ./Source/system_stm32g0xx.o
 .debug_line    0x00007420      0x93b ./Source/task/ethernet.o
 .debug_line    0x00007d5b      0xb0c ./Source/task/handlerIOTask.o
 .debug_line    0x00008867      0xb9f ./Source/task/main.o
 .debug_line    0x00009406      0x93a ./Source/user_lib/PCA9555.o
 .debug_line    0x00009d40      0x63a ./Source/user_lib/queue.o
 .debug_line    0x0000a37a       0x7b ./Startup/startup_stm32g0b0retx.o

.debug_str      0x00000000    0x6fb32
 .debug_str     0x00000000    0x511a6 ./Drivers/STM32G0xx_HAL_Driver/Src/stm32g0xx_ll_gpio.o
                              0x51335 (size before relaxing)
 .debug_str     0x000511a6     0x144f ./Drivers/STM32G0xx_HAL_Driver/Src/stm32g0xx_ll_i2c.o
                              0x519f7 (size before relaxing)
 .debug_str     0x000525f5     0x5724 ./Drivers/STM32G0xx_HAL_Driver/Src/stm32g0xx_ll_spi.o
                              0x55d28 (size before relaxing)
 .debug_str     0x00057d19     0x2cff ./Ethernet/W5500/w5500.o
                               0x697d (size before relaxing)
 .debug_str     0x0005aa18    0x120a0 ./Ethernet/spi.o
                              0x68d6b (size before relaxing)
 .debug_str     0x0006cab8      0x61a ./Ethernet/wizchip_conf.o
                               0x726d (size before relaxing)
 .debug_str     0x0006d0d2      0x1b1 ./Source/bsp/platform.o
                              0x66418 (size before relaxing)
 .debug_str     0x0006d283      0x3f6 ./Source/peripherals_driver/drv_i2c.o
                              0x6770b (size before relaxing)
 .debug_str     0x0006d679       0x6e ./Source/peripherals_driver/drv_spi.o
                              0x5b454 (size before relaxing)
 .debug_str     0x0006d6e7      0xff9 ./Source/peripherals_driver/uart.o
                              0x662aa (size before relaxing)
 .debug_str     0x0006e6e0      0x16e ./Source/stm32g0xx_it.o
                               0x3e1a (size before relaxing)
 .debug_str     0x0006e84e      0x4da ./Source/sysmem.o
                               0x5fd4 (size before relaxing)
 .debug_str     0x0006ed28       0xd1 ./Source/system_stm32g0xx.o
                              0x4feb9 (size before relaxing)
 .debug_str     0x0006edf9      0x5e4 ./Source/task/ethernet.o
                              0x694a1 (size before relaxing)
 .debug_str     0x0006f3dd      0x200 ./Source/task/handlerIOTask.o
                              0x663e8 (size before relaxing)
 .debug_str     0x0006f5dd      0x246 ./Source/task/main.o
                              0x66802 (size before relaxing)
 .debug_str     0x0006f823      0x1ba ./Source/user_lib/PCA9555.o
                              0x66306 (size before relaxing)
 .debug_str     0x0006f9dd      0x116 ./Source/user_lib/queue.o
                               0x71e8 (size before relaxing)
 .debug_str     0x0006faf3       0x3f ./Startup/startup_stm32g0b0retx.o
                                 0x62 (size before relaxing)

.comment        0x00000000       0x43
 .comment       0x00000000       0x43 ./Drivers/STM32G0xx_HAL_Driver/Src/stm32g0xx_ll_gpio.o
                                 0x44 (size before relaxing)
 .comment       0x00000043       0x44 ./Drivers/STM32G0xx_HAL_Driver/Src/stm32g0xx_ll_i2c.o
 .comment       0x00000043       0x44 ./Drivers/STM32G0xx_HAL_Driver/Src/stm32g0xx_ll_spi.o
 .comment       0x00000043       0x44 ./Ethernet/W5500/w5500.o
 .comment       0x00000043       0x44 ./Ethernet/spi.o
 .comment       0x00000043       0x44 ./Ethernet/wizchip_conf.o
 .comment       0x00000043       0x44 ./Source/bsp/platform.o
 .comment       0x00000043       0x44 ./Source/peripherals_driver/drv_i2c.o
 .comment       0x00000043       0x44 ./Source/peripherals_driver/drv_spi.o
 .comment       0x00000043       0x44 ./Source/peripherals_driver/uart.o
 .comment       0x00000043       0x44 ./Source/stm32g0xx_it.o
 .comment       0x00000043       0x44 ./Source/sysmem.o
 .comment       0x00000043       0x44 ./Source/system_stm32g0xx.o
 .comment       0x00000043       0x44 ./Source/task/ethernet.o
 .comment       0x00000043       0x44 ./Source/task/handlerIOTask.o
 .comment       0x00000043       0x44 ./Source/task/main.o
 .comment       0x00000043       0x44 ./Source/user_lib/PCA9555.o
 .comment       0x00000043       0x44 ./Source/user_lib/queue.o

.debug_frame    0x00000000     0x27cc
 .debug_frame   0x00000000      0x170 ./Drivers/STM32G0xx_HAL_Driver/Src/stm32g0xx_ll_gpio.o
 .debug_frame   0x00000170      0x1d0 ./Drivers/STM32G0xx_HAL_Driver/Src/stm32g0xx_ll_i2c.o
 .debug_frame   0x00000340      0x1f0 ./Drivers/STM32G0xx_HAL_Driver/Src/stm32g0xx_ll_spi.o
 .debug_frame   0x00000530      0x14c ./Ethernet/W5500/w5500.o
 .debug_frame   0x0000067c       0xe4 ./Ethernet/spi.o
 .debug_frame   0x00000760      0x48c ./Ethernet/wizchip_conf.o
 .debug_frame   0x00000bec       0x90 ./Source/bsp/platform.o
 .debug_frame   0x00000c7c      0x350 ./Source/peripherals_driver/drv_i2c.o
 .debug_frame   0x00000fcc       0xec ./Source/peripherals_driver/drv_spi.o
 .debug_frame   0x000010b8      0x9cc ./Source/peripherals_driver/uart.o
 .debug_frame   0x00001a84      0x160 ./Source/stm32g0xx_it.o
 .debug_frame   0x00001be4       0x30 ./Source/sysmem.o
 .debug_frame   0x00001c14       0x4c ./Source/system_stm32g0xx.o
 .debug_frame   0x00001c60       0x6c ./Source/task/ethernet.o
 .debug_frame   0x00001ccc      0x138 ./Source/task/handlerIOTask.o
 .debug_frame   0x00001e04      0x268 ./Source/task/main.o
 .debug_frame   0x0000206c      0x154 ./Source/user_lib/PCA9555.o
 .debug_frame   0x000021c0       0x70 ./Source/user_lib/queue.o
 .debug_frame   0x00002230       0x40 C:/ST/STM32CubeIDE_1.17.0/STM32CubeIDE/plugins/com.st.stm32cube.ide.mcu.externaltools.gnu-tools-for-stm32.12.3.rel1.win32_1.1.0.202410251130/tools/bin/../lib/gcc/arm-none-eabi/12.3.1/../../../../arm-none-eabi/lib/thumb/v6-m/nofp\libc_nano.a(libc_a-malloc.o)
 .debug_frame   0x00002270       0x50 C:/ST/STM32CubeIDE_1.17.0/STM32CubeIDE/plugins/com.st.stm32cube.ide.mcu.externaltools.gnu-tools-for-stm32.12.3.rel1.win32_1.1.0.202410251130/tools/bin/../lib/gcc/arm-none-eabi/12.3.1/../../../../arm-none-eabi/lib/thumb/v6-m/nofp\libc_nano.a(libc_a-mallocr.o)
 .debug_frame   0x000022c0       0x40 C:/ST/STM32CubeIDE_1.17.0/STM32CubeIDE/plugins/com.st.stm32cube.ide.mcu.externaltools.gnu-tools-for-stm32.12.3.rel1.win32_1.1.0.202410251130/tools/bin/../lib/gcc/arm-none-eabi/12.3.1/../../../../arm-none-eabi/lib/thumb/v6-m/nofp\libc_nano.a(libc_a-mlock.o)
 .debug_frame   0x00002300      0x138 C:/ST/STM32CubeIDE_1.17.0/STM32CubeIDE/plugins/com.st.stm32cube.ide.mcu.externaltools.gnu-tools-for-stm32.12.3.rel1.win32_1.1.0.202410251130/tools/bin/../lib/gcc/arm-none-eabi/12.3.1/../../../../arm-none-eabi/lib/thumb/v6-m/nofp\libc_nano.a(libc_a-findfp.o)
 .debug_frame   0x00002438       0x48 C:/ST/STM32CubeIDE_1.17.0/STM32CubeIDE/plugins/com.st.stm32cube.ide.mcu.externaltools.gnu-tools-for-stm32.12.3.rel1.win32_1.1.0.202410251130/tools/bin/../lib/gcc/arm-none-eabi/12.3.1/../../../../arm-none-eabi/lib/thumb/v6-m/nofp\libc_nano.a(libc_a-sprintf.o)
 .debug_frame   0x00002480       0x20 C:/ST/STM32CubeIDE_1.17.0/STM32CubeIDE/plugins/com.st.stm32cube.ide.mcu.externaltools.gnu-tools-for-stm32.12.3.rel1.win32_1.1.0.202410251130/tools/bin/../lib/gcc/arm-none-eabi/12.3.1/../../../../arm-none-eabi/lib/thumb/v6-m/nofp\libc_nano.a(libc_a-memset.o)
 .debug_frame   0x000024a0       0x2c C:/ST/STM32CubeIDE_1.17.0/STM32CubeIDE/plugins/com.st.stm32cube.ide.mcu.externaltools.gnu-tools-for-stm32.12.3.rel1.win32_1.1.0.202410251130/tools/bin/../lib/gcc/arm-none-eabi/12.3.1/../../../../arm-none-eabi/lib/thumb/v6-m/nofp\libc_nano.a(libc_a-reent.o)
 .debug_frame   0x000024cc       0x2c C:/ST/STM32CubeIDE_1.17.0/STM32CubeIDE/plugins/com.st.stm32cube.ide.mcu.externaltools.gnu-tools-for-stm32.12.3.rel1.win32_1.1.0.202410251130/tools/bin/../lib/gcc/arm-none-eabi/12.3.1/../../../../arm-none-eabi/lib/thumb/v6-m/nofp\libc_nano.a(libc_a-sbrkr.o)
 .debug_frame   0x000024f8       0x20 C:/ST/STM32CubeIDE_1.17.0/STM32CubeIDE/plugins/com.st.stm32cube.ide.mcu.externaltools.gnu-tools-for-stm32.12.3.rel1.win32_1.1.0.202410251130/tools/bin/../lib/gcc/arm-none-eabi/12.3.1/../../../../arm-none-eabi/lib/thumb/v6-m/nofp\libc_nano.a(libc_a-errno.o)
 .debug_frame   0x00002518       0x2c C:/ST/STM32CubeIDE_1.17.0/STM32CubeIDE/plugins/com.st.stm32cube.ide.mcu.externaltools.gnu-tools-for-stm32.12.3.rel1.win32_1.1.0.202410251130/tools/bin/../lib/gcc/arm-none-eabi/12.3.1/../../../../arm-none-eabi/lib/thumb/v6-m/nofp\libc_nano.a(libc_a-init.o)
 .debug_frame   0x00002544       0xb0 C:/ST/STM32CubeIDE_1.17.0/STM32CubeIDE/plugins/com.st.stm32cube.ide.mcu.externaltools.gnu-tools-for-stm32.12.3.rel1.win32_1.1.0.202410251130/tools/bin/../lib/gcc/arm-none-eabi/12.3.1/../../../../arm-none-eabi/lib/thumb/v6-m/nofp\libc_nano.a(libc_a-lock.o)
 .debug_frame   0x000025f4       0x28 C:/ST/STM32CubeIDE_1.17.0/STM32CubeIDE/plugins/com.st.stm32cube.ide.mcu.externaltools.gnu-tools-for-stm32.12.3.rel1.win32_1.1.0.202410251130/tools/bin/../lib/gcc/arm-none-eabi/12.3.1/../../../../arm-none-eabi/lib/thumb/v6-m/nofp\libc_nano.a(libc_a-memcpy-stub.o)
 .debug_frame   0x0000261c       0x2c C:/ST/STM32CubeIDE_1.17.0/STM32CubeIDE/plugins/com.st.stm32cube.ide.mcu.externaltools.gnu-tools-for-stm32.12.3.rel1.win32_1.1.0.202410251130/tools/bin/../lib/gcc/arm-none-eabi/12.3.1/../../../../arm-none-eabi/lib/thumb/v6-m/nofp\libc_nano.a(libc_a-freer.o)
 .debug_frame   0x00002648       0x74 C:/ST/STM32CubeIDE_1.17.0/STM32CubeIDE/plugins/com.st.stm32cube.ide.mcu.externaltools.gnu-tools-for-stm32.12.3.rel1.win32_1.1.0.202410251130/tools/bin/../lib/gcc/arm-none-eabi/12.3.1/../../../../arm-none-eabi/lib/thumb/v6-m/nofp\libc_nano.a(libc_a-nano-svfprintf.o)
 .debug_frame   0x000026bc       0x54 C:/ST/STM32CubeIDE_1.17.0/STM32CubeIDE/plugins/com.st.stm32cube.ide.mcu.externaltools.gnu-tools-for-stm32.12.3.rel1.win32_1.1.0.202410251130/tools/bin/../lib/gcc/arm-none-eabi/12.3.1/../../../../arm-none-eabi/lib/thumb/v6-m/nofp\libc_nano.a(libc_a-nano-vfprintf_i.o)
 .debug_frame   0x00002710       0x28 C:/ST/STM32CubeIDE_1.17.0/STM32CubeIDE/plugins/com.st.stm32cube.ide.mcu.externaltools.gnu-tools-for-stm32.12.3.rel1.win32_1.1.0.202410251130/tools/bin/../lib/gcc/arm-none-eabi/12.3.1/../../../../arm-none-eabi/lib/thumb/v6-m/nofp\libc_nano.a(libc_a-memmove.o)
 .debug_frame   0x00002738       0x20 C:/ST/STM32CubeIDE_1.17.0/STM32CubeIDE/plugins/com.st.stm32cube.ide.mcu.externaltools.gnu-tools-for-stm32.12.3.rel1.win32_1.1.0.202410251130/tools/bin/../lib/gcc/arm-none-eabi/12.3.1/../../../../arm-none-eabi/lib/thumb/v6-m/nofp\libc_nano.a(libc_a-memchr-stub.o)
 .debug_frame   0x00002758       0x34 C:/ST/STM32CubeIDE_1.17.0/STM32CubeIDE/plugins/com.st.stm32cube.ide.mcu.externaltools.gnu-tools-for-stm32.12.3.rel1.win32_1.1.0.202410251130/tools/bin/../lib/gcc/arm-none-eabi/12.3.1/../../../../arm-none-eabi/lib/thumb/v6-m/nofp\libc_nano.a(libc_a-reallocr.o)
 .debug_frame   0x0000278c       0x20 C:/ST/STM32CubeIDE_1.17.0/STM32CubeIDE/plugins/com.st.stm32cube.ide.mcu.externaltools.gnu-tools-for-stm32.12.3.rel1.win32_1.1.0.202410251130/tools/bin/../lib/gcc/arm-none-eabi/12.3.1/../../../../arm-none-eabi/lib/thumb/v6-m/nofp\libc_nano.a(libc_a-msizer.o)
 .debug_frame   0x000027ac       0x20 C:/ST/STM32CubeIDE_1.17.0/STM32CubeIDE/plugins/com.st.stm32cube.ide.mcu.externaltools.gnu-tools-for-stm32.12.3.rel1.win32_1.1.0.202410251130/tools/bin/../lib/gcc/arm-none-eabi/12.3.1/thumb/v6-m/nofp\libgcc.a(_udivsi3.o)

.debug_line_str
                0x00000000       0x46
 .debug_line_str
                0x00000000       0x46 ./Startup/startup_stm32g0b0retx.o
