../Drivers/CMSIS/Include/core_cm0plus.h:850:22:__NVIC_SetPriority	24	static
../Drivers/CMSIS/Include/core_cm0plus.h:1056:26:SysTick_Config	16	static
../Drivers/STM32G0xx_HAL_Driver/Inc/stm32g0xx_ll_rcc.h:1274:22:LL_RCC_HSE_Enable	8	static
../Drivers/STM32G0xx_HAL_Driver/Inc/stm32g0xx_ll_rcc.h:1294:26:LL_RCC_HSE_IsReady	8	static
../Drivers/STM32G0xx_HAL_Driver/Inc/stm32g0xx_ll_rcc.h:1684:22:LL_RCC_SetSysClkSource	16	static
../Drivers/STM32G0xx_HAL_Driver/Inc/stm32g0xx_ll_rcc.h:1699:26:LL_RCC_GetSysClkSource	8	static
../Drivers/STM32G0xx_HAL_Driver/Inc/stm32g0xx_ll_rcc.h:1719:22:LL_RCC_SetAHBPrescaler	16	static
../Drivers/STM32G0xx_HAL_Driver/Inc/stm32g0xx_ll_rcc.h:1735:22:LL_RCC_SetAPB1Prescaler	16	static
../Drivers/STM32G0xx_HAL_Driver/Inc/stm32g0xx_ll_rcc.h:2508:22:LL_RCC_PLL_Enable	8	static
../Drivers/STM32G0xx_HAL_Driver/Inc/stm32g0xx_ll_rcc.h:2529:26:LL_RCC_PLL_IsReady	8	static
../Drivers/STM32G0xx_HAL_Driver/Inc/stm32g0xx_ll_rcc.h:2566:22:LL_RCC_PLL_ConfigDomain_SYS	24	static
../Drivers/STM32G0xx_HAL_Driver/Inc/stm32g0xx_ll_rcc.h:3433:22:LL_RCC_PLL_EnableDomain_SYS	8	static
../Drivers/STM32G0xx_HAL_Driver/Inc/stm32g0xx_ll_bus.h:467:22:LL_APB1_GRP1_EnableClock	24	static
../Drivers/STM32G0xx_HAL_Driver/Inc/stm32g0xx_ll_bus.h:921:22:LL_APB2_GRP1_EnableClock	24	static
../Drivers/STM32G0xx_HAL_Driver/Inc/stm32g0xx_ll_system.h:510:22:LL_SYSCFG_DisableDBATT	16	static
../Drivers/STM32G0xx_HAL_Driver/Inc/stm32g0xx_ll_system.h:1972:22:LL_FLASH_SetLatency	16	static
../Drivers/STM32G0xx_HAL_Driver/Inc/stm32g0xx_ll_system.h:1985:26:LL_FLASH_GetLatency	8	static
../Source/task/main.c:51:5:main	8	static
../Source/task/main.c:62:13:setup	8	static
../Source/task/main.c:80:13:SystemClock_Config	8	static
