Archive member included to satisfy reference by file (symbol)

C:/ST/STM32CubeIDE_1.18.1/STM32CubeIDE/plugins/com.st.stm32cube.ide.mcu.externaltools.gnu-tools-for-stm32.13.3.rel1.win32_1.0.0.202411081344/tools/bin/../lib/gcc/arm-none-eabi/13.3.1/../../../../arm-none-eabi/lib/thumb/v6-m/nofp\libc_nano.a(libc_a-exit.o)
                              C:/ST/STM32CubeIDE_1.18.1/STM32CubeIDE/plugins/com.st.stm32cube.ide.mcu.externaltools.gnu-tools-for-stm32.13.3.rel1.win32_1.0.0.202411081344/tools/bin/../lib/gcc/arm-none-eabi/13.3.1/../../../../arm-none-eabi/lib/thumb/v6-m/nofp/crt0.o (exit)
C:/ST/STM32CubeIDE_1.18.1/STM32CubeIDE/plugins/com.st.stm32cube.ide.mcu.externaltools.gnu-tools-for-stm32.13.3.rel1.win32_1.0.0.202411081344/tools/bin/../lib/gcc/arm-none-eabi/13.3.1/../../../../arm-none-eabi/lib/thumb/v6-m/nofp\libc_nano.a(libc_a-malloc.o)
                              ./Source/task/handlerIOTask.o (malloc)
C:/ST/STM32CubeIDE_1.18.1/STM32CubeIDE/plugins/com.st.stm32cube.ide.mcu.externaltools.gnu-tools-for-stm32.13.3.rel1.win32_1.0.0.202411081344/tools/bin/../lib/gcc/arm-none-eabi/13.3.1/../../../../arm-none-eabi/lib/thumb/v6-m/nofp\libc_nano.a(libc_a-mallocr.o)
                              C:/ST/STM32CubeIDE_1.18.1/STM32CubeIDE/plugins/com.st.stm32cube.ide.mcu.externaltools.gnu-tools-for-stm32.13.3.rel1.win32_1.0.0.202411081344/tools/bin/../lib/gcc/arm-none-eabi/13.3.1/../../../../arm-none-eabi/lib/thumb/v6-m/nofp\libc_nano.a(libc_a-malloc.o) (_malloc_r)
C:/ST/STM32CubeIDE_1.18.1/STM32CubeIDE/plugins/com.st.stm32cube.ide.mcu.externaltools.gnu-tools-for-stm32.13.3.rel1.win32_1.0.0.202411081344/tools/bin/../lib/gcc/arm-none-eabi/13.3.1/../../../../arm-none-eabi/lib/thumb/v6-m/nofp\libc_nano.a(libc_a-mlock.o)
                              C:/ST/STM32CubeIDE_1.18.1/STM32CubeIDE/plugins/com.st.stm32cube.ide.mcu.externaltools.gnu-tools-for-stm32.13.3.rel1.win32_1.0.0.202411081344/tools/bin/../lib/gcc/arm-none-eabi/13.3.1/../../../../arm-none-eabi/lib/thumb/v6-m/nofp\libc_nano.a(libc_a-mallocr.o) (__malloc_lock)
C:/ST/STM32CubeIDE_1.18.1/STM32CubeIDE/plugins/com.st.stm32cube.ide.mcu.externaltools.gnu-tools-for-stm32.13.3.rel1.win32_1.0.0.202411081344/tools/bin/../lib/gcc/arm-none-eabi/13.3.1/../../../../arm-none-eabi/lib/thumb/v6-m/nofp\libc_nano.a(libc_a-findfp.o)
                              C:/ST/STM32CubeIDE_1.18.1/STM32CubeIDE/plugins/com.st.stm32cube.ide.mcu.externaltools.gnu-tools-for-stm32.13.3.rel1.win32_1.0.0.202411081344/tools/bin/../lib/gcc/arm-none-eabi/13.3.1/../../../../arm-none-eabi/lib/thumb/v6-m/nofp\libc_nano.a(libc_a-exit.o) (__stdio_exit_handler)
C:/ST/STM32CubeIDE_1.18.1/STM32CubeIDE/plugins/com.st.stm32cube.ide.mcu.externaltools.gnu-tools-for-stm32.13.3.rel1.win32_1.0.0.202411081344/tools/bin/../lib/gcc/arm-none-eabi/13.3.1/../../../../arm-none-eabi/lib/thumb/v6-m/nofp\libc_nano.a(libc_a-fwalk.o)
                              C:/ST/STM32CubeIDE_1.18.1/STM32CubeIDE/plugins/com.st.stm32cube.ide.mcu.externaltools.gnu-tools-for-stm32.13.3.rel1.win32_1.0.0.202411081344/tools/bin/../lib/gcc/arm-none-eabi/13.3.1/../../../../arm-none-eabi/lib/thumb/v6-m/nofp\libc_nano.a(libc_a-findfp.o) (_fwalk_sglue)
C:/ST/STM32CubeIDE_1.18.1/STM32CubeIDE/plugins/com.st.stm32cube.ide.mcu.externaltools.gnu-tools-for-stm32.13.3.rel1.win32_1.0.0.202411081344/tools/bin/../lib/gcc/arm-none-eabi/13.3.1/../../../../arm-none-eabi/lib/thumb/v6-m/nofp\libc_nano.a(libc_a-sprintf.o)
                              ./Source/peripherals_driver/drv_i2c.o (sprintf)
C:/ST/STM32CubeIDE_1.18.1/STM32CubeIDE/plugins/com.st.stm32cube.ide.mcu.externaltools.gnu-tools-for-stm32.13.3.rel1.win32_1.0.0.202411081344/tools/bin/../lib/gcc/arm-none-eabi/13.3.1/../../../../arm-none-eabi/lib/thumb/v6-m/nofp\libc_nano.a(libc_a-stdio.o)
                              C:/ST/STM32CubeIDE_1.18.1/STM32CubeIDE/plugins/com.st.stm32cube.ide.mcu.externaltools.gnu-tools-for-stm32.13.3.rel1.win32_1.0.0.202411081344/tools/bin/../lib/gcc/arm-none-eabi/13.3.1/../../../../arm-none-eabi/lib/thumb/v6-m/nofp\libc_nano.a(libc_a-findfp.o) (__sread)
C:/ST/STM32CubeIDE_1.18.1/STM32CubeIDE/plugins/com.st.stm32cube.ide.mcu.externaltools.gnu-tools-for-stm32.13.3.rel1.win32_1.0.0.202411081344/tools/bin/../lib/gcc/arm-none-eabi/13.3.1/../../../../arm-none-eabi/lib/thumb/v6-m/nofp\libc_nano.a(libc_a-memset.o)
                              C:/ST/STM32CubeIDE_1.18.1/STM32CubeIDE/plugins/com.st.stm32cube.ide.mcu.externaltools.gnu-tools-for-stm32.13.3.rel1.win32_1.0.0.202411081344/tools/bin/../lib/gcc/arm-none-eabi/13.3.1/../../../../arm-none-eabi/lib/thumb/v6-m/nofp/crt0.o (memset)
C:/ST/STM32CubeIDE_1.18.1/STM32CubeIDE/plugins/com.st.stm32cube.ide.mcu.externaltools.gnu-tools-for-stm32.13.3.rel1.win32_1.0.0.202411081344/tools/bin/../lib/gcc/arm-none-eabi/13.3.1/../../../../arm-none-eabi/lib/thumb/v6-m/nofp\libc_nano.a(libc_a-closer.o)
[...]
Memory Configuration

Name             Origin             Length             Attributes
RAM              0x20000000         0x00002000         xrw
FLASH            0x08000000         0x00010000         xr
*default*        0x00000000         0xffffffff

Linker script and memory map

LOAD C:/ST/STM32CubeIDE_1.18.1/STM32CubeIDE/plugins/com.st.stm32cube.ide.mcu.externaltools.gnu-tools-for-stm32.13.3.rel1.win32_1.0.0.202411081344/tools/bin/../lib/gcc/arm-none-eabi/13.3.1/thumb/v6-m/nofp/crti.o
LOAD C:/ST/STM32CubeIDE_1.18.1/STM32CubeIDE/plugins/com.st.stm32cube.ide.mcu.externaltools.gnu-tools-for-stm32.13.3.rel1.win32_1.0.0.202411081344/tools/bin/../lib/gcc/arm-none-eabi/13.3.1/thumb/v6-m/nofp/crtbegin.o
LOAD C:/ST/STM32CubeIDE_1.18.1/STM32CubeIDE/plugins/com.st.stm32cube.ide.mcu.externaltools.gnu-tools-for-stm32.13.3.rel1.win32_1.0.0.202411081344/tools/bin/../lib/gcc/arm-none-eabi/13.3.1/../../../../arm-none-eabi/lib/thumb/v6-m/nofp/crt0.o
LOAD ./Drivers/STM32G0xx_HAL_Driver/Src/stm32g0xx_ll_adc.o
LOAD ./Drivers/STM32G0xx_HAL_Driver/Src/stm32g0xx_ll_comp.o
LOAD ./Drivers/STM32G0xx_HAL_Driver/Src/stm32g0xx_ll_crc.o
LOAD ./Drivers/STM32G0xx_HAL_Driver/Src/stm32g0xx_ll_crs.o
LOAD ./Drivers/STM32G0xx_HAL_Driver/Src/stm32g0xx_ll_dac.o
LOAD ./Drivers/STM32G0xx_HAL_Driver/Src/stm32g0xx_ll_dma.o
LOAD ./Drivers/STM32G0xx_HAL_Driver/Src/stm32g0xx_ll_exti.o
LOAD ./Drivers/STM32G0xx_HAL_Driver/Src/stm32g0xx_ll_gpio.o
LOAD ./Drivers/STM32G0xx_HAL_Driver/Src/stm32g0xx_ll_i2c.o
LOAD ./Drivers/STM32G0xx_HAL_Driver/Src/stm32g0xx_ll_lptim.o
LOAD ./Drivers/STM32G0xx_HAL_Driver/Src/stm32g0xx_ll_lpuart.o
LOAD ./Drivers/STM32G0xx_HAL_Driver/Src/stm32g0xx_ll_pwr.o
LOAD ./Drivers/STM32G0xx_HAL_Driver/Src/stm32g0xx_ll_rcc.o
LOAD ./Drivers/STM32G0xx_HAL_Driver/Src/stm32g0xx_ll_rng.o
LOAD ./Drivers/STM32G0xx_HAL_Driver/Src/stm32g0xx_ll_rtc.o
LOAD ./Drivers/STM32G0xx_HAL_Driver/Src/stm32g0xx_ll_spi.o
LOAD ./Drivers/STM32G0xx_HAL_Driver/Src/stm32g0xx_ll_tim.o
LOAD ./Drivers/STM32G0xx_HAL_Driver/Src/stm32g0xx_ll_ucpd.o
LOAD ./Drivers/STM32G0xx_HAL_Driver/Src/stm32g0xx_ll_usart.o
LOAD ./Drivers/STM32G0xx_HAL_Driver/Src/stm32g0xx_ll_usb.o
LOAD ./Drivers/STM32G0xx_HAL_Driver/Src/stm32g0xx_ll_utils.o
LOAD ./Source/bsp/platform.o
LOAD ./Source/peripherals_driver/drv_dma.o
LOAD ./Source/peripherals_driver/drv_i2c.o
LOAD ./Source/peripherals_driver/iwdt.o
LOAD ./Source/peripherals_driver/uart.o
LOAD ./Source/stm32g0xx_it.o
LOAD ./Source/syscalls.o
LOAD ./Source/sysmem.o
LOAD ./Source/system_stm32g0xx.o
LOAD ./Source/task/handlerIOTask.o
LOAD ./Source/task/main.o
LOAD ./Source/user_lib/ads1115.o
LOAD ./Source/user_lib/mcp4728.o
LOAD ./Source/user_lib/queue.o
LOAD ./Startup/startup_stm32g030k8tx.o
START GROUP
LOAD C:/ST/STM32CubeIDE_1.18.1/STM32CubeIDE/plugins/com.st.stm32cube.ide.mcu.externaltools.gnu-tools-for-stm32.13.3.rel1.win32_1.0.0.202411081344/tools/bin/../lib/gcc/arm-none-eabi/13.3.1/../../../../arm-none-eabi/lib/thumb/v6-m/nofp\libc_nano.a
LOAD C:/ST/STM32CubeIDE_1.18.1/STM32CubeIDE/plugins/com.st.stm32cube.ide.mcu.externaltools.gnu-tools-for-stm32.13.3.rel1.win32_1.0.0.202411081344/tools/bin/../lib/gcc/arm-none-eabi/13.3.1/../../../../arm-none-eabi/lib/thumb/v6-m/nofp\libm.a
END GROUP
START GROUP
LOAD C:/ST/STM32CubeIDE_1.18.1/STM32CubeIDE/plugins/com.st.stm32cube.ide.mcu.externaltools.gnu-tools-for-stm32.13.3.rel1.win32_1.0.0.202411081344/tools/bin/../lib/gcc/arm-none-eabi/13.3.1/thumb/v6-m/nofp\libgcc.a
LOAD C:/ST/STM32CubeIDE_1.18.1/STM32CubeIDE/plugins/com.st.stm32cube.ide.mcu.externaltools.gnu-tools-for-stm32.13.3.rel1.win32_1.0.0.202411081344/tools/bin/../lib/gcc/arm-none-eabi/13.3.1/../../../../arm-none-eabi/lib/thumb/v6-m/nofp\libc_nano.a
END GROUP
START GROUP
LOAD C:/ST/STM32CubeIDE_1.18.1/STM32CubeIDE/plugins/com.st.stm32cube.ide.mcu.externaltools.gnu-tools-for-stm32.13.3.rel1.win32_1.0.0.202411081344/tools/bin/../lib/gcc/arm-none-eabi/13.3.1/thumb/v6-m/nofp\libgcc.a
LOAD C:/ST/STM32CubeIDE_1.18.1/STM32CubeIDE/plugins/com.st.stm32cube.ide.mcu.externaltools.gnu-tools-for-stm32.13.3.rel1.win32_1.0.0.202411081344/tools/bin/../lib/gcc/arm-none-eabi/13.3.1/../../../../arm-none-eabi/lib/thumb/v6-m/nofp\libc_nano.a
LOAD C:/ST/STM32CubeIDE_1.18.1/STM32CubeIDE/plugins/com.st.stm32cube.ide.mcu.externaltools.gnu-tools-for-stm32.13.3.rel1.win32_1.0.0.202411081344/tools/bin/../lib/gcc/arm-none-eabi/13.3.1/../../../../arm-none-eabi/lib/thumb/v6-m/nofp\libnosys.a
END GROUP
START GROUP
LOAD C:/ST/STM32CubeIDE_1.18.1/STM32CubeIDE/plugins/com.st.stm32cube.ide.mcu.externaltools.gnu-tools-for-stm32.13.3.rel1.win32_1.0.0.202411081344/tools/bin/../lib/gcc/arm-none-eabi/13.3.1/thumb/v6-m/nofp\libgcc.a
LOAD C:/ST/STM32CubeIDE_1.18.1/STM32CubeIDE/plugins/com.st.stm32cube.ide.mcu.externaltools.gnu-tools-for-stm32.13.3.rel1.win32_1.0.0.202411081344/tools/bin/../lib/gcc/arm-none-eabi/13.3.1/../../../../arm-none-eabi/lib/thumb/v6-m/nofp\libc_nano.a
LOAD C:/ST/STM32CubeIDE_1.18.1/STM32CubeIDE/plugins/com.st.stm32cube.ide.mcu.externaltools.gnu-tools-for-stm32.13.3.rel1.win32_1.0.0.202411081344/tools/bin/../lib/gcc/arm-none-eabi/13.3.1/../../../../arm-none-eabi/lib/thumb/v6-m/nofp\libnosys.a
END GROUP
LOAD C:/ST/STM32CubeIDE_1.18.1/STM32CubeIDE/plugins/com.st.stm32cube.ide.mcu.externaltools.gnu-tools-for-stm32.13.3.rel1.win32_1.0.0.202411081344/tools/bin/../lib/gcc/arm-none-eabi/13.3.1/thumb/v6-m/nofp/crtend.o
LOAD C:/ST/STM32CubeIDE_1.18.1/STM32CubeIDE/plugins/com.st.stm32cube.ide.mcu.externaltools.gnu-tools-for-stm32.13.3.rel1.win32_1.0.0.202411081344/tools/bin/../lib/gcc/arm-none-eabi/13.3.1/thumb/v6-m/nofp/crtn.o
                0x20002000                        _estack = (ORIGIN (RAM) + LENGTH (RAM))
                0x00000200                        _Min_Heap_Size = 0x200
                0x00000400                        _Min_Stack_Size = 0x400

.isr_vector     0x08000000       0xbc
                0x08000000                        . = ALIGN (0x4)
 *(.isr_vector)
 .isr_vector    0x08000000       0xbc ./Startup/startup_stm32g030k8tx.o
                0x08000000                g_pfnVectors
                0x080000bc                        . = ALIGN (0x4)

.text           0x080000bc     0x2e34
                0x080000bc                        . = ALIGN (0x4)
 *(.text)
 .text          0x080000bc       0x48 C:/ST/STM32CubeIDE_1.18.1/STM32CubeIDE/plugins/com.st.stm32cube.ide.mcu.externaltools.gnu-tools-for-stm32.13.3.rel1.win32_1.0.0.202411081344/tools/bin/../lib/gcc/arm-none-eabi/13.3.1/thumb/v6-m/nofp/crtbegin.o
 .text          0x08000104        0xe C:/ST/STM32CubeIDE_1.18.1/STM32CubeIDE/plugins/com.st.stm32cube.ide.mcu.externaltools.gnu-tools-for-stm32.13.3.rel1.win32_1.0.0.202411081344/tools/bin/../lib/gcc/arm-none-eabi/13.3.1/../../../../arm-none-eabi/lib/thumb/v6-m/nofp\libc_nano.a(libc_a-strlen.o)
                0x08000104                strlen
 *fill*         0x08000112        0x2 
 .text          0x08000114       0x14 C:/ST/STM32CubeIDE_1.18.1/STM32CubeIDE/plugins/com.st.stm32cube.ide.mcu.externaltools.gnu-tools-for-stm32.13.3.rel1.win32_1.0.0.202411081344/tools/bin/../lib/gcc/arm-none-eabi/13.3.1/thumb/v6-m/nofp\libgcc.a(_thumb1_case_shi.o)
                0x08000114                __gnu_thumb1_case_shi
 .text          0x08000128      0x114 C:/ST/STM32CubeIDE_1.18.1/STM32CubeIDE/plugins/com.st.stm32cube.ide.mcu.externaltools.gnu-tools-for-stm32.13.3.rel1.win32_1.0.0.202411081344/tools/bin/../lib/gcc/arm-none-eabi/13.3.1/thumb/v6-m/nofp\libgcc.a(_udivsi3.o)
                0x08000128                __aeabi_uidiv
                0x08000128                __udivsi3
                0x08000234                __aeabi_uidivmod
 .text          0x0800023c        0x4 C:/ST/STM32CubeIDE_1.18.1/STM32CubeIDE/plugins/com.st.stm32cube.ide.mcu.externaltools.gnu-tools-for-stm32.13.3.rel1.win32_1.0.0.202411081344/tools/bin/../lib/gcc/arm-none-eabi/13.3.1/thumb/v6-m/nofp\libgcc.a(_dvmd_tls.o)
                0x0800023c                __aeabi_idiv0
                0x0800023c                __aeabi_ldiv0
 *(.text*)
 .text.LL_GPIO_SetPinMode
                0x08000240       0x38 ./Drivers/STM32G0xx_HAL_Driver/Src/stm32g0xx_ll_gpio.o
 .text.LL_GPIO_SetPinOutputType
                0x08000278       0x2a ./Drivers/STM32G0xx_HAL_Driver/Src/stm32g0xx_ll_gpio.o
 .text.LL_GPIO_SetPinSpeed
                0x080002a2       0x38 ./Drivers/STM32G0xx_HAL_Driver/Src/stm32g0xx_ll_gpio.o
 .text.LL_GPIO_SetPinPull
                0x080002da       0x38 ./Drivers/STM32G0xx_HAL_Driver/Src/stm32g0xx_ll_gpio.o
 .text.LL_GPIO_SetAFPin_0_7
                0x08000312       0x46 ./Drivers/STM32G0xx_HAL_Driver/Src/stm32g0xx_ll_gpio.o
 .text.LL_GPIO_SetAFPin_8_15
                0x08000358       0x5a ./Drivers/STM32G0xx_HAL_Driver/Src/stm32g0xx_ll_gpio.o
 .text.LL_GPIO_Init
                0x080003b2       0xb6 ./Drivers/STM32G0xx_HAL_Driver/Src/stm32g0xx_ll_gpio.o
                0x080003b2                LL_GPIO_Init
 .text.LL_I2C_Enable
                0x08000468       0x1c ./Drivers/STM32G0xx_HAL_Driver/Src/stm32g0xx_ll_i2c.o
 .text.LL_I2C_Disable
                0x08000484       0x1e ./Drivers/STM32G0xx_HAL_Driver/Src/stm32g0xx_ll_i2c.o
 *fill*         0x080004a2        0x2 
 .text.LL_I2C_ConfigFilters
                0x080004a4       0x30 ./Drivers/STM32G0xx_HAL_Driver/Src/stm32g0xx_ll_i2c.o
 .text.LL_I2C_SetOwnAddress1
                0x080004d4       0x28 ./Drivers/STM32G0xx_HAL_Driver/Src/stm32g0xx_ll_i2c.o
 .text.LL_I2C_EnableOwnAddress1
                0x080004fc       0x1e ./Drivers/STM32G0xx_HAL_Driver/Src/stm32g0xx_ll_i2c.o
 *fill*         0x0800051a        0x2 
 .text.LL_I2C_DisableOwnAddress1
                0x0800051c       0x20 ./Drivers/STM32G0xx_HAL_Driver/Src/stm32g0xx_ll_i2c.o
 .text.LL_I2C_SetTiming
                0x0800053c       0x18 ./Drivers/STM32G0xx_HAL_Driver/Src/stm32g0xx_ll_i2c.o
 .text.LL_I2C_SetMode
                0x08000554       0x28 ./Drivers/STM32G0xx_HAL_Driver/Src/stm32g0xx_ll_i2c.o
 .text.LL_I2C_AcknowledgeNextData
                0x0800057c       0x28 ./Drivers/STM32G0xx_HAL_Driver/Src/stm32g0xx_ll_i2c.o
 .text.LL_I2C_Init
                0x080005a4       0x86 ./Drivers/STM32G0xx_HAL_Driver/Src/stm32g0xx_ll_i2c.o
                0x080005a4                LL_I2C_Init
 *fill*         0x0800062a        0x2 
 .text.LL_InitTick
                0x0800062c       0x34 ./Drivers/STM32G0xx_HAL_Driver/Src/stm32g0xx_ll_utils.o
 .text.LL_Init1msTick
                0x08000660       0x1e ./Drivers/STM32G0xx_HAL_Driver/Src/stm32g0xx_ll_utils.o
                0x08000660                LL_Init1msTick
 *fill*         0x0800067e        0x2 
 .text.LL_SetSystemCoreClock
                0x08000680       0x1c ./Drivers/STM32G0xx_HAL_Driver/Src/stm32g0xx_ll_utils.o
                0x08000680                LL_SetSystemCoreClock
 .text.LL_IOP_GRP1_EnableClock
                0x0800069c       0x2c ./Source/bsp/platform.o
 .text.LL_GPIO_ResetOutputPin
                0x080006c8       0x18 ./Source/bsp/platform.o
 .text.pin_init
                0x080006e0       0xc4 ./Source/bsp/platform.o
                0x080006e0                pin_init
 .text.LL_APB1_GRP1_EnableClock
                0x080007a4       0x2c ./Source/peripherals_driver/drv_i2c.o
 .text.LL_IOP_GRP1_EnableClock
                0x080007d0       0x2c ./Source/peripherals_driver/drv_i2c.o
 .text.LL_I2C_EnableClockStretching
                0x080007fc       0x20 ./Source/peripherals_driver/drv_i2c.o
 .text.LL_I2C_DisableGeneralCall
                0x0800081c       0x20 ./Source/peripherals_driver/drv_i2c.o
 .text.LL_I2C_SetOwnAddress2
                0x0800083c       0x2c ./Source/peripherals_driver/drv_i2c.o
 .text.LL_I2C_DisableOwnAddress2
                0x08000868       0x20 ./Source/peripherals_driver/drv_i2c.o
 .text.LL_I2C_IsActiveFlag_TXIS
                0x08000888       0x22 ./Source/peripherals_driver/drv_i2c.o
 .text.LL_I2C_IsActiveFlag_STOP
                0x080008aa       0x22 ./Source/peripherals_driver/drv_i2c.o
 .text.LL_I2C_ClearFlag_STOP
                0x080008cc       0x1c ./Source/peripherals_driver/drv_i2c.o
 .text.LL_I2C_EnableAutoEndMode
                0x080008e8       0x1e ./Source/peripherals_driver/drv_i2c.o
 *fill*         0x08000906        0x2 
 .text.LL_I2C_HandleTransfer
                0x08000908       0x4c ./Source/peripherals_driver/drv_i2c.o
 .text.LL_I2C_TransmitData8
                0x08000954       0x1e ./Source/peripherals_driver/drv_i2c.o
 *fill*         0x08000972        0x2 
 .text.I2C2_Init
                0x08000974      0x118 ./Source/peripherals_driver/drv_i2c.o
                0x08000974                I2C2_Init
 .text.I2C2_WriteBuf
                0x08000a8c       0x98 ./Source/peripherals_driver/drv_i2c.o
                0x08000a8c                I2C2_WriteBuf
 .text.__NVIC_EnableIRQ
                0x08000b24       0x34 ./Source/peripherals_driver/uart.o
 .text.__NVIC_DisableIRQ
                0x08000b58       0x44 ./Source/peripherals_driver/uart.o
 .text.__NVIC_SetPriority
                0x08000b9c       0xdc ./Source/peripherals_driver/uart.o
 .text.LL_DMA_EnableChannel
                0x08000c78       0x40 ./Source/peripherals_driver/uart.o
 .text.LL_DMA_DisableChannel
                0x08000cb8       0x40 ./Source/peripherals_driver/uart.o
 .text.LL_DMA_ConfigTransfer
                0x08000cf8       0x4c ./Source/peripherals_driver/uart.o
 .text.LL_DMA_SetDataLength
                0x08000d44       0x44 ./Source/peripherals_driver/uart.o
 .text.LL_DMA_GetDataLength
                0x08000d88       0x30 ./Source/peripherals_driver/uart.o
 .text.LL_DMA_SetMemoryAddress
                0x08000db8       0x30 ./Source/peripherals_driver/uart.o
 .text.LL_DMA_SetPeriphAddress
                0x08000de8       0x30 ./Source/peripherals_driver/uart.o
 .text.LL_DMA_SetPeriphRequest
                0x08000e18       0x58 ./Source/peripherals_driver/uart.o
 .text.LL_AHB1_GRP1_EnableClock
                0x08000e70       0x2c ./Source/peripherals_driver/uart.o
 .text.LL_APB1_GRP1_EnableClock
                0x08000e9c       0x2c ./Source/peripherals_driver/uart.o
 .text.LL_APB1_GRP1_DisableClock
                0x08000ec8       0x24 ./Source/peripherals_driver/uart.o
 .text.LL_APB1_GRP1_ForceReset
                0x08000eec       0x20 ./Source/peripherals_driver/uart.o
 .text.LL_APB1_GRP1_ReleaseReset
                0x08000f0c       0x24 ./Source/peripherals_driver/uart.o
 .text.LL_APB2_GRP1_EnableClock
                0x08000f30       0x2c ./Source/peripherals_driver/uart.o
 .text.LL_APB2_GRP1_DisableClock
                0x08000f5c       0x24 ./Source/peripherals_driver/uart.o
 .text.LL_APB2_GRP1_ForceReset
                0x08000f80       0x20 ./Source/peripherals_driver/uart.o
 .text.LL_APB2_GRP1_ReleaseReset
                0x08000fa0       0x24 ./Source/peripherals_driver/uart.o
 .text.LL_IOP_GRP1_EnableClock
                0x08000fc4       0x2c ./Source/peripherals_driver/uart.o
 .text.LL_USART_Enable
                0x08000ff0       0x1c ./Source/peripherals_driver/uart.o
 .text.LL_USART_Disable
                0x0800100c       0x1e ./Source/peripherals_driver/uart.o
 .text.LL_USART_SetTransferDirection
                0x0800102a       0x46 ./Source/peripherals_driver/uart.o
 .text.LL_USART_SetParity
                0x08001070       0x28 ./Source/peripherals_driver/uart.o
 .text.LL_USART_SetDataWidth
                0x08001098       0x28 ./Source/peripherals_driver/uart.o
 .text.LL_USART_SetStopBitsLength
                0x080010c0       0x28 ./Source/peripherals_driver/uart.o
 .text.LL_USART_SetHWFlowCtrl
                0x080010e8       0x28 ./Source/peripherals_driver/uart.o
 .text.LL_USART_SetBaudRate
                0x08001110       0xb4 ./Source/peripherals_driver/uart.o
 .text.LL_USART_IsActiveFlag_PE
                0x080011c4       0x22 ./Source/peripherals_driver/uart.o
 .text.LL_USART_IsActiveFlag_FE
                0x080011e6       0x22 ./Source/peripherals_driver/uart.o
 .text.LL_USART_IsActiveFlag_NE
                0x08001208       0x22 ./Source/peripherals_driver/uart.o
 .text.LL_USART_IsActiveFlag_ORE
                0x0800122a       0x22 ./Source/peripherals_driver/uart.o
 .text.LL_USART_IsActiveFlag_IDLE
                0x0800124c       0x22 ./Source/peripherals_driver/uart.o
 .text.LL_USART_IsActiveFlag_RXNE_RXFNE
                0x0800126e       0x22 ./Source/peripherals_driver/uart.o
 .text.LL_USART_IsActiveFlag_TXE_TXFNF
                0x08001290       0x22 ./Source/peripherals_driver/uart.o
 .text.LL_USART_IsActiveFlag_TEACK
                0x080012b2       0x28 ./Source/peripherals_driver/uart.o
 .text.LL_USART_IsActiveFlag_REACK
                0x080012da       0x28 ./Source/peripherals_driver/uart.o
 .text.LL_USART_ClearFlag_PE
                0x08001302       0x16 ./Source/peripherals_driver/uart.o
 .text.LL_USART_ClearFlag_FE
                0x08001318       0x16 ./Source/peripherals_driver/uart.o
 .text.LL_USART_ClearFlag_NE
                0x0800132e       0x16 ./Source/peripherals_driver/uart.o
 .text.LL_USART_ClearFlag_ORE
                0x08001344       0x16 ./Source/peripherals_driver/uart.o
 .text.LL_USART_ClearFlag_IDLE
                0x0800135a       0x16 ./Source/peripherals_driver/uart.o
 .text.LL_USART_ClearFlag_TXFE
                0x08001370       0x16 ./Source/peripherals_driver/uart.o
 .text.LL_USART_EnableIT_IDLE
                0x08001386       0x3e ./Source/peripherals_driver/uart.o
 .text.LL_USART_EnableIT_ERROR
                0x080013c4       0x3e ./Source/peripherals_driver/uart.o
 .text.LL_USART_EnableDMAReq_RX
                0x08001402       0x3e ./Source/peripherals_driver/uart.o
 .text.LL_USART_ReceiveData8
                0x08001440       0x16 ./Source/peripherals_driver/uart.o
 .text.LL_GPIO_SetPinMode
                0x08001456       0x38 ./Source/peripherals_driver/uart.o
 .text.LL_GPIO_SetPinOutputType
                0x0800148e       0x2a ./Source/peripherals_driver/uart.o
 .text.LL_GPIO_SetPinSpeed
                0x080014b8       0x38 ./Source/peripherals_driver/uart.o
 .text.LL_GPIO_SetPinPull
                0x080014f0       0x38 ./Source/peripherals_driver/uart.o
 .text.LL_GPIO_SetAFPin_0_7
                0x08001528       0x46 ./Source/peripherals_driver/uart.o
 .text.LL_GPIO_SetAFPin_8_15
                0x0800156e       0x5a ./Source/peripherals_driver/uart.o
 .text.LL_GPIO_ResetOutputPin
                0x080015c8       0x18 ./Source/peripherals_driver/uart.o
 .text.USART1_setup
                0x080015e0       0x74 ./Source/peripherals_driver/uart.o
                0x080015e0                USART1_setup
 .text.USART2_setup
                0x08001654       0x74 ./Source/peripherals_driver/uart.o
                0x08001654                USART2_setup
 .text.USART1_deinit
                0x080016c8       0x5c ./Source/peripherals_driver/uart.o
 .text.USART2_deinit
                0x08001724       0x54 ./Source/peripherals_driver/uart.o
 .text.USART1_putchar
                0x08001778       0x30 ./Source/peripherals_driver/uart.o
                0x08001778                USART1_putchar
 .text.USART2_putchar
                0x080017a8       0x30 ./Source/peripherals_driver/uart.o
                0x080017a8                USART2_putchar
 .text.USART1_TX_transmit
                0x080017d8       0x44 ./Source/peripherals_driver/uart.o
                0x080017d8                USART1_TX_transmit
 .text.USART2_TX_transmit
                0x0800181c       0x44 ./Source/peripherals_driver/uart.o
                0x0800181c                USART2_TX_transmit
 .text.USART1_TX_callback
                0x08001860        0xa ./Source/peripherals_driver/uart.o
                0x08001860                USART1_TX_callback
 .text.USART2_TX_callback
                0x0800186a        0xa ./Source/peripherals_driver/uart.o
                0x0800186a                USART2_TX_callback
 .text.LPUART1_TX_callback
                0x08001874        0xa ./Source/peripherals_driver/uart.o
                0x08001874                LPUART1_TX_callback
 *fill*         0x0800187e        0x2 
 .text.USART1_callback
                0x08001880      0x148 ./Source/peripherals_driver/uart.o
                0x08001880                USART1_callback
 .text.USART2_callback
                0x080019c8      0x154 ./Source/peripherals_driver/uart.o
                0x080019c8                USART2_callback
 .text.USART1_GPIO_Init
                0x08001b1c       0xa6 ./Source/peripherals_driver/uart.o
 .text.USART2_GPIO_Init
                0x08001bc2       0x94 ./Source/peripherals_driver/uart.o
 *fill*         0x08001c56        0x2 
 .text.USARTx_Init
                0x08001c58       0x80 ./Source/peripherals_driver/uart.o
 .text.USARTx_DMA_RX_Init
                0x08001cd8       0x78 ./Source/peripherals_driver/uart.o
 .text.DMA1_Channelx_DeInit
                0x08001d50       0x20 ./Source/peripherals_driver/uart.o
 .text.NMI_Handler
                0x08001d70        0xa ./Source/stm32g0xx_it.o
                0x08001d70                NMI_Handler
 .text.HardFault_Handler
                0x08001d7a        0x8 ./Source/stm32g0xx_it.o
                0x08001d7a                HardFault_Handler
 .text.SVC_Handler
                0x08001d82        0xa ./Source/stm32g0xx_it.o
                0x08001d82                SVC_Handler
 .text.PendSV_Handler
                0x08001d8c        0xa ./Source/stm32g0xx_it.o
                0x08001d8c                PendSV_Handler
 *fill*         0x08001d96        0x2 
 .text.SysTick_Handler
                0x08001d98       0x48 ./Source/stm32g0xx_it.o
                0x08001d98                SysTick_Handler
 .text.USART1_IRQHandler
                0x08001de0        0xe ./Source/stm32g0xx_it.o
                0x08001de0                USART1_IRQHandler
 .text.USART2_IRQHandler
                0x08001dee        0xe ./Source/stm32g0xx_it.o
                0x08001dee                USART2_IRQHandler
 .text.DMA1_Channel1_IRQHandler
                0x08001dfc        0xa ./Source/stm32g0xx_it.o
                0x08001dfc                DMA1_Channel1_IRQHandler
 .text.DMA1_Channel2_3_IRQHandler
                0x08001e06        0xa ./Source/stm32g0xx_it.o
                0x08001e06                DMA1_Channel2_3_IRQHandler
 .text.DMA1_Channel4_5_6_7_DMAMUX_DMA2_Channel1_2_3_4_5_IRQHandler
                0x08001e10       0x16 ./Source/stm32g0xx_it.o
                0x08001e10                DMA1_Channel4_5_6_7_DMAMUX_DMA2_Channel1_2_3_4_5_IRQHandler
 *fill*         0x08001e26        0x2 
 .text._sbrk    0x08001e28       0x6c ./Source/sysmem.o
                0x08001e28                _sbrk
 .text.SystemInit
                0x08001e94        0xa ./Source/system_stm32g0xx.o
                0x08001e94                SystemInit
 .text.LL_GPIO_SetOutputPin
                0x08001e9e       0x18 ./Source/task/handlerIOTask.o
 .text.LL_GPIO_ResetOutputPin
                0x08001eb6       0x18 ./Source/task/handlerIOTask.o
 *fill*         0x08001ece        0x2 
 .text.putcomdata
                0x08001ed0       0x90 ./Source/task/handlerIOTask.o
                0x08001ed0                putcomdata
 .text.handler_comdata
                0x08001f60       0x90 ./Source/task/handlerIOTask.o
                0x08001f60                handler_comdata
 .text.__NVIC_SetPriority
                0x08001ff0       0xdc ./Source/task/main.o
 .text.SysTick_Config
                0x080020cc       0x48 ./Source/task/main.o
 .text.LL_RCC_HSI_Enable
                0x08002114       0x1c ./Source/task/main.o
 .text.LL_RCC_HSI_IsReady
                0x08002130       0x28 ./Source/task/main.o
 .text.LL_RCC_SetSysClkSource
                0x08002158       0x28 ./Source/task/main.o
 .text.LL_RCC_GetSysClkSource
                0x08002180       0x18 ./Source/task/main.o
 .text.LL_RCC_SetAHBPrescaler
                0x08002198       0x2c ./Source/task/main.o
 .text.LL_RCC_SetAPB1Prescaler
                0x080021c4       0x2c ./Source/task/main.o
 .text.LL_GPIO_SetOutputPin
                0x080021f0       0x18 ./Source/task/main.o
 .text.LL_GPIO_ResetOutputPin
                0x08002208       0x18 ./Source/task/main.o
 .text.main     0x08002220       0x6c ./Source/task/main.o
                0x08002220                main
 .text.setup    0x0800228c       0xa4 ./Source/task/main.o
 .text.SystemClock_Config
                0x08002330       0x64 ./Source/task/main.o
 .text.MCP4728_WriteChannel
                0x08002394       0x80 ./Source/user_lib/mcp4728.o
                0x08002394                MCP4728_WriteChannel
 .text.queue_init
                0x08002414       0x4a ./Source/user_lib/queue.o
                0x08002414                queue_init
 .text.queue_put
                0x0800245e       0x5a ./Source/user_lib/queue.o
                0x0800245e                queue_put
 .text.queue_get
                0x080024b8       0x68 ./Source/user_lib/queue.o
                0x080024b8                queue_get
 .text.Reset_Handler
                0x08002520       0x50 ./Startup/startup_stm32g030k8tx.o
                0x08002520                Reset_Handler
 .text.Default_Handler
                0x08002570        0x2 ./Startup/startup_stm32g030k8tx.o
                0x08002570                TIM1_CC_IRQHandler
                0x08002570                RTC_STAMP_IRQHandler
                0x08002570                I2C1_IRQHandler
                0x08002570                SPI1_IRQHandler
                0x08002570                EXTI2_3_IRQHandler
                0x08002570                I2C2_IRQHandler
                0x08002570                TIM17_IRQHandler
                0x08002570                TIM16_IRQHandler
                0x08002570                TIM3_IRQHandler
                0x08002570                EXTI4_15_IRQHandler
                0x08002570                RCC_IRQHandler
                0x08002570                Default_Handler
                0x08002570                CEC_IRQHandler
                0x08002570                TIM14_IRQHandler
                0x08002570                ADC_IRQHandler
                0x08002570                EXTI0_1_IRQHandler
                0x08002570                SPI2_IRQHandler
                0x08002570                WWDG_IRQHandler
                0x08002570                TIM2_IRQHandler
                0x08002570                FLASH_IRQHandler
                0x08002570                TIM1_BRK_UP_TRG_COM_IRQHandler
 *fill*         0x08002572        0x2 
 .text.malloc   0x08002574       0x14 C:/ST/STM32CubeIDE_1.18.1/STM32CubeIDE/plugins/com.st.stm32cube.ide.mcu.externaltools.gnu-tools-for-stm32.13.3.rel1.win32_1.0.0.202411081344/tools/bin/../lib/gcc/arm-none-eabi/13.3.1/../../../../arm-none-eabi/lib/thumb/v6-m/nofp\libc_nano.a(libc_a-malloc.o)
                0x08002574                malloc
 .text.free     0x08002588       0x14 C:/ST/STM32CubeIDE_1.18.1/STM32CubeIDE/plugins/com.st.stm32cube.ide.mcu.externaltools.gnu-tools-for-stm32.13.3.rel1.win32_1.0.0.202411081344/tools/bin/../lib/gcc/arm-none-eabi/13.3.1/../../../../arm-none-eabi/lib/thumb/v6-m/nofp\libc_nano.a(libc_a-malloc.o)
                0x08002588                free
 .text.sbrk_aligned
                0x0800259c       0x44 C:/ST/STM32CubeIDE_1.18.1/STM32CubeIDE/plugins/com.st.stm32cube.ide.mcu.externaltools.gnu-tools-for-stm32.13.3.rel1.win32_1.0.0.202411081344/tools/bin/../lib/gcc/arm-none-eabi/13.3.1/../../../../arm-none-eabi/lib/thumb/v6-m/nofp\libc_nano.a(libc_a-mallocr.o)
 .text._malloc_r
                0x080025e0      0x100 C:/ST/STM32CubeIDE_1.18.1/STM32CubeIDE/plugins/com.st.stm32cube.ide.mcu.externaltools.gnu-tools-for-stm32.13.3.rel1.win32_1.0.0.202411081344/tools/bin/../lib/gcc/arm-none-eabi/13.3.1/../../../../arm-none-eabi/lib/thumb/v6-m/nofp\libc_nano.a(libc_a-mallocr.o)
                0x080025e0                _malloc_r
 .text.__malloc_lock
                0x080026e0       0x10 C:/ST/STM32CubeIDE_1.18.1/STM32CubeIDE/plugins/com.st.stm32cube.ide.mcu.externaltools.gnu-tools-for-stm32.13.3.rel1.win32_1.0.0.202411081344/tools/bin/../lib/gcc/arm-none-eabi/13.3.1/../../../../arm-none-eabi/lib/thumb/v6-m/nofp\libc_nano.a(libc_a-mlock.o)
                0x080026e0                __malloc_lock
 .text.__malloc_unlock
                0x080026f0       0x10 C:/ST/STM32CubeIDE_1.18.1/STM32CubeIDE/plugins/com.st.stm32cube.ide.mcu.externaltools.gnu-tools-for-stm32.13.3.rel1.win32_1.0.0.202411081344/tools/bin/../lib/gcc/arm-none-eabi/13.3.1/../../../../arm-none-eabi/lib/thumb/v6-m/nofp\libc_nano.a(libc_a-mlock.o)
                0x080026f0                __malloc_unlock
 .text.sprintf  0x08002700       0x44 C:/ST/STM32CubeIDE_1.18.1/STM32CubeIDE/plugins/com.st.stm32cube.ide.mcu.externaltools.gnu-tools-for-stm32.13.3.rel1.win32_1.0.0.202411081344/tools/bin/../lib/gcc/arm-none-eabi/13.3.1/../../../../arm-none-eabi/lib/thumb/v6-m/nofp\libc_nano.a(libc_a-sprintf.o)
                0x08002700                siprintf
                0x08002700                sprintf
 .text.memset   0x08002744       0x10 C:/ST/STM32CubeIDE_1.18.1/STM32CubeIDE/plugins/com.st.stm32cube.ide.mcu.externaltools.gnu-tools-for-stm32.13.3.rel1.win32_1.0.0.202411081344/tools/bin/../lib/gcc/arm-none-eabi/13.3.1/../../../../arm-none-eabi/lib/thumb/v6-m/nofp\libc_nano.a(libc_a-memset.o)
                0x08002744                memset
 .text._sbrk_r  0x08002754       0x24 C:/ST/STM32CubeIDE_1.18.1/STM32CubeIDE/plugins/com.st.stm32cube.ide.mcu.externaltools.gnu-tools-for-stm32.13.3.rel1.win32_1.0.0.202411081344/tools/bin/../lib/gcc/arm-none-eabi/13.3.1/../../../../arm-none-eabi/lib/thumb/v6-m/nofp\libc_nano.a(libc_a-sbrkr.o)
                0x08002754                _sbrk_r
 .text.__errno  0x08002778        0xc C:/ST/STM32CubeIDE_1.18.1/STM32CubeIDE/plugins/com.st.stm32cube.ide.mcu.externaltools.gnu-tools-for-stm32.13.3.rel1.win32_1.0.0.202411081344/tools/bin/../lib/gcc/arm-none-eabi/13.3.1/../../../../arm-none-eabi/lib/thumb/v6-m/nofp\libc_nano.a(libc_a-errno.o)
                0x08002778                __errno
 .text.__libc_init_array
                0x08002784       0x48 C:/ST/STM32CubeIDE_1.18.1/STM32CubeIDE/plugins/com.st.stm32cube.ide.mcu.externaltools.gnu-tools-for-stm32.13.3.rel1.win32_1.0.0.202411081344/tools/bin/../lib/gcc/arm-none-eabi/13.3.1/../../../../arm-none-eabi/lib/thumb/v6-m/nofp\libc_nano.a(libc_a-init.o)
                0x08002784                __libc_init_array
 .text.__retarget_lock_acquire_recursive
                0x080027cc        0x2 C:/ST/STM32CubeIDE_1.18.1/STM32CubeIDE/plugins/com.st.stm32cube.ide.mcu.externaltools.gnu-tools-for-stm32.13.3.rel1.win32_1.0.0.202411081344/tools/bin/../lib/gcc/arm-none-eabi/13.3.1/../../../../arm-none-eabi/lib/thumb/v6-m/nofp\libc_nano.a(libc_a-lock.o)
                0x080027cc                __retarget_lock_acquire_recursive
 .text.__retarget_lock_release_recursive
                0x080027ce        0x2 C:/ST/STM32CubeIDE_1.18.1/STM32CubeIDE/plugins/com.st.stm32cube.ide.mcu.externaltools.gnu-tools-for-stm32.13.3.rel1.win32_1.0.0.202411081344/tools/bin/../lib/gcc/arm-none-eabi/13.3.1/../../../../arm-none-eabi/lib/thumb/v6-m/nofp\libc_nano.a(libc_a-lock.o)
                0x080027ce                __retarget_lock_release_recursive
 .text.memcpy   0x080027d0       0x12 C:/ST/STM32CubeIDE_1.18.1/STM32CubeIDE/plugins/com.st.stm32cube.ide.mcu.externaltools.gnu-tools-for-stm32.13.3.rel1.win32_1.0.0.202411081344/tools/bin/../lib/gcc/arm-none-eabi/13.3.1/../../../../arm-none-eabi/lib/thumb/v6-m/nofp\libc_nano.a(libc_a-memcpy-stub.o)
                0x080027d0                memcpy
 *fill*         0x080027e2        0x2 
 .text._free_r  0x080027e4       0x94 C:/ST/STM32CubeIDE_1.18.1/STM32CubeIDE/plugins/com.st.stm32cube.ide.mcu.externaltools.gnu-tools-for-stm32.13.3.rel1.win32_1.0.0.202411081344/tools/bin/../lib/gcc/arm-none-eabi/13.3.1/../../../../arm-none-eabi/lib/thumb/v6-m/nofp\libc_nano.a(libc_a-freer.o)
                0x080027e4                _free_r
 .text.__ssputs_r
                0x08002878       0xc0 C:/ST/STM32CubeIDE_1.18.1/STM32CubeIDE/plugins/com.st.stm32cube.ide.mcu.externaltools.gnu-tools-for-stm32.13.3.rel1.win32_1.0.0.202411081344/tools/bin/../lib/gcc/arm-none-eabi/13.3.1/../../../../arm-none-eabi/lib/thumb/v6-m/nofp\libc_nano.a(libc_a-nano-svfprintf.o)
                0x08002878                __ssputs_r
 .text._svfprintf_r
                0x08002938      0x1fc C:/ST/STM32CubeIDE_1.18.1/STM32CubeIDE/plugins/com.st.stm32cube.ide.mcu.externaltools.gnu-tools-for-stm32.13.3.rel1.win32_1.0.0.202411081344/tools/bin/../lib/gcc/arm-none-eabi/13.3.1/../../../../arm-none-eabi/lib/thumb/v6-m/nofp\libc_nano.a(libc_a-nano-svfprintf.o)
                0x08002938                _svfiprintf_r
                0x08002938                _svfprintf_r
 .text._printf_common
                0x08002b34       0xde C:/ST/STM32CubeIDE_1.18.1/STM32CubeIDE/plugins/com.st.stm32cube.ide.mcu.externaltools.gnu-tools-for-stm32.13.3.rel1.win32_1.0.0.202411081344/tools/bin/../lib/gcc/arm-none-eabi/13.3.1/../../../../arm-none-eabi/lib/thumb/v6-m/nofp\libc_nano.a(libc_a-nano-vfprintf_i.o)
                0x08002b34                _printf_common
 *fill*         0x08002c12        0x2 
 .text._printf_i
                0x08002c14      0x218 C:/ST/STM32CubeIDE_1.18.1/STM32CubeIDE/plugins/com.st.stm32cube.ide.mcu.externaltools.gnu-tools-for-stm32.13.3.rel1.win32_1.0.0.202411081344/tools/bin/../lib/gcc/arm-none-eabi/13.3.1/../../../../arm-none-eabi/lib/thumb/v6-m/nofp\libc_nano.a(libc_a-nano-vfprintf_i.o)
                0x08002c14                _printf_i
 .text.memmove  0x08002e2c       0x24 C:/ST/STM32CubeIDE_1.18.1/STM32CubeIDE/plugins/com.st.stm32cube.ide.mcu.externaltools.gnu-tools-for-stm32.13.3.rel1.win32_1.0.0.202411081344/tools/bin/../lib/gcc/arm-none-eabi/13.3.1/../../../../arm-none-eabi/lib/thumb/v6-m/nofp\libc_nano.a(libc_a-memmove.o)
                0x08002e2c                memmove
 .text.memchr   0x08002e50       0x16 C:/ST/STM32CubeIDE_1.18.1/STM32CubeIDE/plugins/com.st.stm32cube.ide.mcu.externaltools.gnu-tools-for-stm32.13.3.rel1.win32_1.0.0.202411081344/tools/bin/../lib/gcc/arm-none-eabi/13.3.1/../../../../arm-none-eabi/lib/thumb/v6-m/nofp\libc_nano.a(libc_a-memchr-stub.o)
                0x08002e50                memchr
 .text._realloc_r
                0x08002e66       0x60 C:/ST/STM32CubeIDE_1.18.1/STM32CubeIDE/plugins/com.st.stm32cube.ide.mcu.externaltools.gnu-tools-for-stm32.13.3.rel1.win32_1.0.0.202411081344/tools/bin/../lib/gcc/arm-none-eabi/13.3.1/../../../../arm-none-eabi/lib/thumb/v6-m/nofp\libc_nano.a(libc_a-reallocr.o)
                0x08002e66                _realloc_r
 .text._malloc_usable_size_r
                0x08002ec6       0x10 C:/ST/STM32CubeIDE_1.18.1/STM32CubeIDE/plugins/com.st.stm32cube.ide.mcu.externaltools.gnu-tools-for-stm32.13.3.rel1.win32_1.0.0.202411081344/tools/bin/../lib/gcc/arm-none-eabi/13.3.1/../../../../arm-none-eabi/lib/thumb/v6-m/nofp\libc_nano.a(libc_a-msizer.o)
                0x08002ec6                _malloc_usable_size_r
 *(.glue_7)
 .glue_7        0x08002ed6        0x0 linker stubs
 *(.glue_7t)
 .glue_7t       0x08002ed6        0x0 linker stubs
 *(.eh_frame)
 *fill*         0x08002ed6        0x2 
 .eh_frame      0x08002ed8        0x0 C:/ST/STM32CubeIDE_1.18.1/STM32CubeIDE/plugins/com.st.stm32cube.ide.mcu.externaltools.gnu-tools-for-stm32.13.3.rel1.win32_1.0.0.202411081344/tools/bin/../lib/gcc/arm-none-eabi/13.3.1/thumb/v6-m/nofp/crtbegin.o
 *(.init)
 .init          0x08002ed8        0x4 C:/ST/STM32CubeIDE_1.18.1/STM32CubeIDE/plugins/com.st.stm32cube.ide.mcu.externaltools.gnu-tools-for-stm32.13.3.rel1.win32_1.0.0.202411081344/tools/bin/../lib/gcc/arm-none-eabi/13.3.1/thumb/v6-m/nofp/crti.o
                0x08002ed8                _init
 .init          0x08002edc        0x8 C:/ST/STM32CubeIDE_1.18.1/STM32CubeIDE/plugins/com.st.stm32cube.ide.mcu.externaltools.gnu-tools-for-stm32.13.3.rel1.win32_1.0.0.202411081344/tools/bin/../lib/gcc/arm-none-eabi/13.3.1/thumb/v6-m/nofp/crtn.o
 *(.fini)
 .fini          0x08002ee4        0x4 C:/ST/STM32CubeIDE_1.18.1/STM32CubeIDE/plugins/com.st.stm32cube.ide.mcu.externaltools.gnu-tools-for-stm32.13.3.rel1.win32_1.0.0.202411081344/tools/bin/../lib/gcc/arm-none-eabi/13.3.1/thumb/v6-m/nofp/crti.o
                0x08002ee4                _fini
 .fini          0x08002ee8        0x8 C:/ST/STM32CubeIDE_1.18.1/STM32CubeIDE/plugins/com.st.stm32cube.ide.mcu.externaltools.gnu-tools-for-stm32.13.3.rel1.win32_1.0.0.202411081344/tools/bin/../lib/gcc/arm-none-eabi/13.3.1/thumb/v6-m/nofp/crtn.o
                0x08002ef0                        . = ALIGN (0x4)
                0x08002ef0                        _etext = .

.vfp11_veneer   0x08002ef0        0x0
 .vfp11_veneer  0x08002ef0        0x0 linker stubs

.v4_bx          0x08002ef0        0x0
 .v4_bx         0x08002ef0        0x0 linker stubs

.iplt           0x08002ef0        0x0
 .iplt          0x08002ef0        0x0 C:/ST/STM32CubeIDE_1.18.1/STM32CubeIDE/plugins/com.st.stm32cube.ide.mcu.externaltools.gnu-tools-for-stm32.13.3.rel1.win32_1.0.0.202411081344/tools/bin/../lib/gcc/arm-none-eabi/13.3.1/thumb/v6-m/nofp/crtbegin.o

.rodata         0x08002ef0       0x80
                0x08002ef0                        . = ALIGN (0x4)
 *(.rodata)
 .rodata        0x08002ef0       0x12 ./Source/task/main.o
 *(.rodata*)
 *fill*         0x08002f02        0x2 
 .rodata.CHANNEL_OFFSET_TAB
                0x08002f04        0x5 ./Source/peripherals_driver/uart.o
 *fill*         0x08002f09        0x3 
 .rodata.USART_PRESCALER_TAB
                0x08002f0c       0x30 ./Source/peripherals_driver/uart.o
 .rodata._svfprintf_r.str1.1
                0x08002f3c       0x33 C:/ST/STM32CubeIDE_1.18.1/STM32CubeIDE/plugins/com.st.stm32cube.ide.mcu.externaltools.gnu-tools-for-stm32.13.3.rel1.win32_1.0.0.202411081344/tools/bin/../lib/gcc/arm-none-eabi/13.3.1/../../../../arm-none-eabi/lib/thumb/v6-m/nofp\libc_nano.a(libc_a-nano-svfprintf.o)
                                 0x11 (size before relaxing)
 .rodata._printf_i.str1.1
                0x08002f6f       0x22 C:/ST/STM32CubeIDE_1.18.1/STM32CubeIDE/plugins/com.st.stm32cube.ide.mcu.externaltools.gnu-tools-for-stm32.13.3.rel1.win32_1.0.0.202411081344/tools/bin/../lib/gcc/arm-none-eabi/13.3.1/../../../../arm-none-eabi/lib/thumb/v6-m/nofp\libc_nano.a(libc_a-nano-vfprintf_i.o)
                0x08002f94                        . = ALIGN (0x4)
 *fill*         0x08002f6f        0x1 

.ARM.extab      0x08002f70        0x0
                0x08002f70                        . = ALIGN (0x4)
 *(.ARM.extab* .gnu.linkonce.armextab.*)
                0x08002f70                        . = ALIGN (0x4)

.ARM            0x08002f70        0x0
                0x08002f70                        . = ALIGN (0x4)
                0x08002f70                        __exidx_start = .
 *(.ARM.exidx*)
                0x08002f70                        __exidx_end = .
                0x08002f70                        . = ALIGN (0x4)

.preinit_array  0x08002f70        0x0
                0x08002f70                        . = ALIGN (0x4)
                0x08002f70                        PROVIDE (__preinit_array_start = .)
 *(.preinit_array*)
                0x08002f70                        PROVIDE (__preinit_array_end = .)
                0x08002f70                        . = ALIGN (0x4)

.init_array     0x08002f70        0x4
                0x08002f70                        . = ALIGN (0x4)
                0x08002f70                        PROVIDE (__init_array_start = .)
 *(SORT_BY_NAME(.init_array.*))
 *(.init_array*)
 .init_array    0x08002f70        0x4 C:/ST/STM32CubeIDE_1.18.1/STM32CubeIDE/plugins/com.st.stm32cube.ide.mcu.externaltools.gnu-tools-for-stm32.13.3.rel1.win32_1.0.0.202411081344/tools/bin/../lib/gcc/arm-none-eabi/13.3.1/thumb/v6-m/nofp/crtbegin.o
                0x08002f74                        PROVIDE (__init_array_end = .)
                0x08002f74                        . = ALIGN (0x4)

.fini_array     0x08002f74        0x4
                0x08002f74                        . = ALIGN (0x4)
                [!provide]                        PROVIDE (__fini_array_start = .)
 *(SORT_BY_NAME(.fini_array.*))
 *(.fini_array*)
 .fini_array    0x08002f74        0x4 C:/ST/STM32CubeIDE_1.18.1/STM32CubeIDE/plugins/com.st.stm32cube.ide.mcu.externaltools.gnu-tools-for-stm32.13.3.rel1.win32_1.0.0.202411081344/tools/bin/../lib/gcc/arm-none-eabi/13.3.1/thumb/v6-m/nofp/crtbegin.o
                [!provide]                        PROVIDE (__fini_array_end = .)
                0x08002f78                        . = ALIGN (0x4)
                0x08002f78                        _sidata = LOADADDR (.data)

.rel.dyn        0x08002f78        0x0
 .rel.iplt      0x08002f78        0x0 C:/ST/STM32CubeIDE_1.18.1/STM32CubeIDE/plugins/com.st.stm32cube.ide.mcu.externaltools.gnu-tools-for-stm32.13.3.rel1.win32_1.0.0.202411081344/tools/bin/../lib/gcc/arm-none-eabi/13.3.1/thumb/v6-m/nofp/crtbegin.o

.data           0x20000000       0x54 load address 0x08002f78
                0x20000000                        . = ALIGN (0x4)
                0x20000000                        _sdata = .
 *(.data)
 *(.data*)
 .data.SystemCoreClock
                0x20000000        0x4 ./Source/system_stm32g0xx.o
                0x20000000                SystemCoreClock
 .data._impure_ptr
                0x20000004        0x4 C:/ST/STM32CubeIDE_1.18.1/STM32CubeIDE/plugins/com.st.stm32cube.ide.mcu.externaltools.gnu-tools-for-stm32.13.3.rel1.win32_1.0.0.202411081344/tools/bin/../lib/gcc/arm-none-eabi/13.3.1/../../../../arm-none-eabi/lib/thumb/v6-m/nofp\libc_nano.a(libc_a-impure.o)
                0x20000004                _impure_ptr
 .data._impure_data
                0x20000008       0x4c C:/ST/STM32CubeIDE_1.18.1/STM32CubeIDE/plugins/com.st.stm32cube.ide.mcu.externaltools.gnu-tools-for-stm32.13.3.rel1.win32_1.0.0.202411081344/tools/bin/../lib/gcc/arm-none-eabi/13.3.1/../../../../arm-none-eabi/lib/thumb/v6-m/nofp\libc_nano.a(libc_a-impure.o)
                0x20000008                _impure_data
 *(.RamFunc)
 *(.RamFunc*)
                0x20000054                        . = ALIGN (0x4)
                0x20000054                        _edata = .

.igot.plt       0x20000054        0x0 load address 0x08002fcc
 .igot.plt      0x20000054        0x0 C:/ST/STM32CubeIDE_1.18.1/STM32CubeIDE/plugins/com.st.stm32cube.ide.mcu.externaltools.gnu-tools-for-stm32.13.3.rel1.win32_1.0.0.202411081344/tools/bin/../lib/gcc/arm-none-eabi/13.3.1/thumb/v6-m/nofp/crtbegin.o
                0x20000054                        . = ALIGN (0x4)

.bss            0x20000054      0xd84 load address 0x08002fcc
                0x20000054                        _sbss = .
                0x20000054                        __bss_start__ = _sbss
 *(.bss)
 .bss           0x20000054       0x1c C:/ST/STM32CubeIDE_1.18.1/STM32CubeIDE/plugins/com.st.stm32cube.ide.mcu.externaltools.gnu-tools-for-stm32.13.3.rel1.win32_1.0.0.202411081344/tools/bin/../lib/gcc/arm-none-eabi/13.3.1/thumb/v6-m/nofp/crtbegin.o
 *(.bss*)
 .bss.log_buf   0x20000070      0x400 ./Source/bsp/platform.o
                0x20000070                log_buf
 .bss.usart1_rxBuffer
                0x20000470      0x400 ./Source/peripherals_driver/uart.o
                0x20000470                usart1_rxBuffer
 .bss.USART2_rxBuffer
                0x20000870      0x400 ./Source/peripherals_driver/uart.o
                0x20000870                USART2_rxBuffer
 .bss.u32tickCount
                0x20000c70        0x4 ./Source/stm32g0xx_it.o
 .bss.__sbrk_heap_end
                0x20000c74        0x4 ./Source/sysmem.o
 .bss.u32MiliCount
                0x20000c78        0x4 ./Source/task/main.o
                0x20000c78                u32MiliCount
 .bss.u32SecCount
                0x20000c7c        0x4 ./Source/task/main.o
                0x20000c7c                u32SecCount
 .bss.u32lastprint
                0x20000c80        0x4 ./Source/task/main.o
 .bss.DP_RxQueue
                0x20000c84        0x4 ./Source/task/main.o
                0x20000c84                DP_RxQueue
 .bss.DP_TxQueue
                0x20000c88        0x4 ./Source/task/main.o
                0x20000c88                DP_TxQueue
 .bss.tmpval    0x20000c8c        0x1 ./Source/task/main.o
                0x20000c8c                tmpval
 *fill*         0x20000c8d        0x3 
 .bss.__malloc_sbrk_start
                0x20000c90        0x4 C:/ST/STM32CubeIDE_1.18.1/STM32CubeIDE/plugins/com.st.stm32cube.ide.mcu.externaltools.gnu-tools-for-stm32.13.3.rel1.win32_1.0.0.202411081344/tools/bin/../lib/gcc/arm-none-eabi/13.3.1/../../../../arm-none-eabi/lib/thumb/v6-m/nofp\libc_nano.a(libc_a-mallocr.o)
                0x20000c90                __malloc_sbrk_start
 .bss.__malloc_free_list
                0x20000c94        0x4 C:/ST/STM32CubeIDE_1.18.1/STM32CubeIDE/plugins/com.st.stm32cube.ide.mcu.externaltools.gnu-tools-for-stm32.13.3.rel1.win32_1.0.0.202411081344/tools/bin/../lib/gcc/arm-none-eabi/13.3.1/../../../../arm-none-eabi/lib/thumb/v6-m/nofp\libc_nano.a(libc_a-mallocr.o)
                0x20000c94                __malloc_free_list
 .bss.__sf      0x20000c98      0x138 C:/ST/STM32CubeIDE_1.18.1/STM32CubeIDE/plugins/com.st.stm32cube.ide.mcu.externaltools.gnu-tools-for-stm32.13.3.rel1.win32_1.0.0.202411081344/tools/bin/../lib/gcc/arm-none-eabi/13.3.1/../../../../arm-none-eabi/lib/thumb/v6-m/nofp\libc_nano.a(libc_a-findfp.o)
                0x20000c98                __sf
 .bss.errno     0x20000dd0        0x4 C:/ST/STM32CubeIDE_1.18.1/STM32CubeIDE/plugins/com.st.stm32cube.ide.mcu.externaltools.gnu-tools-for-stm32.13.3.rel1.win32_1.0.0.202411081344/tools/bin/../lib/gcc/arm-none-eabi/13.3.1/../../../../arm-none-eabi/lib/thumb/v6-m/nofp\libc_nano.a(libc_a-reent.o)
                0x20000dd0                errno
 .bss.__lock___malloc_recursive_mutex
                0x20000dd4        0x1 C:/ST/STM32CubeIDE_1.18.1/STM32CubeIDE/plugins/com.st.stm32cube.ide.mcu.externaltools.gnu-tools-for-stm32.13.3.rel1.win32_1.0.0.202411081344/tools/bin/../lib/gcc/arm-none-eabi/13.3.1/../../../../arm-none-eabi/lib/thumb/v6-m/nofp\libc_nano.a(libc_a-lock.o)
                0x20000dd4                __lock___malloc_recursive_mutex
 *(COMMON)
                0x20000dd8                        . = ALIGN (0x4)
 *fill*         0x20000dd5        0x3 
                0x20000dd8                        _ebss = .
                0x20000dd8                        __bss_end__ = _ebss

._user_heap_stack
                0x20000dd8      0x600 load address 0x08002fcc
                0x20000dd8                        . = ALIGN (0x8)
                [!provide]                        PROVIDE (end = .)
                0x20000dd8                        PROVIDE (_end = .)
                0x20000fd8                        . = (. + _Min_Heap_Size)
 *fill*         0x20000dd8      0x200 
                0x200013d8                        . = (. + _Min_Stack_Size)
 *fill*         0x20000fd8      0x400 
                0x200013d8                        . = ALIGN (0x8)

/DISCARD/
 libc.a(*)
 libm.a(*)
 libgcc.a(*)

.ARM.attributes
                0x00000000       0x28
 *(.ARM.attributes)
 .ARM.attributes
                0x00000000       0x1e C:/ST/STM32CubeIDE_1.18.1/STM32CubeIDE/plugins/com.st.stm32cube.ide.mcu.externaltools.gnu-tools-for-stm32.13.3.rel1.win32_1.0.0.202411081344/tools/bin/../lib/gcc/arm-none-eabi/13.3.1/thumb/v6-m/nofp/crti.o
 .ARM.attributes
                0x0000001e       0x2c C:/ST/STM32CubeIDE_1.18.1/STM32CubeIDE/plugins/com.st.stm32cube.ide.mcu.externaltools.gnu-tools-for-stm32.13.3.rel1.win32_1.0.0.202411081344/tools/bin/../lib/gcc/arm-none-eabi/13.3.1/thumb/v6-m/nofp/crtbegin.o
 .ARM.attributes
                0x0000004a       0x2c ./Drivers/STM32G0xx_HAL_Driver/Src/stm32g0xx_ll_gpio.o
 .ARM.attributes
                0x00000076       0x2c ./Drivers/STM32G0xx_HAL_Driver/Src/stm32g0xx_ll_i2c.o
 .ARM.attributes
                0x000000a2       0x2c ./Drivers/STM32G0xx_HAL_Driver/Src/stm32g0xx_ll_utils.o
 .ARM.attributes
                0x000000ce       0x2c ./Source/bsp/platform.o
 .ARM.attributes
                0x000000fa       0x2c ./Source/peripherals_driver/drv_i2c.o
 .ARM.attributes
                0x00000126       0x2c ./Source/peripherals_driver/uart.o
 .ARM.attributes
                0x00000152       0x2c ./Source/stm32g0xx_it.o
 .ARM.attributes
                0x0000017e       0x2c ./Source/sysmem.o
 .ARM.attributes
                0x000001aa       0x2c ./Source/system_stm32g0xx.o
 .ARM.attributes
                0x000001d6       0x2c ./Source/task/handlerIOTask.o
 .ARM.attributes
                0x00000202       0x2c ./Source/task/main.o
 .ARM.attributes
                0x0000022e       0x2c ./Source/user_lib/mcp4728.o
 .ARM.attributes
                0x0000025a       0x2c ./Source/user_lib/queue.o
 .ARM.attributes
                0x00000286       0x22 ./Startup/startup_stm32g030k8tx.o
 .ARM.attributes
                0x000002a8       0x2c C:/ST/STM32CubeIDE_1.18.1/STM32CubeIDE/plugins/com.st.stm32cube.ide.mcu.externaltools.gnu-tools-for-stm32.13.3.rel1.win32_1.0.0.202411081344/tools/bin/../lib/gcc/arm-none-eabi/13.3.1/../../../../arm-none-eabi/lib/thumb/v6-m/nofp\libc_nano.a(libc_a-malloc.o)
 .ARM.attributes
                0x000002d4       0x2c C:/ST/STM32CubeIDE_1.18.1/STM32CubeIDE/plugins/com.st.stm32cube.ide.mcu.externaltools.gnu-tools-for-stm32.13.3.rel1.win32_1.0.0.202411081344/tools/bin/../lib/gcc/arm-none-eabi/13.3.1/../../../../arm-none-eabi/lib/thumb/v6-m/nofp\libc_nano.a(libc_a-mallocr.o)
 .ARM.attributes
                0x00000300       0x2c C:/ST/STM32CubeIDE_1.18.1/STM32CubeIDE/plugins/com.st.stm32cube.ide.mcu.externaltools.gnu-tools-for-stm32.13.3.rel1.win32_1.0.0.202411081344/tools/bin/../lib/gcc/arm-none-eabi/13.3.1/../../../../arm-none-eabi/lib/thumb/v6-m/nofp\libc_nano.a(libc_a-mlock.o)
 .ARM.attributes
                0x0000032c       0x2c C:/ST/STM32CubeIDE_1.18.1/STM32CubeIDE/plugins/com.st.stm32cube.ide.mcu.externaltools.gnu-tools-for-stm32.13.3.rel1.win32_1.0.0.202411081344/tools/bin/../lib/gcc/arm-none-eabi/13.3.1/../../../../arm-none-eabi/lib/thumb/v6-m/nofp\libc_nano.a(libc_a-findfp.o)
 .ARM.attributes
                0x00000358       0x2c C:/ST/STM32CubeIDE_1.18.1/STM32CubeIDE/plugins/com.st.stm32cube.ide.mcu.externaltools.gnu-tools-for-stm32.13.3.rel1.win32_1.0.0.202411081344/tools/bin/../lib/gcc/arm-none-eabi/13.3.1/../../../../arm-none-eabi/lib/thumb/v6-m/nofp\libc_nano.a(libc_a-sprintf.o)
 .ARM.attributes
                0x00000384       0x2c C:/ST/STM32CubeIDE_1.18.1/STM32CubeIDE/plugins/com.st.stm32cube.ide.mcu.externaltools.gnu-tools-for-stm32.13.3.rel1.win32_1.0.0.202411081344/tools/bin/../lib/gcc/arm-none-eabi/13.3.1/../../../../arm-none-eabi/lib/thumb/v6-m/nofp\libc_nano.a(libc_a-memset.o)
 .ARM.attributes
                0x000003b0       0x2c C:/ST/STM32CubeIDE_1.18.1/STM32CubeIDE/plugins/com.st.stm32cube.ide.mcu.externaltools.gnu-tools-for-stm32.13.3.rel1.win32_1.0.0.202411081344/tools/bin/../lib/gcc/arm-none-eabi/13.3.1/../../../../arm-none-eabi/lib/thumb/v6-m/nofp\libc_nano.a(libc_a-reent.o)
 .ARM.attributes
                0x000003dc       0x2c C:/ST/STM32CubeIDE_1.18.1/STM32CubeIDE/plugins/com.st.stm32cube.ide.mcu.externaltools.gnu-tools-for-stm32.13.3.rel1.win32_1.0.0.202411081344/tools/bin/../lib/gcc/arm-none-eabi/13.3.1/../../../../arm-none-eabi/lib/thumb/v6-m/nofp\libc_nano.a(libc_a-impure.o)
 .ARM.attributes
                0x00000408       0x2c C:/ST/STM32CubeIDE_1.18.1/STM32CubeIDE/plugins/com.st.stm32cube.ide.mcu.externaltools.gnu-tools-for-stm32.13.3.rel1.win32_1.0.0.202411081344/tools/bin/../lib/gcc/arm-none-eabi/13.3.1/../../../../arm-none-eabi/lib/thumb/v6-m/nofp\libc_nano.a(libc_a-sbrkr.o)
 .ARM.attributes
                0x00000434       0x2c C:/ST/STM32CubeIDE_1.18.1/STM32CubeIDE/plugins/com.st.stm32cube.ide.mcu.externaltools.gnu-tools-for-stm32.13.3.rel1.win32_1.0.0.202411081344/tools/bin/../lib/gcc/arm-none-eabi/13.3.1/../../../../arm-none-eabi/lib/thumb/v6-m/nofp\libc_nano.a(libc_a-errno.o)
 .ARM.attributes
                0x00000460       0x2c C:/ST/STM32CubeIDE_1.18.1/STM32CubeIDE/plugins/com.st.stm32cube.ide.mcu.externaltools.gnu-tools-for-stm32.13.3.rel1.win32_1.0.0.202411081344/tools/bin/../lib/gcc/arm-none-eabi/13.3.1/../../../../arm-none-eabi/lib/thumb/v6-m/nofp\libc_nano.a(libc_a-init.o)
 .ARM.attributes
                0x0000048c       0x2c C:/ST/STM32CubeIDE_1.18.1/STM32CubeIDE/plugins/com.st.stm32cube.ide.mcu.externaltools.gnu-tools-for-stm32.13.3.rel1.win32_1.0.0.202411081344/tools/bin/../lib/gcc/arm-none-eabi/13.3.1/../../../../arm-none-eabi/lib/thumb/v6-m/nofp\libc_nano.a(libc_a-lock.o)
 .ARM.attributes
                0x000004b8       0x2c C:/ST/STM32CubeIDE_1.18.1/STM32CubeIDE/plugins/com.st.stm32cube.ide.mcu.externaltools.gnu-tools-for-stm32.13.3.rel1.win32_1.0.0.202411081344/tools/bin/../lib/gcc/arm-none-eabi/13.3.1/../../../../arm-none-eabi/lib/thumb/v6-m/nofp\libc_nano.a(libc_a-memcpy-stub.o)
 .ARM.attributes
                0x000004e4       0x1c C:/ST/STM32CubeIDE_1.18.1/STM32CubeIDE/plugins/com.st.stm32cube.ide.mcu.externaltools.gnu-tools-for-stm32.13.3.rel1.win32_1.0.0.202411081344/tools/bin/../lib/gcc/arm-none-eabi/13.3.1/../../../../arm-none-eabi/lib/thumb/v6-m/nofp\libc_nano.a(libc_a-strlen.o)
 .ARM.attributes
                0x00000500       0x2c C:/ST/STM32CubeIDE_1.18.1/STM32CubeIDE/plugins/com.st.stm32cube.ide.mcu.externaltools.gnu-tools-for-stm32.13.3.rel1.win32_1.0.0.202411081344/tools/bin/../lib/gcc/arm-none-eabi/13.3.1/../../../../arm-none-eabi/lib/thumb/v6-m/nofp\libc_nano.a(libc_a-freer.o)
 .ARM.attributes
                0x0000052c       0x2c C:/ST/STM32CubeIDE_1.18.1/STM32CubeIDE/plugins/com.st.stm32cube.ide.mcu.externaltools.gnu-tools-for-stm32.13.3.rel1.win32_1.0.0.202411081344/tools/bin/../lib/gcc/arm-none-eabi/13.3.1/../../../../arm-none-eabi/lib/thumb/v6-m/nofp\libc_nano.a(libc_a-nano-svfprintf.o)
 .ARM.attributes
                0x00000558       0x2c C:/ST/STM32CubeIDE_1.18.1/STM32CubeIDE/plugins/com.st.stm32cube.ide.mcu.externaltools.gnu-tools-for-stm32.13.3.rel1.win32_1.0.0.202411081344/tools/bin/../lib/gcc/arm-none-eabi/13.3.1/../../../../arm-none-eabi/lib/thumb/v6-m/nofp\libc_nano.a(libc_a-nano-vfprintf_i.o)
 .ARM.attributes
                0x00000584       0x2c C:/ST/STM32CubeIDE_1.18.1/STM32CubeIDE/plugins/com.st.stm32cube.ide.mcu.externaltools.gnu-tools-for-stm32.13.3.rel1.win32_1.0.0.202411081344/tools/bin/../lib/gcc/arm-none-eabi/13.3.1/../../../../arm-none-eabi/lib/thumb/v6-m/nofp\libc_nano.a(libc_a-memmove.o)
 .ARM.attributes
                0x000005b0       0x2c C:/ST/STM32CubeIDE_1.18.1/STM32CubeIDE/plugins/com.st.stm32cube.ide.mcu.externaltools.gnu-tools-for-stm32.13.3.rel1.win32_1.0.0.202411081344/tools/bin/../lib/gcc/arm-none-eabi/13.3.1/../../../../arm-none-eabi/lib/thumb/v6-m/nofp\libc_nano.a(libc_a-memchr-stub.o)
 .ARM.attributes
                0x000005dc       0x2c C:/ST/STM32CubeIDE_1.18.1/STM32CubeIDE/plugins/com.st.stm32cube.ide.mcu.externaltools.gnu-tools-for-stm32.13.3.rel1.win32_1.0.0.202411081344/tools/bin/../lib/gcc/arm-none-eabi/13.3.1/../../../../arm-none-eabi/lib/thumb/v6-m/nofp\libc_nano.a(libc_a-reallocr.o)
 .ARM.attributes
                0x00000608       0x2c C:/ST/STM32CubeIDE_1.18.1/STM32CubeIDE/plugins/com.st.stm32cube.ide.mcu.externaltools.gnu-tools-for-stm32.13.3.rel1.win32_1.0.0.202411081344/tools/bin/../lib/gcc/arm-none-eabi/13.3.1/../../../../arm-none-eabi/lib/thumb/v6-m/nofp\libc_nano.a(libc_a-msizer.o)
 .ARM.attributes
                0x00000634       0x1e C:/ST/STM32CubeIDE_1.18.1/STM32CubeIDE/plugins/com.st.stm32cube.ide.mcu.externaltools.gnu-tools-for-stm32.13.3.rel1.win32_1.0.0.202411081344/tools/bin/../lib/gcc/arm-none-eabi/13.3.1/thumb/v6-m/nofp\libgcc.a(_thumb1_case_shi.o)
 .ARM.attributes
                0x00000652       0x1e C:/ST/STM32CubeIDE_1.18.1/STM32CubeIDE/plugins/com.st.stm32cube.ide.mcu.externaltools.gnu-tools-for-stm32.13.3.rel1.win32_1.0.0.202411081344/tools/bin/../lib/gcc/arm-none-eabi/13.3.1/thumb/v6-m/nofp\libgcc.a(_udivsi3.o)
 .ARM.attributes
                0x00000670       0x1e C:/ST/STM32CubeIDE_1.18.1/STM32CubeIDE/plugins/com.st.stm32cube.ide.mcu.externaltools.gnu-tools-for-stm32.13.3.rel1.win32_1.0.0.202411081344/tools/bin/../lib/gcc/arm-none-eabi/13.3.1/thumb/v6-m/nofp\libgcc.a(_dvmd_tls.o)
 .ARM.attributes
                0x0000068e       0x1e C:/ST/STM32CubeIDE_1.18.1/STM32CubeIDE/plugins/com.st.stm32cube.ide.mcu.externaltools.gnu-tools-for-stm32.13.3.rel1.win32_1.0.0.202411081344/tools/bin/../lib/gcc/arm-none-eabi/13.3.1/thumb/v6-m/nofp/crtn.o
OUTPUT(PCB3_analog.elf elf32-littlearm)
LOAD linker stubs
LOAD C:/ST/STM32CubeIDE_1.18.1/STM32CubeIDE/plugins/com.st.stm32cube.ide.mcu.externaltools.gnu-tools-for-stm32.13.3.rel1.win32_1.0.0.202411081344/tools/bin/../lib/gcc/arm-none-eabi/13.3.1/../../../../arm-none-eabi/lib/thumb/v6-m/nofp\libc.a
LOAD C:/ST/STM32CubeIDE_1.18.1/STM32CubeIDE/plugins/com.st.stm32cube.ide.mcu.externaltools.gnu-tools-for-stm32.13.3.rel1.win32_1.0.0.202411081344/tools/bin/../lib/gcc/arm-none-eabi/13.3.1/../../../../arm-none-eabi/lib/thumb/v6-m/nofp\libm.a
LOAD C:/ST/STM32CubeIDE_1.18.1/STM32CubeIDE/plugins/com.st.stm32cube.ide.mcu.externaltools.gnu-tools-for-stm32.13.3.rel1.win32_1.0.0.202411081344/tools/bin/../lib/gcc/arm-none-eabi/13.3.1/thumb/v6-m/nofp\libgcc.a

.debug_info     0x00000000     0x57da
 .debug_info    0x00000000      0x594 ./Drivers/STM32G0xx_HAL_Driver/Src/stm32g0xx_ll_gpio.o
 .debug_info    0x00000594      0x5a3 ./Drivers/STM32G0xx_HAL_Driver/Src/stm32g0xx_ll_i2c.o
 .debug_info    0x00000b37      0x86f ./Drivers/STM32G0xx_HAL_Driver/Src/stm32g0xx_ll_utils.o
 .debug_info    0x000013a6      0x4bf ./Source/bsp/platform.o
 .debug_info    0x00001865      0xb1d ./Source/peripherals_driver/drv_i2c.o
 .debug_info    0x00002382     0x1b32 ./Source/peripherals_driver/uart.o
 .debug_info    0x00003eb4      0x1f5 ./Source/stm32g0xx_it.o
 .debug_info    0x000040a9      0x168 ./Source/sysmem.o
 .debug_info    0x00004211      0x2c1 ./Source/system_stm32g0xx.o
 .debug_info    0x000044d2      0x53b ./Source/task/handlerIOTask.o
 .debug_info    0x00004a0d      0xa7d ./Source/task/main.o
 .debug_info    0x0000548a      0x11a ./Source/user_lib/mcp4728.o
 .debug_info    0x000055a4      0x206 ./Source/user_lib/queue.o
 .debug_info    0x000057aa       0x30 ./Startup/startup_stm32g030k8tx.o

.debug_abbrev   0x00000000     0x1819
 .debug_abbrev  0x00000000      0x1a7 ./Drivers/STM32G0xx_HAL_Driver/Src/stm32g0xx_ll_gpio.o
 .debug_abbrev  0x000001a7      0x171 ./Drivers/STM32G0xx_HAL_Driver/Src/stm32g0xx_ll_i2c.o
 .debug_abbrev  0x00000318      0x239 ./Drivers/STM32G0xx_HAL_Driver/Src/stm32g0xx_ll_utils.o
 .debug_abbrev  0x00000551      0x1c1 ./Source/bsp/platform.o
 .debug_abbrev  0x00000712      0x2ab ./Source/peripherals_driver/drv_i2c.o
 .debug_abbrev  0x000009bd      0x421 ./Source/peripherals_driver/uart.o
 .debug_abbrev  0x00000dde       0xff ./Source/stm32g0xx_it.o
 .debug_abbrev  0x00000edd       0xbc ./Source/sysmem.o
 .debug_abbrev  0x00000f99      0x11b ./Source/system_stm32g0xx.o
 .debug_abbrev  0x000010b4      0x269 ./Source/task/handlerIOTask.o
 .debug_abbrev  0x0000131d      0x2f1 ./Source/task/main.o
 .debug_abbrev  0x0000160e       0xb1 ./Source/user_lib/mcp4728.o
 .debug_abbrev  0x000016bf      0x136 ./Source/user_lib/queue.o
 .debug_abbrev  0x000017f5       0x24 ./Startup/startup_stm32g030k8tx.o

.debug_aranges  0x00000000      0x768
 .debug_aranges
                0x00000000       0x70 ./Drivers/STM32G0xx_HAL_Driver/Src/stm32g0xx_ll_gpio.o
 .debug_aranges
                0x00000070       0x88 ./Drivers/STM32G0xx_HAL_Driver/Src/stm32g0xx_ll_i2c.o
 .debug_aranges
                0x000000f8       0xe8 ./Drivers/STM32G0xx_HAL_Driver/Src/stm32g0xx_ll_utils.o
 .debug_aranges
                0x000001e0       0x30 ./Source/bsp/platform.o
 .debug_aranges
                0x00000210       0xe0 ./Source/peripherals_driver/drv_i2c.o
 .debug_aranges
                0x000002f0      0x290 ./Source/peripherals_driver/uart.o
 .debug_aranges
                0x00000580       0x70 ./Source/stm32g0xx_it.o
 .debug_aranges
                0x000005f0       0x20 ./Source/sysmem.o
 .debug_aranges
                0x00000610       0x28 ./Source/system_stm32g0xx.o
 .debug_aranges
                0x00000638       0x38 ./Source/task/handlerIOTask.o
 .debug_aranges
                0x00000670       0x80 ./Source/task/main.o
 .debug_aranges
                0x000006f0       0x20 ./Source/user_lib/mcp4728.o
 .debug_aranges
                0x00000710       0x30 ./Source/user_lib/queue.o
 .debug_aranges
                0x00000740       0x28 ./Startup/startup_stm32g030k8tx.o

.debug_rnglists
                0x00000000      0x565
 .debug_rnglists
                0x00000000       0x51 ./Drivers/STM32G0xx_HAL_Driver/Src/stm32g0xx_ll_gpio.o
 .debug_rnglists
                0x00000051       0x62 ./Drivers/STM32G0xx_HAL_Driver/Src/stm32g0xx_ll_i2c.o
 .debug_rnglists
                0x000000b3       0xad ./Drivers/STM32G0xx_HAL_Driver/Src/stm32g0xx_ll_utils.o
 .debug_rnglists
                0x00000160       0x20 ./Source/bsp/platform.o
 .debug_rnglists
                0x00000180       0xaa ./Source/peripherals_driver/drv_i2c.o
 .debug_rnglists
                0x0000022a      0x1ef ./Source/peripherals_driver/uart.o
 .debug_rnglists
                0x00000419       0x4f ./Source/stm32g0xx_it.o
 .debug_rnglists
                0x00000468       0x13 ./Source/sysmem.o
 .debug_rnglists
                0x0000047b       0x1a ./Source/system_stm32g0xx.o
 .debug_rnglists
                0x00000495       0x27 ./Source/task/handlerIOTask.o
 .debug_rnglists
                0x000004bc       0x5d ./Source/task/main.o
 .debug_rnglists
                0x00000519       0x14 ./Source/user_lib/mcp4728.o
 .debug_rnglists
                0x0000052d       0x1f ./Source/user_lib/queue.o
 .debug_rnglists
                0x0000054c       0x19 ./Startup/startup_stm32g030k8tx.o

.debug_macro    0x00000000     0x40a4
 .debug_macro   0x00000000      0x105 ./Drivers/STM32G0xx_HAL_Driver/Src/stm32g0xx_ll_gpio.o
 .debug_macro   0x00000105      0x12b ./Drivers/STM32G0xx_HAL_Driver/Src/stm32g0xx_ll_gpio.o
 .debug_macro   0x00000230      0x105 ./Drivers/STM32G0xx_HAL_Driver/Src/stm32g0xx_ll_i2c.o
 .debug_macro   0x00000335      0x247 ./Drivers/STM32G0xx_HAL_Driver/Src/stm32g0xx_ll_i2c.o
 .debug_macro   0x0000057c      0x171 ./Drivers/STM32G0xx_HAL_Driver/Src/stm32g0xx_ll_utils.o
 .debug_macro   0x000006ed       0x54 ./Drivers/STM32G0xx_HAL_Driver/Src/stm32g0xx_ll_utils.o
 .debug_macro   0x00000741      0x12c ./Drivers/STM32G0xx_HAL_Driver/Src/stm32g0xx_ll_utils.o
 .debug_macro   0x0000086d      0x159 ./Drivers/STM32G0xx_HAL_Driver/Src/stm32g0xx_ll_utils.o
 .debug_macro   0x000009c6      0x248 ./Source/bsp/platform.o
 .debug_macro   0x00000c0e       0x5b ./Source/bsp/platform.o
 .debug_macro   0x00000c69       0x24 ./Source/bsp/platform.o
 .debug_macro   0x00000c8d       0x94 ./Source/bsp/platform.o
 .debug_macro   0x00000d21       0x43 ./Source/bsp/platform.o
 .debug_macro   0x00000d64       0x34 ./Source/bsp/platform.o
 .debug_macro   0x00000d98      0x190 ./Source/bsp/platform.o
 .debug_macro   0x00000f28       0x57 ./Source/bsp/platform.o
 .debug_macro   0x00000f7f      0x370 ./Source/bsp/platform.o
 .debug_macro   0x000012ef       0x16 ./Source/bsp/platform.o
 .debug_macro   0x00001305       0x4a ./Source/bsp/platform.o
 .debug_macro   0x0000134f       0x34 ./Source/bsp/platform.o
 .debug_macro   0x00001383       0x10 ./Source/bsp/platform.o
 .debug_macro   0x00001393       0x58 ./Source/bsp/platform.o
 .debug_macro   0x000013eb       0x8e ./Source/bsp/platform.o
 .debug_macro   0x00001479       0x1c ./Source/bsp/platform.o
 .debug_macro   0x00001495      0x185 ./Source/bsp/platform.o
 .debug_macro   0x0000161a       0x10 ./Source/bsp/platform.o
 .debug_macro   0x0000162a       0x3c ./Source/bsp/platform.o
 .debug_macro   0x00001666       0x20 ./Source/bsp/platform.o
 .debug_macro   0x00001686      0x177 ./Source/bsp/platform.o
 .debug_macro   0x000017fd       0x5a ./Source/bsp/platform.o
 .debug_macro   0x00001857      0x40f ./Source/bsp/platform.o
 .debug_macro   0x00001c66      0x131 ./Source/bsp/platform.o
 .debug_macro   0x00001d97      0x8d7 ./Source/bsp/platform.o
 .debug_macro   0x0000266e      0x3f7 ./Source/bsp/platform.o
 .debug_macro   0x00002a65       0x9a ./Source/bsp/platform.o
 .debug_macro   0x00002aff      0x28b ./Source/peripherals_driver/drv_i2c.o
 .debug_macro   0x00002d8a       0x61 ./Source/peripherals_driver/drv_i2c.o
 .debug_macro   0x00002deb      0x24d ./Source/peripherals_driver/drv_i2c.o
 .debug_macro   0x00003038      0x35e ./Source/peripherals_driver/uart.o
 .debug_macro   0x00003396       0x10 ./Source/peripherals_driver/uart.o
 .debug_macro   0x000033a6       0x77 ./Source/stm32g0xx_it.o
 .debug_macro   0x0000341d      0x112 ./Source/sysmem.o
 .debug_macro   0x0000352f      0x23c ./Source/sysmem.o
 .debug_macro   0x0000376b       0xdb ./Source/system_stm32g0xx.o
 .debug_macro   0x00003846      0x26b ./Source/task/handlerIOTask.o
 .debug_macro   0x00003ab1      0x275 ./Source/task/main.o
 .debug_macro   0x00003d26       0x8f ./Source/user_lib/mcp4728.o
 .debug_macro   0x00003db5      0x138 ./Source/user_lib/queue.o
 .debug_macro   0x00003eed      0x11c ./Source/user_lib/queue.o
 .debug_macro   0x00004009       0x9b ./Source/user_lib/queue.o

.debug_line     0x00000000     0x7002
 .debug_line    0x00000000      0x6d8 ./Drivers/STM32G0xx_HAL_Driver/Src/stm32g0xx_ll_gpio.o
 .debug_line    0x000006d8      0x6d2 ./Drivers/STM32G0xx_HAL_Driver/Src/stm32g0xx_ll_i2c.o
 .debug_line    0x00000daa      0x997 ./Drivers/STM32G0xx_HAL_Driver/Src/stm32g0xx_ll_utils.o
 .debug_line    0x00001741      0x870 ./Source/bsp/platform.o
 .debug_line    0x00001fb1      0xd15 ./Source/peripherals_driver/drv_i2c.o
 .debug_line    0x00002cc6     0x1465 ./Source/peripherals_driver/uart.o
 .debug_line    0x0000412b      0x52b ./Source/stm32g0xx_it.o
 .debug_line    0x00004656      0x586 ./Source/sysmem.o
 .debug_line    0x00004bdc      0x565 ./Source/system_stm32g0xx.o
 .debug_line    0x00005141      0x8fb ./Source/task/handlerIOTask.o
 .debug_line    0x00005a3c      0xaac ./Source/task/main.o
 .debug_line    0x000064e8      0x461 ./Source/user_lib/mcp4728.o
 .debug_line    0x00006949      0x63e ./Source/user_lib/queue.o
 .debug_line    0x00006f87       0x7b ./Startup/startup_stm32g030k8tx.o

.debug_str      0x00000000    0x57c08
 .debug_str     0x00000000    0x57c08 ./Drivers/STM32G0xx_HAL_Driver/Src/stm32g0xx_ll_gpio.o
                              0x41908 (size before relaxing)
 .debug_str     0x00057c08    0x42080 ./Drivers/STM32G0xx_HAL_Driver/Src/stm32g0xx_ll_i2c.o
 .debug_str     0x00057c08    0x44b39 ./Drivers/STM32G0xx_HAL_Driver/Src/stm32g0xx_ll_utils.o
 .debug_str     0x00057c08    0x53844 ./Source/bsp/platform.o
 .debug_str     0x00057c08    0x54b48 ./Source/peripherals_driver/drv_i2c.o
 .debug_str     0x00057c08    0x54445 ./Source/peripherals_driver/uart.o
 .debug_str     0x00057c08     0x3e6c ./Source/stm32g0xx_it.o
 .debug_str     0x00057c08     0x7687 ./Source/sysmem.o
 .debug_str     0x00057c08    0x4078d ./Source/system_stm32g0xx.o
 .debug_str     0x00057c08    0x53748 ./Source/task/handlerIOTask.o
 .debug_str     0x00057c08    0x53b31 ./Source/task/main.o
 .debug_str     0x00057c08     0x3dc6 ./Source/user_lib/mcp4728.o
 .debug_str     0x00057c08     0x7315 ./Source/user_lib/queue.o
 .debug_str     0x00057c08       0x64 ./Startup/startup_stm32g030k8tx.o

.comment        0x00000000       0x43
 .comment       0x00000000       0x43 ./Drivers/STM32G0xx_HAL_Driver/Src/stm32g0xx_ll_gpio.o
                                 0x44 (size before relaxing)
 .comment       0x00000043       0x44 ./Drivers/STM32G0xx_HAL_Driver/Src/stm32g0xx_ll_i2c.o
 .comment       0x00000043       0x44 ./Drivers/STM32G0xx_HAL_Driver/Src/stm32g0xx_ll_utils.o
 .comment       0x00000043       0x44 ./Source/bsp/platform.o
 .comment       0x00000043       0x44 ./Source/peripherals_driver/drv_i2c.o
 .comment       0x00000043       0x44 ./Source/peripherals_driver/uart.o
 .comment       0x00000043       0x44 ./Source/stm32g0xx_it.o
 .comment       0x00000043       0x44 ./Source/sysmem.o
 .comment       0x00000043       0x44 ./Source/system_stm32g0xx.o
 .comment       0x00000043       0x44 ./Source/task/handlerIOTask.o
 .comment       0x00000043       0x44 ./Source/task/main.o
 .comment       0x00000043       0x44 ./Source/user_lib/mcp4728.o
 .comment       0x00000043       0x44 ./Source/user_lib/queue.o

.debug_frame    0x00000000     0x1dfc
 .debug_frame   0x00000000      0x170 ./Drivers/STM32G0xx_HAL_Driver/Src/stm32g0xx_ll_gpio.o
 .debug_frame   0x00000170      0x1d0 ./Drivers/STM32G0xx_HAL_Driver/Src/stm32g0xx_ll_i2c.o
 .debug_frame   0x00000340      0x324 ./Drivers/STM32G0xx_HAL_Driver/Src/stm32g0xx_ll_utils.o
 .debug_frame   0x00000664       0x70 ./Source/bsp/platform.o
 .debug_frame   0x000006d4      0x330 ./Source/peripherals_driver/drv_i2c.o
 .debug_frame   0x00000a04      0x9cc ./Source/peripherals_driver/uart.o
 .debug_frame   0x000013d0      0x144 ./Source/stm32g0xx_it.o
 .debug_frame   0x00001514       0x30 ./Source/sysmem.o
 .debug_frame   0x00001544       0x4c ./Source/system_stm32g0xx.o
 .debug_frame   0x00001590       0x90 ./Source/task/handlerIOTask.o
 .debug_frame   0x00001620      0x198 ./Source/task/main.o
 .debug_frame   0x000017b8       0x30 ./Source/user_lib/mcp4728.o
 .debug_frame   0x000017e8       0x70 ./Source/user_lib/queue.o
 .debug_frame   0x00001858       0x40 C:/ST/STM32CubeIDE_1.18.1/STM32CubeIDE/plugins/com.st.stm32cube.ide.mcu.externaltools.gnu-tools-for-stm32.13.3.rel1.win32_1.0.0.202411081344/tools/bin/../lib/gcc/arm-none-eabi/13.3.1/../../../../arm-none-eabi/lib/thumb/v6-m/nofp\libc_nano.a(libc_a-malloc.o)
 .debug_frame   0x00001898       0x50 C:/ST/STM32CubeIDE_1.18.1/STM32CubeIDE/plugins/com.st.stm32cube.ide.mcu.externaltools.gnu-tools-for-stm32.13.3.rel1.win32_1.0.0.202411081344/tools/bin/../lib/gcc/arm-none-eabi/13.3.1/../../../../arm-none-eabi/lib/thumb/v6-m/nofp\libc_nano.a(libc_a-mallocr.o)
 .debug_frame   0x000018e8       0x40 C:/ST/STM32CubeIDE_1.18.1/STM32CubeIDE/plugins/com.st.stm32cube.ide.mcu.externaltools.gnu-tools-for-stm32.13.3.rel1.win32_1.0.0.202411081344/tools/bin/../lib/gcc/arm-none-eabi/13.3.1/../../../../arm-none-eabi/lib/thumb/v6-m/nofp\libc_nano.a(libc_a-mlock.o)
 .debug_frame   0x00001928      0x138 C:/ST/STM32CubeIDE_1.18.1/STM32CubeIDE/plugins/com.st.stm32cube.ide.mcu.externaltools.gnu-tools-for-stm32.13.3.rel1.win32_1.0.0.202411081344/tools/bin/../lib/gcc/arm-none-eabi/13.3.1/../../../../arm-none-eabi/lib/thumb/v6-m/nofp\libc_nano.a(libc_a-findfp.o)
 .debug_frame   0x00001a60       0x50 C:/ST/STM32CubeIDE_1.18.1/STM32CubeIDE/plugins/com.st.stm32cube.ide.mcu.externaltools.gnu-tools-for-stm32.13.3.rel1.win32_1.0.0.202411081344/tools/bin/../lib/gcc/arm-none-eabi/13.3.1/../../../../arm-none-eabi/lib/thumb/v6-m/nofp\libc_nano.a(libc_a-sprintf.o)
 .debug_frame   0x00001ab0       0x20 C:/ST/STM32CubeIDE_1.18.1/STM32CubeIDE/plugins/com.st.stm32cube.ide.mcu.externaltools.gnu-tools-for-stm32.13.3.rel1.win32_1.0.0.202411081344/tools/bin/../lib/gcc/arm-none-eabi/13.3.1/../../../../arm-none-eabi/lib/thumb/v6-m/nofp\libc_nano.a(libc_a-memset.o)
 .debug_frame   0x00001ad0       0x2c C:/ST/STM32CubeIDE_1.18.1/STM32CubeIDE/plugins/com.st.stm32cube.ide.mcu.externaltools.gnu-tools-for-stm32.13.3.rel1.win32_1.0.0.202411081344/tools/bin/../lib/gcc/arm-none-eabi/13.3.1/../../../../arm-none-eabi/lib/thumb/v6-m/nofp\libc_nano.a(libc_a-reent.o)
 .debug_frame   0x00001afc       0x2c C:/ST/STM32CubeIDE_1.18.1/STM32CubeIDE/plugins/com.st.stm32cube.ide.mcu.externaltools.gnu-tools-for-stm32.13.3.rel1.win32_1.0.0.202411081344/tools/bin/../lib/gcc/arm-none-eabi/13.3.1/../../../../arm-none-eabi/lib/thumb/v6-m/nofp\libc_nano.a(libc_a-sbrkr.o)
 .debug_frame   0x00001b28       0x20 C:/ST/STM32CubeIDE_1.18.1/STM32CubeIDE/plugins/com.st.stm32cube.ide.mcu.externaltools.gnu-tools-for-stm32.13.3.rel1.win32_1.0.0.202411081344/tools/bin/../lib/gcc/arm-none-eabi/13.3.1/../../../../arm-none-eabi/lib/thumb/v6-m/nofp\libc_nano.a(libc_a-errno.o)
 .debug_frame   0x00001b48       0x2c C:/ST/STM32CubeIDE_1.18.1/STM32CubeIDE/plugins/com.st.stm32cube.ide.mcu.externaltools.gnu-tools-for-stm32.13.3.rel1.win32_1.0.0.202411081344/tools/bin/../lib/gcc/arm-none-eabi/13.3.1/../../../../arm-none-eabi/lib/thumb/v6-m/nofp\libc_nano.a(libc_a-init.o)
 .debug_frame   0x00001b74       0xb0 C:/ST/STM32CubeIDE_1.18.1/STM32CubeIDE/plugins/com.st.stm32cube.ide.mcu.externaltools.gnu-tools-for-stm32.13.3.rel1.win32_1.0.0.202411081344/tools/bin/../lib/gcc/arm-none-eabi/13.3.1/../../../../arm-none-eabi/lib/thumb/v6-m/nofp\libc_nano.a(libc_a-lock.o)
 .debug_frame   0x00001c24       0x28 C:/ST/STM32CubeIDE_1.18.1/STM32CubeIDE/plugins/com.st.stm32cube.ide.mcu.externaltools.gnu-tools-for-stm32.13.3.rel1.win32_1.0.0.202411081344/tools/bin/../lib/gcc/arm-none-eabi/13.3.1/../../../../arm-none-eabi/lib/thumb/v6-m/nofp\libc_nano.a(libc_a-memcpy-stub.o)
 .debug_frame   0x00001c4c       0x2c C:/ST/STM32CubeIDE_1.18.1/STM32CubeIDE/plugins/com.st.stm32cube.ide.mcu.externaltools.gnu-tools-for-stm32.13.3.rel1.win32_1.0.0.202411081344/tools/bin/../lib/gcc/arm-none-eabi/13.3.1/../../../../arm-none-eabi/lib/thumb/v6-m/nofp\libc_nano.a(libc_a-freer.o)
 .debug_frame   0x00001c78       0x74 C:/ST/STM32CubeIDE_1.18.1/STM32CubeIDE/plugins/com.st.stm32cube.ide.mcu.externaltools.gnu-tools-for-stm32.13.3.rel1.win32_1.0.0.202411081344/tools/bin/../lib/gcc/arm-none-eabi/13.3.1/../../../../arm-none-eabi/lib/thumb/v6-m/nofp\libc_nano.a(libc_a-nano-svfprintf.o)
 .debug_frame   0x00001cec       0x54 C:/ST/STM32CubeIDE_1.18.1/STM32CubeIDE/plugins/com.st.stm32cube.ide.mcu.externaltools.gnu-tools-for-stm32.13.3.rel1.win32_1.0.0.202411081344/tools/bin/../lib/gcc/arm-none-eabi/13.3.1/../../../../arm-none-eabi/lib/thumb/v6-m/nofp\libc_nano.a(libc_a-nano-vfprintf_i.o)
 .debug_frame   0x00001d40       0x28 C:/ST/STM32CubeIDE_1.18.1/STM32CubeIDE/plugins/com.st.stm32cube.ide.mcu.externaltools.gnu-tools-for-stm32.13.3.rel1.win32_1.0.0.202411081344/tools/bin/../lib/gcc/arm-none-eabi/13.3.1/../../../../arm-none-eabi/lib/thumb/v6-m/nofp\libc_nano.a(libc_a-memmove.o)
 .debug_frame   0x00001d68       0x20 C:/ST/STM32CubeIDE_1.18.1/STM32CubeIDE/plugins/com.st.stm32cube.ide.mcu.externaltools.gnu-tools-for-stm32.13.3.rel1.win32_1.0.0.202411081344/tools/bin/../lib/gcc/arm-none-eabi/13.3.1/../../../../arm-none-eabi/lib/thumb/v6-m/nofp\libc_nano.a(libc_a-memchr-stub.o)
 .debug_frame   0x00001d88       0x34 C:/ST/STM32CubeIDE_1.18.1/STM32CubeIDE/plugins/com.st.stm32cube.ide.mcu.externaltools.gnu-tools-for-stm32.13.3.rel1.win32_1.0.0.202411081344/tools/bin/../lib/gcc/arm-none-eabi/13.3.1/../../../../arm-none-eabi/lib/thumb/v6-m/nofp\libc_nano.a(libc_a-reallocr.o)
 .debug_frame   0x00001dbc       0x20 C:/ST/STM32CubeIDE_1.18.1/STM32CubeIDE/plugins/com.st.stm32cube.ide.mcu.externaltools.gnu-tools-for-stm32.13.3.rel1.win32_1.0.0.202411081344/tools/bin/../lib/gcc/arm-none-eabi/13.3.1/../../../../arm-none-eabi/lib/thumb/v6-m/nofp\libc_nano.a(libc_a-msizer.o)
 .debug_frame   0x00001ddc       0x20 C:/ST/STM32CubeIDE_1.18.1/STM32CubeIDE/plugins/com.st.stm32cube.ide.mcu.externaltools.gnu-tools-for-stm32.13.3.rel1.win32_1.0.0.202411081344/tools/bin/../lib/gcc/arm-none-eabi/13.3.1/thumb/v6-m/nofp\libgcc.a(_udivsi3.o)

.debug_line_str
                0x00000000       0x48
 .debug_line_str
                0x00000000       0x48 ./Startup/startup_stm32g030k8tx.o
