../Ethernet/dhcp.c:254:6:default_ip_assign	8	static
../Ethernet/dhcp.c:262:6:default_ip_update	8	static
../Ethernet/dhcp.c:272:6:default_ip_conflict	8	static
../Ethernet/dhcp.c:281:6:reg_dhcp_cbfunc	24	static
../Ethernet/dhcp.c:292:6:makeDHCPMSG	24	static
../Ethernet/dhcp.c:351:6:send_DHCP_DISCOVER	32	static
../Ethernet/dhcp.c:414:6:send_DHCP_REQUEST	40	static
../Ethernet/dhcp.c:505:6:send_DHCP_DECLINE	40	static
../Ethernet/dhcp.c:565:8:parseDHCPMSG	48	static
../Ethernet/dhcp.c:666:9:DHCP_run	24	static
../Ethernet/dhcp.c:791:6:DHCP_stop	8	static
../Ethernet/dhcp.c:797:9:check_DHCP_timeout	16	static
../Ethernet/dhcp.c:850:8:check_DHCP_leasedIP	32	static
../Ethernet/dhcp.c:885:6:DHCP_init	32	static
../Ethernet/dhcp.c:916:6:reset_DHCP_timeout	8	static
../Ethernet/dhcp.c:923:6:DHCP_time_handler	8	static
../Ethernet/dhcp.c:928:6:getIPfromDHCP	16	static
../Ethernet/dhcp.c:936:6:getGWfromDHCP	16	static
../Ethernet/dhcp.c:944:6:getSNfromDHCP	16	static
../Ethernet/dhcp.c:952:6:getDNSfromDHCP	16	static
../Ethernet/dhcp.c:960:10:getDHCPLeasetime	8	static
