../Drivers/STM32G0xx_HAL_Driver/Inc/stm32g0xx_ll_rcc.h:1972:22:LL_RCC_SetI2CClockSource	16	static
../Drivers/STM32G0xx_HAL_Driver/Inc/stm32g0xx_ll_bus.h:467:22:LL_APB1_GRP1_EnableClock	24	static
../Drivers/STM32G0xx_HAL_Driver/Inc/stm32g0xx_ll_bus.h:1135:22:LL_IOP_GRP1_EnableClock	24	static
../Drivers/STM32G0xx_HAL_Driver/Inc/stm32g0xx_ll_i2c.h:644:22:LL_I2C_EnableClockStretching	16	static
../Drivers/STM32G0xx_HAL_Driver/Inc/stm32g0xx_ll_i2c.h:764:22:LL_I2C_DisableGeneralCall	16	static
../Drivers/STM32G0xx_HAL_Driver/Inc/stm32g0xx_ll_i2c.h:875:22:LL_I2C_SetOwnAddress2	24	static
../Drivers/STM32G0xx_HAL_Driver/Inc/stm32g0xx_ll_i2c.h:897:22:LL_I2C_DisableOwnAddress2	16	static
../Drivers/STM32G0xx_HAL_Driver/Inc/stm32g0xx_ll_i2c.h:1565:26:LL_I2C_IsActiveFlag_TXIS	16	static
../Drivers/STM32G0xx_HAL_Driver/Inc/stm32g0xx_ll_i2c.h:1578:26:LL_I2C_IsActiveFlag_RXNE	16	static
../Drivers/STM32G0xx_HAL_Driver/Inc/stm32g0xx_ll_i2c.h:1604:26:LL_I2C_IsActiveFlag_NACK	16	static
../Drivers/STM32G0xx_HAL_Driver/Inc/stm32g0xx_ll_i2c.h:1617:26:LL_I2C_IsActiveFlag_STOP	16	static
../Drivers/STM32G0xx_HAL_Driver/Inc/stm32g0xx_ll_i2c.h:1630:26:LL_I2C_IsActiveFlag_TC	16	static
../Drivers/STM32G0xx_HAL_Driver/Inc/stm32g0xx_ll_i2c.h:1763:22:LL_I2C_ClearFlag_NACK	16	static
../Drivers/STM32G0xx_HAL_Driver/Inc/stm32g0xx_ll_i2c.h:1774:22:LL_I2C_ClearFlag_STOP	16	static
../Drivers/STM32G0xx_HAL_Driver/Inc/stm32g0xx_ll_i2c.h:1879:22:LL_I2C_EnableAutoEndMode	16	static
../Drivers/STM32G0xx_HAL_Driver/Inc/stm32g0xx_ll_i2c.h:2001:22:LL_I2C_GenerateStopCondition	16	static
../Drivers/STM32G0xx_HAL_Driver/Inc/stm32g0xx_ll_i2c.h:2133:22:LL_I2C_HandleTransfer	24	static
../Drivers/STM32G0xx_HAL_Driver/Inc/stm32g0xx_ll_i2c.h:2218:25:LL_I2C_ReceiveData8	16	static
../Drivers/STM32G0xx_HAL_Driver/Inc/stm32g0xx_ll_i2c.h:2230:22:LL_I2C_TransmitData8	16	static
../Source/peripherals_driver/drv_i2c.c:34:6:I2C1_Init	72	static
../Source/peripherals_driver/drv_i2c.c:86:6:I2C1_WriteByte	32	static
../Source/peripherals_driver/drv_i2c.c:103:9:I2C1_ReadByte	40	static
../Source/peripherals_driver/drv_i2c.c:145:6:I2C1_WriteBuf	32	static
../Source/peripherals_driver/drv_i2c.c:158:6:I2C1_Scan	24	static
../Source/peripherals_driver/drv_i2c.c:189:9:I2C1_IsDeviceReady	32	static
../Source/peripherals_driver/drv_i2c.c:207:6:I2C1_Scan1	16	static
